Archive member included to satisfy reference by file (symbol)

/usr/lib/gcc/arm-none-eabi/10.3.1/thumb/v6-m/nofp/libgcc.a(_dvmd_tls.o)
                              CMakeFiles/pico-pwm-audio.dir/home/vboxuser/raspberry-pi-pico/pico/pico-sdk/src/rp2_common/pico_divider/divider.S.obj (__aeabi_idiv0)
/usr/lib/gcc/arm-none-eabi/10.3.1/../../../arm-none-eabi/lib/thumb/v6-m/nofp/libg.a(lib_a-atexit.o)
                              /usr/lib/gcc/arm-none-eabi/10.3.1/../../../arm-none-eabi/lib/thumb/v6-m/nofp/crt0.o (atexit)
/usr/lib/gcc/arm-none-eabi/10.3.1/../../../arm-none-eabi/lib/thumb/v6-m/nofp/libg.a(lib_a-calloc.o)
                              CMakeFiles/pico-pwm-audio.dir/home/vboxuser/raspberry-pi-pico/pico/pico-sdk/src/rp2_common/pico_malloc/pico_malloc.c.obj (calloc)
/usr/lib/gcc/arm-none-eabi/10.3.1/../../../arm-none-eabi/lib/thumb/v6-m/nofp/libg.a(lib_a-callocr.o)
                              /usr/lib/gcc/arm-none-eabi/10.3.1/../../../arm-none-eabi/lib/thumb/v6-m/nofp/libg.a(lib_a-calloc.o) (_calloc_r)
/usr/lib/gcc/arm-none-eabi/10.3.1/../../../arm-none-eabi/lib/thumb/v6-m/nofp/libg.a(lib_a-fini.o)
                              /usr/lib/gcc/arm-none-eabi/10.3.1/../../../arm-none-eabi/lib/thumb/v6-m/nofp/crt0.o (__libc_fini_array)
/usr/lib/gcc/arm-none-eabi/10.3.1/../../../arm-none-eabi/lib/thumb/v6-m/nofp/libg.a(lib_a-impure.o)
                              /usr/lib/gcc/arm-none-eabi/10.3.1/../../../arm-none-eabi/lib/thumb/v6-m/nofp/libg.a(lib_a-calloc.o) (_impure_ptr)
/usr/lib/gcc/arm-none-eabi/10.3.1/../../../arm-none-eabi/lib/thumb/v6-m/nofp/libg.a(lib_a-init.o)
                              /usr/lib/gcc/arm-none-eabi/10.3.1/../../../arm-none-eabi/lib/thumb/v6-m/nofp/crt0.o (__libc_init_array)
/usr/lib/gcc/arm-none-eabi/10.3.1/../../../arm-none-eabi/lib/thumb/v6-m/nofp/libg.a(lib_a-malloc.o)
                              CMakeFiles/pico-pwm-audio.dir/home/vboxuser/raspberry-pi-pico/pico/pico-sdk/src/rp2_common/pico_malloc/pico_malloc.c.obj (malloc)
/usr/lib/gcc/arm-none-eabi/10.3.1/../../../arm-none-eabi/lib/thumb/v6-m/nofp/libg.a(lib_a-mallocr.o)
                              /usr/lib/gcc/arm-none-eabi/10.3.1/../../../arm-none-eabi/lib/thumb/v6-m/nofp/libg.a(lib_a-callocr.o) (_malloc_r)
/usr/lib/gcc/arm-none-eabi/10.3.1/../../../arm-none-eabi/lib/thumb/v6-m/nofp/libg.a(lib_a-mlock.o)
                              /usr/lib/gcc/arm-none-eabi/10.3.1/../../../arm-none-eabi/lib/thumb/v6-m/nofp/libg.a(lib_a-mallocr.o) (__malloc_lock)
/usr/lib/gcc/arm-none-eabi/10.3.1/../../../arm-none-eabi/lib/thumb/v6-m/nofp/libg.a(lib_a-realloc.o)
                              CMakeFiles/pico-pwm-audio.dir/home/vboxuser/raspberry-pi-pico/pico/pico-sdk/src/rp2_common/pico_malloc/pico_malloc.c.obj (realloc)
/usr/lib/gcc/arm-none-eabi/10.3.1/../../../arm-none-eabi/lib/thumb/v6-m/nofp/libg.a(lib_a-reallocr.o)
                              /usr/lib/gcc/arm-none-eabi/10.3.1/../../../arm-none-eabi/lib/thumb/v6-m/nofp/libg.a(lib_a-realloc.o) (_realloc_r)
/usr/lib/gcc/arm-none-eabi/10.3.1/../../../arm-none-eabi/lib/thumb/v6-m/nofp/libg.a(lib_a-sbrkr.o)
                              /usr/lib/gcc/arm-none-eabi/10.3.1/../../../arm-none-eabi/lib/thumb/v6-m/nofp/libg.a(lib_a-mallocr.o) (_sbrk_r)
/usr/lib/gcc/arm-none-eabi/10.3.1/../../../arm-none-eabi/lib/thumb/v6-m/nofp/libg.a(lib_a-strlen-stub.o)
                              CMakeFiles/pico-pwm-audio.dir/home/vboxuser/raspberry-pi-pico/pico/pico-sdk/src/rp2_common/pico_stdio/stdio.c.obj (strlen)
/usr/lib/gcc/arm-none-eabi/10.3.1/../../../arm-none-eabi/lib/thumb/v6-m/nofp/libg.a(lib_a-__atexit.o)
                              /usr/lib/gcc/arm-none-eabi/10.3.1/../../../arm-none-eabi/lib/thumb/v6-m/nofp/libg.a(lib_a-atexit.o) (__register_exitproc)
/usr/lib/gcc/arm-none-eabi/10.3.1/../../../arm-none-eabi/lib/thumb/v6-m/nofp/libg.a(lib_a-freer.o)
                              /usr/lib/gcc/arm-none-eabi/10.3.1/../../../arm-none-eabi/lib/thumb/v6-m/nofp/libg.a(lib_a-malloc.o) (_free_r)
/usr/lib/gcc/arm-none-eabi/10.3.1/../../../arm-none-eabi/lib/thumb/v6-m/nofp/libg.a(lib_a-memmove.o)
                              /usr/lib/gcc/arm-none-eabi/10.3.1/../../../arm-none-eabi/lib/thumb/v6-m/nofp/libg.a(lib_a-reallocr.o) (memmove)
/usr/lib/gcc/arm-none-eabi/10.3.1/../../../arm-none-eabi/lib/thumb/v6-m/nofp/libg.a(lib_a-reent.o)
                              /usr/lib/gcc/arm-none-eabi/10.3.1/../../../arm-none-eabi/lib/thumb/v6-m/nofp/libg.a(lib_a-sbrkr.o) (errno)

Discarded input sections

 .text          0x0000000000000000        0x0 /usr/lib/gcc/arm-none-eabi/10.3.1/thumb/v6-m/nofp/crti.o
 .data          0x0000000000000000        0x0 /usr/lib/gcc/arm-none-eabi/10.3.1/thumb/v6-m/nofp/crti.o
 .bss           0x0000000000000000        0x0 /usr/lib/gcc/arm-none-eabi/10.3.1/thumb/v6-m/nofp/crti.o
 .data          0x0000000000000000        0x4 /usr/lib/gcc/arm-none-eabi/10.3.1/thumb/v6-m/nofp/crtbegin.o
[...]
Memory Configuration

Name             Origin             Length             Attributes
FLASH            0x0000000010000000 0x0000000000200000 xr
RAM              0x0000000020000000 0x0000000000040000 xrw
SCRATCH_X        0x0000000020040000 0x0000000000001000 xrw
SCRATCH_Y        0x0000000020041000 0x0000000000001000 xrw
*default*        0x0000000000000000 0xffffffffffffffff

Linker script and memory map

LOAD /usr/lib/gcc/arm-none-eabi/10.3.1/thumb/v6-m/nofp/crti.o
LOAD /usr/lib/gcc/arm-none-eabi/10.3.1/thumb/v6-m/nofp/crtbegin.o
LOAD /usr/lib/gcc/arm-none-eabi/10.3.1/../../../arm-none-eabi/lib/thumb/v6-m/nofp/crt0.o

.flash_begin    0x0000000010000000        0x0
                0x0000000010000000                __flash_binary_start = .

.boot2          0x0000000010000000      0x100
                0x0000000010000000                __boot2_start__ = .
 *(.boot2)
 .boot2         0x0000000010000000      0x100 /tmp/ccns83WX.o
                0x0000000010000100                __boot2_end__ = .
                0x0000000000000001                ASSERT (((__boot2_end__ - __boot2_start__) == 0x100), ERROR: Pico second stage bootloader must be 256 bytes in size)

.text           0x0000000010000100     0x4218
                0x0000000010000100                __logical_binary_start = .
 *(.vectors)
 .vectors       0x0000000010000100       0xd4 CMakeFiles/pico-pwm-audio.dir/home/vboxuser/raspberry-pi-pico/pico/pico-sdk/src/rp2_common/pico_standard_link/crt0.S.obj
                0x0000000010000100                __vectors
                0x0000000010000100                __VECTOR_TABLE
                0x00000000100001c0                isr_invalid
                0x00000000100001c0                __default_isrs_start
                0x00000000100001c2                isr_nmi
                0x00000000100001c4                isr_hardfault
                0x00000000100001c6                isr_svcall
                0x00000000100001c8                isr_pendsv
                0x00000000100001ca                isr_systick
                0x00000000100001cc                isr_irq30
                0x00000000100001cc                __unhandled_user_irq
                0x00000000100001cc                isr_irq13
                0x00000000100001cc                isr_irq27
                0x00000000100001cc                isr_irq31
                0x00000000100001cc                isr_irq5
                0x00000000100001cc                isr_irq11
                0x00000000100001cc                isr_irq23
                0x00000000100001cc                isr_irq18
                0x00000000100001cc                isr_irq28
                0x00000000100001cc                isr_irq19
                0x00000000100001cc                isr_irq0
                0x00000000100001cc                isr_irq6
                0x00000000100001cc                isr_irq22
                0x00000000100001cc                isr_irq17
                0x00000000100001cc                isr_irq14
                0x00000000100001cc                isr_irq2
                0x00000000100001cc                isr_irq10
                0x00000000100001cc                isr_irq8
                0x00000000100001cc                isr_irq24
                0x00000000100001cc                isr_irq1
                0x00000000100001cc                isr_irq7
                0x00000000100001cc                isr_irq21
                0x00000000100001cc                isr_irq20
                0x00000000100001cc                isr_irq15
                0x00000000100001cc                isr_irq25
                0x00000000100001cc                isr_irq4
                0x00000000100001cc                isr_irq16
                0x00000000100001cc                isr_irq29
                0x00000000100001cc                isr_irq26
                0x00000000100001cc                __default_isrs_end
                0x00000000100001cc                isr_irq3
                0x00000000100001cc                isr_irq12
                0x00000000100001cc                isr_irq9
                0x00000000100001d2                unhandled_user_irq_num_in_r0
 *(.binary_info_header)
 .binary_info_header
                0x00000000100001d4       0x14 CMakeFiles/pico-pwm-audio.dir/home/vboxuser/raspberry-pi-pico/pico/pico-sdk/src/rp2_common/pico_standard_link/crt0.S.obj
                0x00000000100001e8                __binary_info_header_end = .
 *(.reset)
 .reset         0x00000000100001e8       0xa8 CMakeFiles/pico-pwm-audio.dir/home/vboxuser/raspberry-pi-pico/pico/pico-sdk/src/rp2_common/pico_standard_link/crt0.S.obj
                0x00000000100001e8                _entry_point
                0x0000000010000266                __get_current_exception
 .reset         0x0000000010000290       0x30 CMakeFiles/pico-pwm-audio.dir/home/vboxuser/raspberry-pi-pico/pico/pico-sdk/src/rp2_common/pico_standard_link/binary_info.c.obj
 *(.init)
 .init          0x00000000100002c0        0x4 /usr/lib/gcc/arm-none-eabi/10.3.1/thumb/v6-m/nofp/crti.o
                0x00000000100002c0                _init
 *(EXCLUDE_FILE(*libm.a: *libc.a:*lib_a-mem*.o *libgcc.a:) .text*)
 .text          0x00000000100002c4       0x98 /usr/lib/gcc/arm-none-eabi/10.3.1/thumb/v6-m/nofp/crtbegin.o
 .text.clockDivChnage
                0x000000001000035c       0x18 CMakeFiles/pico-pwm-audio.dir/pico-pwm-audio.c.obj
                0x000000001000035c                clockDivChnage
 .text.pwm_interrupt_handler
                0x0000000010000374       0xb8 CMakeFiles/pico-pwm-audio.dir/pico-pwm-audio.c.obj
                0x0000000010000374                pwm_interrupt_handler
 .text.main     0x000000001000042c       0xcc CMakeFiles/pico-pwm-audio.dir/pico-pwm-audio.c.obj
                0x000000001000042c                main
 .text.set_sys_clock_pll
                0x00000000100004f8       0x78 CMakeFiles/pico-pwm-audio.dir/home/vboxuser/raspberry-pi-pico/pico/pico-sdk/src/rp2_common/pico_stdlib/stdlib.c.obj
                0x00000000100004f8                set_sys_clock_pll
 .text.check_sys_clock_khz
                0x0000000010000570       0xb0 CMakeFiles/pico-pwm-audio.dir/home/vboxuser/raspberry-pi-pico/pico/pico-sdk/src/rp2_common/pico_stdlib/stdlib.c.obj
                0x0000000010000570                check_sys_clock_khz
 .text.gpio_set_function
                0x0000000010000620       0x30 CMakeFiles/pico-pwm-audio.dir/home/vboxuser/raspberry-pi-pico/pico/pico-sdk/src/rp2_common/hardware_gpio/gpio.c.obj
                0x0000000010000620                gpio_set_function
 .text.hw_claim_lock
                0x0000000010000650       0x18 CMakeFiles/pico-pwm-audio.dir/home/vboxuser/raspberry-pi-pico/pico/pico-sdk/src/rp2_common/hardware_claim/claim.c.obj
                0x0000000010000650                hw_claim_lock
 .text.hw_claim_unlock
                0x0000000010000668       0x14 CMakeFiles/pico-pwm-audio.dir/home/vboxuser/raspberry-pi-pico/pico/pico-sdk/src/rp2_common/hardware_claim/claim.c.obj
                0x0000000010000668                hw_claim_unlock
 .text.hw_claim_or_assert
                0x000000001000067c       0x32 CMakeFiles/pico-pwm-audio.dir/home/vboxuser/raspberry-pi-pico/pico/pico-sdk/src/rp2_common/hardware_claim/claim.c.obj
                0x000000001000067c                hw_claim_or_assert
 *fill*         0x00000000100006ae        0x2 
 .text.running_on_fpga
                0x00000000100006b0       0x14 CMakeFiles/pico-pwm-audio.dir/home/vboxuser/raspberry-pi-pico/pico/pico-sdk/src/rp2_common/pico_platform/platform.c.obj
                0x00000000100006b0                running_on_fpga
 .text.spin_locks_reset
                0x00000000100006c4       0x20 CMakeFiles/pico-pwm-audio.dir/home/vboxuser/raspberry-pi-pico/pico/pico-sdk/src/rp2_common/hardware_sync/sync.c.obj
                0x00000000100006c4                spin_locks_reset
 .text.next_striped_spin_lock_num
                0x00000000100006e4       0x1c CMakeFiles/pico-pwm-audio.dir/home/vboxuser/raspberry-pi-pico/pico/pico-sdk/src/rp2_common/hardware_sync/sync.c.obj
                0x00000000100006e4                next_striped_spin_lock_num
 .text.set_raw_irq_handler_and_unlock
                0x0000000010000700       0x28 CMakeFiles/pico-pwm-audio.dir/home/vboxuser/raspberry-pi-pico/pico/pico-sdk/src/rp2_common/hardware_irq/irq.c.obj
 .text.make_branch
                0x0000000010000728       0x48 CMakeFiles/pico-pwm-audio.dir/home/vboxuser/raspberry-pi-pico/pico/pico-sdk/src/rp2_common/hardware_irq/irq.c.obj
 .text.insert_branch_and_link
                0x0000000010000770       0x40 CMakeFiles/pico-pwm-audio.dir/home/vboxuser/raspberry-pi-pico/pico/pico-sdk/src/rp2_common/hardware_irq/irq.c.obj
 .text.irq_is_enabled
                0x00000000100007b0       0x18 CMakeFiles/pico-pwm-audio.dir/home/vboxuser/raspberry-pi-pico/pico/pico-sdk/src/rp2_common/hardware_irq/irq.c.obj
                0x00000000100007b0                irq_is_enabled
 .text.irq_set_mask_enabled
                0x00000000100007c8       0x20 CMakeFiles/pico-pwm-audio.dir/home/vboxuser/raspberry-pi-pico/pico/pico-sdk/src/rp2_common/hardware_irq/irq.c.obj
                0x00000000100007c8                irq_set_mask_enabled
 .text.irq_set_enabled
                0x00000000100007e8        0xe CMakeFiles/pico-pwm-audio.dir/home/vboxuser/raspberry-pi-pico/pico/pico-sdk/src/rp2_common/hardware_irq/irq.c.obj
                0x00000000100007e8                irq_set_enabled
 *fill*         0x00000000100007f6        0x2 
 .text.irq_get_vtable_handler
                0x00000000100007f8       0x10 CMakeFiles/pico-pwm-audio.dir/home/vboxuser/raspberry-pi-pico/pico/pico-sdk/src/rp2_common/hardware_irq/irq.c.obj
                0x00000000100007f8                irq_get_vtable_handler
 .text.irq_set_exclusive_handler
                0x0000000010000808       0x54 CMakeFiles/pico-pwm-audio.dir/home/vboxuser/raspberry-pi-pico/pico/pico-sdk/src/rp2_common/hardware_irq/irq.c.obj
                0x0000000010000808                irq_set_exclusive_handler
 .text.irq_remove_handler
                0x000000001000085c      0x1a8 CMakeFiles/pico-pwm-audio.dir/home/vboxuser/raspberry-pi-pico/pico/pico-sdk/src/rp2_common/hardware_irq/irq.c.obj
                0x000000001000085c                irq_remove_handler
 .text.irq_add_tail_to_free_list
                0x0000000010000a04       0xf0 CMakeFiles/pico-pwm-audio.dir/home/vboxuser/raspberry-pi-pico/pico/pico-sdk/src/rp2_common/hardware_irq/irq.c.obj
                0x0000000010000a04                irq_add_tail_to_free_list
 .text.irq_init_priorities
                0x0000000010000af4       0x1c CMakeFiles/pico-pwm-audio.dir/home/vboxuser/raspberry-pi-pico/pico/pico-sdk/src/rp2_common/hardware_irq/irq.c.obj
                0x0000000010000af4                irq_init_priorities
 .text.lock_init
                0x0000000010000b10       0x10 CMakeFiles/pico-pwm-audio.dir/home/vboxuser/raspberry-pi-pico/pico/pico-sdk/src/common/pico_sync/lock_core.c.obj
                0x0000000010000b10                lock_init
 .text.alarm_pool_post_alloc_init
                0x0000000010000b20       0x40 CMakeFiles/pico-pwm-audio.dir/home/vboxuser/raspberry-pi-pico/pico/pico-sdk/src/common/pico_time/time.c.obj
 .text.timer_pool_entry_comparator
                0x0000000010000b60       0x7c CMakeFiles/pico-pwm-audio.dir/home/vboxuser/raspberry-pi-pico/pico/pico-sdk/src/common/pico_time/time.c.obj
                0x0000000010000b60                timer_pool_entry_comparator
 .text.ph_add_child_node
                0x0000000010000bdc       0xa4 CMakeFiles/pico-pwm-audio.dir/home/vboxuser/raspberry-pi-pico/pico/pico-sdk/src/common/pico_time/time.c.obj
 .text.ph_merge_nodes
                0x0000000010000c80       0x3e CMakeFiles/pico-pwm-audio.dir/home/vboxuser/raspberry-pi-pico/pico/pico-sdk/src/common/pico_time/time.c.obj
 *fill*         0x0000000010000cbe        0x2 
 .text.add_alarm_under_lock
                0x0000000010000cc0      0x174 CMakeFiles/pico-pwm-audio.dir/home/vboxuser/raspberry-pi-pico/pico/pico-sdk/src/common/pico_time/time.c.obj
 .text.alarm_pool_alarm_callback
                0x0000000010000e34      0x328 CMakeFiles/pico-pwm-audio.dir/home/vboxuser/raspberry-pi-pico/pico/pico-sdk/src/common/pico_time/time.c.obj
 .text.alarm_pool_init_default
                0x000000001000115c       0x38 CMakeFiles/pico-pwm-audio.dir/home/vboxuser/raspberry-pi-pico/pico/pico-sdk/src/common/pico_time/time.c.obj
                0x000000001000115c                alarm_pool_init_default
 .text.hardware_alarm_irq_handler
                0x0000000010001194       0x8c CMakeFiles/pico-pwm-audio.dir/home/vboxuser/raspberry-pi-pico/pico/pico-sdk/src/rp2_common/hardware_timer/timer.c.obj
 .text.hardware_alarm_claim
                0x0000000010001220       0x18 CMakeFiles/pico-pwm-audio.dir/home/vboxuser/raspberry-pi-pico/pico/pico-sdk/src/rp2_common/hardware_timer/timer.c.obj
                0x0000000010001220                hardware_alarm_claim
 .text.time_us_64
                0x0000000010001238       0x18 CMakeFiles/pico-pwm-audio.dir/home/vboxuser/raspberry-pi-pico/pico/pico-sdk/src/rp2_common/hardware_timer/timer.c.obj
                0x0000000010001238                time_us_64
 .text.hardware_alarm_set_callback
                0x0000000010001250       0x90 CMakeFiles/pico-pwm-audio.dir/home/vboxuser/raspberry-pi-pico/pico/pico-sdk/src/rp2_common/hardware_timer/timer.c.obj
                0x0000000010001250                hardware_alarm_set_callback
 .text.hardware_alarm_set_target
                0x00000000100012e0       0xe8 CMakeFiles/pico-pwm-audio.dir/home/vboxuser/raspberry-pi-pico/pico/pico-sdk/src/rp2_common/hardware_timer/timer.c.obj
                0x00000000100012e0                hardware_alarm_set_target
 .text.hardware_alarm_cancel
                0x00000000100013c8       0x40 CMakeFiles/pico-pwm-audio.dir/home/vboxuser/raspberry-pi-pico/pico/pico-sdk/src/rp2_common/hardware_timer/timer.c.obj
                0x00000000100013c8                hardware_alarm_cancel
 .text.ph_add_child_node
                0x0000000010001408       0xa4 CMakeFiles/pico-pwm-audio.dir/home/vboxuser/raspberry-pi-pico/pico/pico-sdk/src/common/pico_util/pheap.c.obj
 .text.ph_merge_nodes
                0x00000000100014ac       0x3e CMakeFiles/pico-pwm-audio.dir/home/vboxuser/raspberry-pi-pico/pico/pico-sdk/src/common/pico_util/pheap.c.obj
 *fill*         0x00000000100014ea        0x2 
 .text.ph_clear
                0x00000000100014ec       0x70 CMakeFiles/pico-pwm-audio.dir/home/vboxuser/raspberry-pi-pico/pico/pico-sdk/src/common/pico_util/pheap.c.obj
                0x00000000100014ec                ph_clear
 .text.ph_post_alloc_init
                0x000000001000155c        0xe CMakeFiles/pico-pwm-audio.dir/home/vboxuser/raspberry-pi-pico/pico/pico-sdk/src/common/pico_util/pheap.c.obj
                0x000000001000155c                ph_post_alloc_init
 *fill*         0x000000001000156a        0x2 
 .text.ph_merge_two_pass
                0x000000001000156c       0xa8 CMakeFiles/pico-pwm-audio.dir/home/vboxuser/raspberry-pi-pico/pico/pico-sdk/src/common/pico_util/pheap.c.obj
                0x000000001000156c                ph_merge_two_pass
 .text.ph_remove_any_head
                0x0000000010001614      0x108 CMakeFiles/pico-pwm-audio.dir/home/vboxuser/raspberry-pi-pico/pico/pico-sdk/src/common/pico_util/pheap.c.obj
 .text.ph_remove_head
                0x000000001000171c       0x14 CMakeFiles/pico-pwm-audio.dir/home/vboxuser/raspberry-pi-pico/pico/pico-sdk/src/common/pico_util/pheap.c.obj
                0x000000001000171c                ph_remove_head
 .text.ph_remove_and_free_node
                0x0000000010001730       0xf8 CMakeFiles/pico-pwm-audio.dir/home/vboxuser/raspberry-pi-pico/pico/pico-sdk/src/common/pico_util/pheap.c.obj
                0x0000000010001730                ph_remove_and_free_node
 .text.mutex_init
                0x0000000010001828       0x1a CMakeFiles/pico-pwm-audio.dir/home/vboxuser/raspberry-pi-pico/pico/pico-sdk/src/common/pico_sync/mutex.c.obj
                0x0000000010001828                mutex_init
 .text.recursive_mutex_init
                0x0000000010001842       0x1e CMakeFiles/pico-pwm-audio.dir/home/vboxuser/raspberry-pi-pico/pico/pico-sdk/src/common/pico_sync/mutex.c.obj
                0x0000000010001842                recursive_mutex_init
 .text.uart_set_baudrate
                0x0000000010001860       0x5c CMakeFiles/pico-pwm-audio.dir/home/vboxuser/raspberry-pi-pico/pico/pico-sdk/src/rp2_common/hardware_uart/uart.c.obj
                0x0000000010001860                uart_set_baudrate
 .text.uart_set_translate_crlf
                0x00000000100018bc       0x28 CMakeFiles/pico-pwm-audio.dir/home/vboxuser/raspberry-pi-pico/pico/pico-sdk/src/rp2_common/hardware_uart/uart.c.obj
                0x00000000100018bc                uart_set_translate_crlf
 .text.uart_init
                0x00000000100018e4       0x80 CMakeFiles/pico-pwm-audio.dir/home/vboxuser/raspberry-pi-pico/pico/pico-sdk/src/rp2_common/hardware_uart/uart.c.obj
                0x00000000100018e4                uart_init
 .text._exit    0x0000000010001964        0x4 CMakeFiles/pico-pwm-audio.dir/home/vboxuser/raspberry-pi-pico/pico/pico-sdk/src/rp2_common/pico_runtime/runtime.c.obj
                0x0000000010001964                _exit
 .text.exit     0x0000000010001968        0x6 CMakeFiles/pico-pwm-audio.dir/home/vboxuser/raspberry-pi-pico/pico/pico-sdk/src/rp2_common/pico_runtime/runtime.c.obj
                0x0000000010001968                exit
 *fill*         0x000000001000196e        0x2 
 .text.__assert_func
                0x0000000010001970       0x3c CMakeFiles/pico-pwm-audio.dir/home/vboxuser/raspberry-pi-pico/pico/pico-sdk/src/rp2_common/pico_runtime/runtime.c.obj
                0x0000000010001970                __assert_func
 .text.runtime_init
                0x00000000100019ac       0xf8 CMakeFiles/pico-pwm-audio.dir/home/vboxuser/raspberry-pi-pico/pico/pico-sdk/src/rp2_common/pico_runtime/runtime.c.obj
                0x00000000100019ac                runtime_init
 .text.panic    0x0000000010001aa4       0x30 CMakeFiles/pico-pwm-audio.dir/home/vboxuser/raspberry-pi-pico/pico/pico-sdk/src/rp2_common/pico_runtime/runtime.c.obj
                0x0000000010001aa4                panic
 .text.clock_configure
                0x0000000010001ad4      0x104 CMakeFiles/pico-pwm-audio.dir/home/vboxuser/raspberry-pi-pico/pico/pico-sdk/src/rp2_common/hardware_clocks/clocks.c.obj
                0x0000000010001ad4                clock_configure
 .text.clocks_init
                0x0000000010001bd8      0x100 CMakeFiles/pico-pwm-audio.dir/home/vboxuser/raspberry-pi-pico/pico/pico-sdk/src/rp2_common/hardware_clocks/clocks.c.obj
                0x0000000010001bd8                clocks_init
 .text.clock_get_hz
                0x0000000010001cd8        0xc CMakeFiles/pico-pwm-audio.dir/home/vboxuser/raspberry-pi-pico/pico/pico-sdk/src/rp2_common/hardware_clocks/clocks.c.obj
                0x0000000010001cd8                clock_get_hz
 .text.pll_init
                0x0000000010001ce4      0x140 CMakeFiles/pico-pwm-audio.dir/home/vboxuser/raspberry-pi-pico/pico/pico-sdk/src/rp2_common/hardware_pll/pll.c.obj
                0x0000000010001ce4                pll_init
 .text.watchdog_start_tick
                0x0000000010001e24       0x10 CMakeFiles/pico-pwm-audio.dir/home/vboxuser/raspberry-pi-pico/pico/pico-sdk/src/rp2_common/hardware_watchdog/watchdog.c.obj
                0x0000000010001e24                watchdog_start_tick
 .text.xosc_init
                0x0000000010001e34       0x28 CMakeFiles/pico-pwm-audio.dir/home/vboxuser/raspberry-pi-pico/pico/pico-sdk/src/rp2_common/hardware_xosc/xosc.c.obj
                0x0000000010001e34                xosc_init
 .text._out_null
                0x0000000010001e5c        0x2 CMakeFiles/pico-pwm-audio.dir/home/vboxuser/raspberry-pi-pico/pico/pico-sdk/src/rp2_common/pico_printf/printf.c.obj
 .text._out_fct
                0x0000000010001e5e        0xe CMakeFiles/pico-pwm-audio.dir/home/vboxuser/raspberry-pi-pico/pico/pico-sdk/src/rp2_common/pico_printf/printf.c.obj
 .text._atoi    0x0000000010001e6c       0x24 CMakeFiles/pico-pwm-audio.dir/home/vboxuser/raspberry-pi-pico/pico/pico-sdk/src/rp2_common/pico_printf/printf.c.obj
 .text._out_rev
                0x0000000010001e90       0xae CMakeFiles/pico-pwm-audio.dir/home/vboxuser/raspberry-pi-pico/pico/pico-sdk/src/rp2_common/pico_printf/printf.c.obj
 .text._ntoa_format
                0x0000000010001f3e      0x112 CMakeFiles/pico-pwm-audio.dir/home/vboxuser/raspberry-pi-pico/pico/pico-sdk/src/rp2_common/pico_printf/printf.c.obj
 .text._ntoa_long
                0x0000000010002050       0xbc CMakeFiles/pico-pwm-audio.dir/home/vboxuser/raspberry-pi-pico/pico/pico-sdk/src/rp2_common/pico_printf/printf.c.obj
 .text._ntoa_long_long
                0x000000001000210c       0xe2 CMakeFiles/pico-pwm-audio.dir/home/vboxuser/raspberry-pi-pico/pico/pico-sdk/src/rp2_common/pico_printf/printf.c.obj
 *fill*         0x00000000100021ee        0x2 
 .text._etoa    0x00000000100021f0      0x414 CMakeFiles/pico-pwm-audio.dir/home/vboxuser/raspberry-pi-pico/pico/pico-sdk/src/rp2_common/pico_printf/printf.c.obj
 .text._ftoa    0x0000000010002604      0x354 CMakeFiles/pico-pwm-audio.dir/home/vboxuser/raspberry-pi-pico/pico/pico-sdk/src/rp2_common/pico_printf/printf.c.obj
 .text._vsnprintf
                0x0000000010002958      0x624 CMakeFiles/pico-pwm-audio.dir/home/vboxuser/raspberry-pi-pico/pico/pico-sdk/src/rp2_common/pico_printf/printf.c.obj
 .text.vfctprintf
                0x0000000010002f7c       0x20 CMakeFiles/pico-pwm-audio.dir/home/vboxuser/raspberry-pi-pico/pico/pico-sdk/src/rp2_common/pico_printf/printf.c.obj
                0x0000000010002f7c                vfctprintf
 .text          0x0000000010002f9c       0x10 CMakeFiles/pico-pwm-audio.dir/home/vboxuser/raspberry-pi-pico/pico/pico-sdk/src/rp2_common/pico_bit_ops/bit_ops_aeabi.S.obj
 .text.rom_func_lookup
                0x0000000010002fac       0x10 CMakeFiles/pico-pwm-audio.dir/home/vboxuser/raspberry-pi-pico/pico/pico-sdk/src/rp2_common/pico_bootrom/bootrom.c.obj
                0x0000000010002fac                rom_func_lookup
 .text.rom_data_lookup
                0x0000000010002fbc       0x10 CMakeFiles/pico-pwm-audio.dir/home/vboxuser/raspberry-pi-pico/pico/pico-sdk/src/rp2_common/pico_bootrom/bootrom.c.obj
                0x0000000010002fbc                rom_data_lookup
 .text.rom_funcs_lookup
                0x0000000010002fcc       0x36 CMakeFiles/pico-pwm-audio.dir/home/vboxuser/raspberry-pi-pico/pico/pico-sdk/src/rp2_common/pico_bootrom/bootrom.c.obj
                0x0000000010002fcc                rom_funcs_lookup
 *fill*         0x0000000010003002        0x2 
 .text.__wrap___aeabi_idiv
                0x0000000010003004       0x50 CMakeFiles/pico-pwm-audio.dir/home/vboxuser/raspberry-pi-pico/pico/pico-sdk/src/rp2_common/pico_divider/divider.S.obj
                0x0000000010003004                __wrap___aeabi_idivmod
                0x0000000010003004                divmod_s32s32
                0x0000000010003004                div_s32s32
                0x0000000010003004                __wrap___aeabi_idiv
                0x000000001000300c                divmod_s32s32_unsafe
                0x0000000010003038                divmod_s32s32_savestate
 .text.__wrap___aeabi_uidiv
                0x0000000010003054       0x4c CMakeFiles/pico-pwm-audio.dir/home/vboxuser/raspberry-pi-pico/pico/pico-sdk/src/rp2_common/pico_divider/divider.S.obj
                0x0000000010003054                __wrap___aeabi_uidiv
                0x0000000010003054                __wrap___aeabi_uidivmod
                0x0000000010003054                div_u32u32
                0x0000000010003054                divmod_u32u32
                0x000000001000305c                divmod_u32u32_unsafe
                0x0000000010003084                divmod_u32u32_savestate
 .text.__wrap___aeabi_ldiv
                0x00000000100030a0      0x434 CMakeFiles/pico-pwm-audio.dir/home/vboxuser/raspberry-pi-pico/pico/pico-sdk/src/rp2_common/pico_divider/divider.S.obj
                0x00000000100030a0                div_s64s64
                0x00000000100030a0                divmod_s64s64
                0x00000000100030a0                __wrap___aeabi_ldivmod
                0x00000000100030d8                div_u64u64
                0x00000000100030d8                divmod_u64u64
                0x00000000100030d8                __wrap___aeabi_uldivmod
                0x00000000100030e8                divmod_u64u64_savestate
                0x0000000010003110                divmod_s64s64_unsafe
                0x0000000010003198                divmod_u64u64_unsafe
 .text.__wrap___aeabi_darithmetic
                0x00000000100034d4       0x80 CMakeFiles/pico-pwm-audio.dir/home/vboxuser/raspberry-pi-pico/pico/pico-sdk/src/rp2_common/pico_double/double_aeabi.S.obj
                0x00000000100034d4                __wrap___aeabi_drsub
                0x00000000100034da                __wrap___aeabi_dsub
                0x00000000100034ec                __wrap___aeabi_dadd
                0x00000000100034fe                __wrap___aeabi_ddiv
                0x000000001000353a                __wrap___aeabi_dmul
 .text.__wrap___aeabi_cdcmple
                0x0000000010003554       0x6c CMakeFiles/pico-pwm-audio.dir/home/vboxuser/raspberry-pi-pico/pico/pico-sdk/src/rp2_common/pico_double/double_aeabi.S.obj
                0x0000000010003554                __wrap___aeabi_cdrcmple
                0x0000000010003564                __wrap___aeabi_cdcmple
                0x0000000010003564                __wrap___aeabi_cdcmpeq
 .text.__wrap___aeabi_dcmplt
                0x00000000100035c0        0xc CMakeFiles/pico-pwm-audio.dir/home/vboxuser/raspberry-pi-pico/pico/pico-sdk/src/rp2_common/pico_double/double_aeabi.S.obj
                0x00000000100035c0                __wrap___aeabi_dcmplt
 .text.__wrap___aeabi_dcmple
                0x00000000100035cc       0x10 CMakeFiles/pico-pwm-audio.dir/home/vboxuser/raspberry-pi-pico/pico/pico-sdk/src/rp2_common/pico_double/double_aeabi.S.obj
                0x00000000100035cc                __wrap___aeabi_dcmple
 .text.__wrap___aeabi_dcmpge
                0x00000000100035dc       0x10 CMakeFiles/pico-pwm-audio.dir/home/vboxuser/raspberry-pi-pico/pico/pico-sdk/src/rp2_common/pico_double/double_aeabi.S.obj
                0x00000000100035dc                __wrap___aeabi_dcmpge
 .text.__wrap___aeabi_dcmpgt
                0x00000000100035ec        0xa CMakeFiles/pico-pwm-audio.dir/home/vboxuser/raspberry-pi-pico/pico/pico-sdk/src/rp2_common/pico_double/double_aeabi.S.obj
                0x00000000100035ec                __wrap___aeabi_dcmpgt
 .text.__wrap___aeabi_dcmpun
                0x00000000100035f6       0x1c CMakeFiles/pico-pwm-audio.dir/home/vboxuser/raspberry-pi-pico/pico/pico-sdk/src/rp2_common/pico_double/double_aeabi.S.obj
                0x00000000100035f6                __wrap___aeabi_dcmpun
 *fill*         0x0000000010003612        0x2 
 .text.__wrap___aeabi_i2d
                0x0000000010003614       0x38 CMakeFiles/pico-pwm-audio.dir/home/vboxuser/raspberry-pi-pico/pico/pico-sdk/src/rp2_common/pico_double/double_aeabi.S.obj
                0x0000000010003614                __wrap___aeabi_ui2d
                0x000000001000361c                __wrap___aeabi_i2d
 .text.__wrap___aeabi_d2iz
                0x000000001000364c       0x48 CMakeFiles/pico-pwm-audio.dir/home/vboxuser/raspberry-pi-pico/pico/pico-sdk/src/rp2_common/pico_double/double_aeabi.S.obj
                0x000000001000364c                __wrap___aeabi_d2iz
                0x000000001000364c                double2int_z
 .text.__wrap___aeabi_d2uiz
                0x0000000010003694       0x18 CMakeFiles/pico-pwm-audio.dir/home/vboxuser/raspberry-pi-pico/pico/pico-sdk/src/rp2_common/pico_double/double_aeabi.S.obj
                0x0000000010003694                double2uint
                0x0000000010003694                __wrap___aeabi_d2uiz
 .text.__aeabi_double_init
                0x00000000100036ac       0xc8 CMakeFiles/pico-pwm-audio.dir/home/vboxuser/raspberry-pi-pico/pico/pico-sdk/src/rp2_common/pico_double/double_init_rom.c.obj
                0x00000000100036ac                __aeabi_double_init
 .text.double_table_shim_on_use_helper
                0x0000000010003774       0x34 CMakeFiles/pico-pwm-audio.dir/home/vboxuser/raspberry-pi-pico/pico/pico-sdk/src/rp2_common/pico_double/double_v1_rom_shim.S.obj
                0x0000000010003774                double_table_shim_on_use_helper
 .text.__wrap___aeabi_dsub
                0x00000000100037a8       0x10 CMakeFiles/pico-pwm-audio.dir/home/vboxuser/raspberry-pi-pico/pico/pico-sdk/src/rp2_common/pico_double/double_v1_rom_shim.S.obj
                0x00000000100037a8                drsub_shim
                0x00000000100037ae                dsub_shim
 .text.dadd_shim
                0x00000000100037b8      0x15c CMakeFiles/pico-pwm-audio.dir/home/vboxuser/raspberry-pi-pico/pico/pico-sdk/src/rp2_common/pico_double/double_v1_rom_shim.S.obj
                0x00000000100037b8                dadd_shim
 .text.dmul_shim
                0x0000000010003914      0x15c CMakeFiles/pico-pwm-audio.dir/home/vboxuser/raspberry-pi-pico/pico/pico-sdk/src/rp2_common/pico_double/double_v1_rom_shim.S.obj
                0x0000000010003914                dmul_shim
 .text.ddiv_shim
                0x0000000010003a70      0x1b0 CMakeFiles/pico-pwm-audio.dir/home/vboxuser/raspberry-pi-pico/pico/pico-sdk/src/rp2_common/pico_double/double_v1_rom_shim.S.obj
                0x0000000010003a70                ddiv_shim
 .text.double2uint_shim
                0x0000000010003c20        0xe CMakeFiles/pico-pwm-audio.dir/home/vboxuser/raspberry-pi-pico/pico/pico-sdk/src/rp2_common/pico_double/double_v1_rom_shim.S.obj
                0x0000000010003c20                double2uint_shim
                0x0000000010003c22                double2ufix_shim
 *fill*         0x0000000010003c2e        0x2 
 .text.double2uint64_shim
                0x0000000010003c30       0x70 CMakeFiles/pico-pwm-audio.dir/home/vboxuser/raspberry-pi-pico/pico/pico-sdk/src/rp2_common/pico_double/double_v1_rom_shim.S.obj
                0x0000000010003c30                double2uint64_shim
                0x0000000010003c32                double2ufix64_shim
                0x0000000010003c52                d2fix_a
 .text.dunpacks
                0x0000000010003ca0       0x3c CMakeFiles/pico-pwm-audio.dir/home/vboxuser/raspberry-pi-pico/pico/pico-sdk/src/rp2_common/pico_double/double_v1_rom_shim.S.obj
                0x0000000010003ca0                dunpacks
 .text.__wrap___aeabi_farithmetic
                0x0000000010003cdc       0x58 CMakeFiles/pico-pwm-audio.dir/home/vboxuser/raspberry-pi-pico/pico/pico-sdk/src/rp2_common/pico_float/float_aeabi.S.obj
                0x0000000010003cdc                __wrap___aeabi_frsub
                0x0000000010003ce2                __wrap___aeabi_fsub
                0x0000000010003cec                __wrap___aeabi_fadd
                0x0000000010003cf6                __wrap___aeabi_fdiv
                0x0000000010003d22                __wrap___aeabi_fmul
 .text.__wrap___aeabi_f2uiz
                0x0000000010003d34       0x10 CMakeFiles/pico-pwm-audio.dir/home/vboxuser/raspberry-pi-pico/pico/pico-sdk/src/rp2_common/pico_float/float_aeabi.S.obj
                0x0000000010003d34                __wrap___aeabi_f2uiz
 .text.__aeabi_float_init
                0x0000000010003d44       0xfc CMakeFiles/pico-pwm-audio.dir/home/vboxuser/raspberry-pi-pico/pico/pico-sdk/src/rp2_common/pico_float/float_init_rom.c.obj
                0x0000000010003d44                __aeabi_float_init
 .text.float_table_shim_on_use_helper
                0x0000000010003e40       0x34 CMakeFiles/pico-pwm-audio.dir/home/vboxuser/raspberry-pi-pico/pico/pico-sdk/src/rp2_common/pico_float/float_v1_rom_shim.S.obj
                0x0000000010003e40                float_table_shim_on_use_helper
 .text          0x0000000010003e74       0x10 CMakeFiles/pico-pwm-audio.dir/home/vboxuser/raspberry-pi-pico/pico/pico-sdk/src/rp2_common/pico_mem_ops/mem_ops_aeabi.S.obj
                0x0000000010003e74                __aeabi_mem_init
 .text.memset   0x0000000010003e84        0xc CMakeFiles/pico-pwm-audio.dir/home/vboxuser/raspberry-pi-pico/pico/pico-sdk/src/rp2_common/pico_mem_ops/mem_ops_aeabi.S.obj
                0x0000000010003e84                __wrap_memset
 .text.memcpy   0x0000000010003e90        0xc CMakeFiles/pico-pwm-audio.dir/home/vboxuser/raspberry-pi-pico/pico/pico-sdk/src/rp2_common/pico_mem_ops/mem_ops_aeabi.S.obj
                0x0000000010003e90                __wrap___aeabi_memcpy
                0x0000000010003e90                __wrap_memcpy
 .text.stdio_out_chars_no_crlf
                0x0000000010003e9c        0xe CMakeFiles/pico-pwm-audio.dir/home/vboxuser/raspberry-pi-pico/pico/pico-sdk/src/rp2_common/pico_stdio/stdio.c.obj
 *fill*         0x0000000010003eaa        0x2 
 .text.stdio_out_chars_crlf
                0x0000000010003eac       0x80 CMakeFiles/pico-pwm-audio.dir/home/vboxuser/raspberry-pi-pico/pico/pico-sdk/src/rp2_common/pico_stdio/stdio.c.obj
 .text.stdio_stack_buffer_flush
                0x0000000010003f2c       0x44 CMakeFiles/pico-pwm-audio.dir/home/vboxuser/raspberry-pi-pico/pico/pico-sdk/src/rp2_common/pico_stdio/stdio.c.obj
 .text.stdio_buffered_printer
                0x0000000010003f70       0x20 CMakeFiles/pico-pwm-audio.dir/home/vboxuser/raspberry-pi-pico/pico/pico-sdk/src/rp2_common/pico_stdio/stdio.c.obj
 .text.stdout_serialize_begin
                0x0000000010003f90       0x30 CMakeFiles/pico-pwm-audio.dir/home/vboxuser/raspberry-pi-pico/pico/pico-sdk/src/rp2_common/pico_stdio/stdio.c.obj
                0x0000000010003f90                stdout_serialize_begin
 .text.stdout_serialize_end
                0x0000000010003fc0       0x10 CMakeFiles/pico-pwm-audio.dir/home/vboxuser/raspberry-pi-pico/pico/pico-sdk/src/rp2_common/pico_stdio/stdio.c.obj
                0x0000000010003fc0                stdout_serialize_end
 .text.stdio_put_string
                0x0000000010003fd0       0x98 CMakeFiles/pico-pwm-audio.dir/home/vboxuser/raspberry-pi-pico/pico/pico-sdk/src/rp2_common/pico_stdio/stdio.c.obj
 .text.stdio_set_driver_enabled
                0x0000000010004068       0x2c CMakeFiles/pico-pwm-audio.dir/home/vboxuser/raspberry-pi-pico/pico/pico-sdk/src/rp2_common/pico_stdio/stdio.c.obj
                0x0000000010004068                stdio_set_driver_enabled
 .text.stdio_flush
                0x0000000010004094       0x20 CMakeFiles/pico-pwm-audio.dir/home/vboxuser/raspberry-pi-pico/pico/pico-sdk/src/rp2_common/pico_stdio/stdio.c.obj
                0x0000000010004094                stdio_flush
 .text.__wrap_puts
                0x00000000100040b4       0x1e CMakeFiles/pico-pwm-audio.dir/home/vboxuser/raspberry-pi-pico/pico/pico-sdk/src/rp2_common/pico_stdio/stdio.c.obj
                0x00000000100040b4                __wrap_puts
 *fill*         0x00000000100040d2        0x2 
 .text.__wrap_vprintf
                0x00000000100040d4       0x44 CMakeFiles/pico-pwm-audio.dir/home/vboxuser/raspberry-pi-pico/pico/pico-sdk/src/rp2_common/pico_stdio/stdio.c.obj
                0x00000000100040d4                __wrap_vprintf
 .text.__wrap_printf
                0x0000000010004118       0x18 CMakeFiles/pico-pwm-audio.dir/home/vboxuser/raspberry-pi-pico/pico/pico-sdk/src/rp2_common/pico_stdio/stdio.c.obj
                0x0000000010004118                __wrap_printf
 .text.stdio_init_all
                0x0000000010004130        0x8 CMakeFiles/pico-pwm-audio.dir/home/vboxuser/raspberry-pi-pico/pico/pico-sdk/src/rp2_common/pico_stdio/stdio.c.obj
                0x0000000010004130                stdio_init_all
 .text.stdio_uart_out_chars
                0x0000000010004138       0x74 CMakeFiles/pico-pwm-audio.dir/home/vboxuser/raspberry-pi-pico/pico/pico-sdk/src/rp2_common/pico_stdio_uart/stdio_uart.c.obj
 .text.stdio_uart_in_chars
                0x00000000100041ac       0x58 CMakeFiles/pico-pwm-audio.dir/home/vboxuser/raspberry-pi-pico/pico/pico-sdk/src/rp2_common/pico_stdio_uart/stdio_uart.c.obj
                0x00000000100041ac                stdio_uart_in_chars
 .text.stdio_uart_init_full
                0x0000000010004204       0x3c CMakeFiles/pico-pwm-audio.dir/home/vboxuser/raspberry-pi-pico/pico/pico-sdk/src/rp2_common/pico_stdio_uart/stdio_uart.c.obj
                0x0000000010004204                stdio_uart_init_full
 .text.stdio_uart_init
                0x0000000010004240       0x28 CMakeFiles/pico-pwm-audio.dir/home/vboxuser/raspberry-pi-pico/pico/pico-sdk/src/rp2_common/pico_stdio_uart/stdio_uart.c.obj
                0x0000000010004240                stdio_uart_init
 .text          0x0000000010004268       0x5c /usr/lib/gcc/arm-none-eabi/10.3.1/../../../arm-none-eabi/lib/thumb/v6-m/nofp/libg.a(lib_a-strlen-stub.o)
                0x0000000010004268                strlen
 *(.fini)
 .fini          0x00000000100042c4        0x4 /usr/lib/gcc/arm-none-eabi/10.3.1/thumb/v6-m/nofp/crti.o
                0x00000000100042c4                _fini
 .fini.__stub   0x00000000100042c8       0x50 linker stubs
 *crtbegin.o(.ctors)
 *crtbegin?.o(.ctors)
 *(EXCLUDE_FILE(*crtend.o *crtend?.o) .ctors)
 *(SORT_BY_NAME(.ctors.*))
 *(.ctors)
 *crtbegin.o(.dtors)
 *crtbegin?.o(.dtors)
 *(EXCLUDE_FILE(*crtend.o *crtend?.o) .dtors)
 *(SORT_BY_NAME(.dtors.*))
 *(.dtors)
 *(.eh_frame*)
 .eh_frame      0x0000000010004318        0x0 /usr/lib/gcc/arm-none-eabi/10.3.1/thumb/v6-m/nofp/crtbegin.o
                0x0000000010004318                . = ALIGN (0x4)

.glue_7         0x0000000010004318        0x0
 .glue_7        0x0000000010004318        0x0 linker stubs

.glue_7t        0x0000000010004318        0x0
 .glue_7t       0x0000000010004318        0x0 linker stubs

.vfp11_veneer   0x0000000010004318        0x0
 .vfp11_veneer  0x0000000010004318        0x0 linker stubs

.v4_bx          0x0000000010004318        0x0
 .v4_bx         0x0000000010004318        0x0 linker stubs

.iplt           0x0000000010004318        0x0
 .iplt          0x0000000010004318        0x0 /usr/lib/gcc/arm-none-eabi/10.3.1/thumb/v6-m/nofp/crtbegin.o

.rodata         0x0000000010004318      0xf78
 *(EXCLUDE_FILE(*libm.a: *libc.a:*lib_a-mem*.o *libgcc.a:) .rodata*)
 .rodata.main.str1.4
                0x0000000010004318       0x32 CMakeFiles/pico-pwm-audio.dir/pico-pwm-audio.c.obj
 *fill*         0x000000001000434a        0x2 
 .rodata.make_branch.str1.4
                0x000000001000434c       0x81 CMakeFiles/pico-pwm-audio.dir/home/vboxuser/raspberry-pi-pico/pico/pico-sdk/src/rp2_common/hardware_irq/irq.c.obj
 *fill*         0x00000000100043cd        0x3 
 .rodata.insert_branch_and_link.str1.4
                0x00000000100043d0       0x10 CMakeFiles/pico-pwm-audio.dir/home/vboxuser/raspberry-pi-pico/pico/pico-sdk/src/rp2_common/hardware_irq/irq.c.obj
 .rodata.irq_set_exclusive_handler.str1.4
                0x00000000100043e0       0x36 CMakeFiles/pico-pwm-audio.dir/home/vboxuser/raspberry-pi-pico/pico/pico-sdk/src/rp2_common/hardware_irq/irq.c.obj
 *fill*         0x0000000010004416        0x2 
 .rodata.irq_add_shared_handler.str1.4
                0x0000000010004418       0xd9 CMakeFiles/pico-pwm-audio.dir/home/vboxuser/raspberry-pi-pico/pico/pico-sdk/src/rp2_common/hardware_irq/irq.c.obj
 *fill*         0x00000000100044f1        0x3 
 .rodata.irq_remove_handler.str1.4
                0x00000000100044f4       0x2a CMakeFiles/pico-pwm-audio.dir/home/vboxuser/raspberry-pi-pico/pico/pico-sdk/src/rp2_common/hardware_irq/irq.c.obj
 *fill*         0x000000001000451e        0x2 
 .rodata.irq_add_tail_to_free_list.str1.4
                0x0000000010004520       0x3a CMakeFiles/pico-pwm-audio.dir/home/vboxuser/raspberry-pi-pico/pico/pico-sdk/src/rp2_common/hardware_irq/irq.c.obj
 *fill*         0x000000001000455a        0x2 
 .rodata.__func__.0
                0x000000001000455c       0x1a CMakeFiles/pico-pwm-audio.dir/home/vboxuser/raspberry-pi-pico/pico/pico-sdk/src/rp2_common/hardware_irq/irq.c.obj
 *fill*         0x0000000010004576        0x2 
 .rodata.__func__.1
                0x0000000010004578       0x17 CMakeFiles/pico-pwm-audio.dir/home/vboxuser/raspberry-pi-pico/pico/pico-sdk/src/rp2_common/hardware_irq/irq.c.obj
 *fill*         0x000000001000458f        0x1 
 .rodata.__func__.2
                0x0000000010004590       0x13 CMakeFiles/pico-pwm-audio.dir/home/vboxuser/raspberry-pi-pico/pico/pico-sdk/src/rp2_common/hardware_irq/irq.c.obj
 *fill*         0x00000000100045a3        0x1 
 .rodata.__func__.3
                0x00000000100045a4        0xc CMakeFiles/pico-pwm-audio.dir/home/vboxuser/raspberry-pi-pico/pico/pico-sdk/src/rp2_common/hardware_irq/irq.c.obj
 .rodata.__func__.4
                0x00000000100045b0        0xf CMakeFiles/pico-pwm-audio.dir/home/vboxuser/raspberry-pi-pico/pico/pico-sdk/src/rp2_common/hardware_irq/irq.c.obj
 *fill*         0x00000000100045bf        0x1 
 .rodata.__func__.6
                0x00000000100045c0       0x1a CMakeFiles/pico-pwm-audio.dir/home/vboxuser/raspberry-pi-pico/pico/pico-sdk/src/rp2_common/hardware_irq/irq.c.obj
 *fill*         0x00000000100045da        0x2 
 .rodata.repeating_timer_callback.str1.4
                0x00000000100045dc       0x5f CMakeFiles/pico-pwm-audio.dir/home/vboxuser/raspberry-pi-pico/pico/pico-sdk/src/common/pico_time/time.c.obj
 *fill*         0x000000001000463b        0x1 
 .rodata.alarm_pool_dump_key.str1.4
                0x000000001000463c       0x33 CMakeFiles/pico-pwm-audio.dir/home/vboxuser/raspberry-pi-pico/pico/pico-sdk/src/common/pico_time/time.c.obj
 *fill*         0x000000001000466f        0x1 
 .rodata.ph_add_child_node.str1.4
                0x0000000010004670       0xaa CMakeFiles/pico-pwm-audio.dir/home/vboxuser/raspberry-pi-pico/pico/pico-sdk/src/common/pico_time/time.c.obj
 *fill*         0x000000001000471a        0x2 
 .rodata.add_alarm_under_lock.str1.4
                0x000000001000471c       0x28 CMakeFiles/pico-pwm-audio.dir/home/vboxuser/raspberry-pi-pico/pico/pico-sdk/src/common/pico_time/time.c.obj
                                         0x2b (size before relaxing)
 .rodata.alarm_pool_alarm_callback.str1.4
                0x0000000010004744       0xfa CMakeFiles/pico-pwm-audio.dir/home/vboxuser/raspberry-pi-pico/pico/pico-sdk/src/common/pico_time/time.c.obj
 *fill*         0x000000001000483e        0x2 
 .rodata.__func__.10
                0x0000000010004840       0x15 CMakeFiles/pico-pwm-audio.dir/home/vboxuser/raspberry-pi-pico/pico/pico-sdk/src/common/pico_time/time.c.obj
 *fill*         0x0000000010004855        0x3 
 .rodata.__func__.11
                0x0000000010004858       0x1a CMakeFiles/pico-pwm-audio.dir/home/vboxuser/raspberry-pi-pico/pico/pico-sdk/src/common/pico_time/time.c.obj
 *fill*         0x0000000010004872        0x2 
 .rodata.__func__.12
                0x0000000010004874        0xa CMakeFiles/pico-pwm-audio.dir/home/vboxuser/raspberry-pi-pico/pico/pico-sdk/src/common/pico_time/time.c.obj
 *fill*         0x000000001000487e        0x2 
 .rodata.__func__.4
                0x0000000010004880       0x12 CMakeFiles/pico-pwm-audio.dir/home/vboxuser/raspberry-pi-pico/pico/pico-sdk/src/common/pico_time/time.c.obj
 *fill*         0x0000000010004892        0x2 
 .rodata.__func__.5
                0x0000000010004894        0xd CMakeFiles/pico-pwm-audio.dir/home/vboxuser/raspberry-pi-pico/pico/pico-sdk/src/common/pico_time/time.c.obj
 *fill*         0x00000000100048a1        0x3 
 .rodata.__func__.6
                0x00000000100048a4       0x12 CMakeFiles/pico-pwm-audio.dir/home/vboxuser/raspberry-pi-pico/pico/pico-sdk/src/common/pico_time/time.c.obj
 *fill*         0x00000000100048b6        0x2 
 .rodata.__func__.7
                0x00000000100048b8        0xf CMakeFiles/pico-pwm-audio.dir/home/vboxuser/raspberry-pi-pico/pico/pico-sdk/src/common/pico_time/time.c.obj
 *fill*         0x00000000100048c7        0x1 
 .rodata.__func__.8
                0x00000000100048c8        0xc CMakeFiles/pico-pwm-audio.dir/home/vboxuser/raspberry-pi-pico/pico/pico-sdk/src/common/pico_time/time.c.obj
 .rodata.__func__.9
                0x00000000100048d4       0x15 CMakeFiles/pico-pwm-audio.dir/home/vboxuser/raspberry-pi-pico/pico/pico-sdk/src/common/pico_time/time.c.obj
 *fill*         0x00000000100048e9        0x3 
 .rodata.hardware_alarm_claim.str1.4
                0x00000000100048ec       0x22 CMakeFiles/pico-pwm-audio.dir/home/vboxuser/raspberry-pi-pico/pico/pico-sdk/src/rp2_common/hardware_timer/timer.c.obj
 *fill*         0x000000001000490e        0x2 
 .rodata.hardware_alarm_set_target.str1.4
                0x0000000010004910       0x79 CMakeFiles/pico-pwm-audio.dir/home/vboxuser/raspberry-pi-pico/pico/pico-sdk/src/rp2_common/hardware_timer/timer.c.obj
 *fill*         0x0000000010004989        0x3 
 .rodata.__func__.0
                0x000000001000498c       0x1a CMakeFiles/pico-pwm-audio.dir/home/vboxuser/raspberry-pi-pico/pico/pico-sdk/src/rp2_common/hardware_timer/timer.c.obj
 .rodata.ph_add_child_node.str1.4
                0x00000000100049a6       0xaa CMakeFiles/pico-pwm-audio.dir/home/vboxuser/raspberry-pi-pico/pico/pico-sdk/src/common/pico_util/pheap.c.obj
 *fill*         0x00000000100049a6        0x2 
 .rodata.ph_remove_any_head.str1.4
                0x00000000100049a8       0xa0 CMakeFiles/pico-pwm-audio.dir/home/vboxuser/raspberry-pi-pico/pico/pico-sdk/src/common/pico_util/pheap.c.obj
 .rodata.ph_remove_and_free_node.str1.4
                0x0000000010004a48       0x1e CMakeFiles/pico-pwm-audio.dir/home/vboxuser/raspberry-pi-pico/pico/pico-sdk/src/common/pico_util/pheap.c.obj
                                         0x26 (size before relaxing)
 *fill*         0x0000000010004a66        0x2 
 .rodata.__func__.0
                0x0000000010004a68       0x18 CMakeFiles/pico-pwm-audio.dir/home/vboxuser/raspberry-pi-pico/pico/pico-sdk/src/common/pico_util/pheap.c.obj
 .rodata.__func__.1
                0x0000000010004a80       0x13 CMakeFiles/pico-pwm-audio.dir/home/vboxuser/raspberry-pi-pico/pico/pico-sdk/src/common/pico_util/pheap.c.obj
 *fill*         0x0000000010004a93        0x1 
 .rodata.__func__.2
                0x0000000010004a94       0x12 CMakeFiles/pico-pwm-audio.dir/home/vboxuser/raspberry-pi-pico/pico/pico-sdk/src/common/pico_util/pheap.c.obj
 *fill*         0x0000000010004aa6        0x2 
 .rodata.__func__.3
                0x0000000010004aa8        0xc CMakeFiles/pico-pwm-audio.dir/home/vboxuser/raspberry-pi-pico/pico/pico-sdk/src/common/pico_util/pheap.c.obj
 .rodata.str1.4
                0x0000000010004ab4       0x9d CMakeFiles/pico-pwm-audio.dir/home/vboxuser/raspberry-pi-pico/pico/pico-sdk/src/common/pico_sync/mutex.c.obj
                                        0x115 (size before relaxing)
 *fill*         0x0000000010004b51        0x3 
 .rodata.__func__.1
                0x0000000010004b54        0xb CMakeFiles/pico-pwm-audio.dir/home/vboxuser/raspberry-pi-pico/pico/pico-sdk/src/common/pico_sync/mutex.c.obj
 *fill*         0x0000000010004b5f        0x1 
 .rodata.__assert_func.str1.4
                0x0000000010004b60       0x3f CMakeFiles/pico-pwm-audio.dir/home/vboxuser/raspberry-pi-pico/pico/pico-sdk/src/rp2_common/pico_runtime/runtime.c.obj
                                         0x43 (size before relaxing)
 *fill*         0x0000000010004b9f        0x1 
 .rodata.runtime_init.str1.4
                0x0000000010004ba0       0x75 CMakeFiles/pico-pwm-audio.dir/home/vboxuser/raspberry-pi-pico/pico/pico-sdk/src/rp2_common/pico_runtime/runtime.c.obj
 *fill*         0x0000000010004c15        0x3 
 .rodata.panic.str1.4
                0x0000000010004c18       0x12 CMakeFiles/pico-pwm-audio.dir/home/vboxuser/raspberry-pi-pico/pico/pico-sdk/src/rp2_common/pico_runtime/runtime.c.obj
 *fill*         0x0000000010004c2a        0x2 
 .rodata.__func__.1
                0x0000000010004c2c        0xd CMakeFiles/pico-pwm-audio.dir/home/vboxuser/raspberry-pi-pico/pico/pico-sdk/src/rp2_common/pico_runtime/runtime.c.obj
 *fill*         0x0000000010004c39        0x3 
 .rodata.clock_configure.str1.4
                0x0000000010004c3c       0x6b CMakeFiles/pico-pwm-audio.dir/home/vboxuser/raspberry-pi-pico/pico/pico-sdk/src/rp2_common/hardware_clocks/clocks.c.obj
 *fill*         0x0000000010004ca7        0x1 
 .rodata.__func__.1
                0x0000000010004ca8       0x10 CMakeFiles/pico-pwm-audio.dir/home/vboxuser/raspberry-pi-pico/pico/pico-sdk/src/rp2_common/hardware_clocks/clocks.c.obj
 .rodata.pll_init.str1.4
                0x0000000010004cb8      0x14f CMakeFiles/pico-pwm-audio.dir/home/vboxuser/raspberry-pi-pico/pico/pico-sdk/src/rp2_common/hardware_pll/pll.c.obj
 *fill*         0x0000000010004e07        0x1 
 .rodata.__func__.0
                0x0000000010004e08        0x9 CMakeFiles/pico-pwm-audio.dir/home/vboxuser/raspberry-pi-pico/pico/pico-sdk/src/rp2_common/hardware_pll/pll.c.obj
 *fill*         0x0000000010004e11        0x3 
 .rodata._ftoa.str1.4
                0x0000000010004e14       0x15 CMakeFiles/pico-pwm-audio.dir/home/vboxuser/raspberry-pi-pico/pico/pico-sdk/src/rp2_common/pico_printf/printf.c.obj
 *fill*         0x0000000010004e29        0x3 
 .rodata._vsnprintf
                0x0000000010004e2c      0x1e0 CMakeFiles/pico-pwm-audio.dir/home/vboxuser/raspberry-pi-pico/pico/pico-sdk/src/rp2_common/pico_printf/printf.c.obj
 *fill*         0x000000001000500c        0x4 
 .rodata.pow10.0
                0x0000000010005010       0x50 CMakeFiles/pico-pwm-audio.dir/home/vboxuser/raspberry-pi-pico/pico/pico-sdk/src/rp2_common/pico_printf/printf.c.obj
 .rodata.__aeabi_double_init.str1.4
                0x0000000010005060       0xbc CMakeFiles/pico-pwm-audio.dir/home/vboxuser/raspberry-pi-pico/pico/pico-sdk/src/rp2_common/pico_double/double_init_rom.c.obj
 .rodata.__func__.0
                0x000000001000511c       0x14 CMakeFiles/pico-pwm-audio.dir/home/vboxuser/raspberry-pi-pico/pico/pico-sdk/src/rp2_common/pico_double/double_init_rom.c.obj
 .rodata.__aeabi_float_init.str1.4
                0x0000000010005130       0x8e CMakeFiles/pico-pwm-audio.dir/home/vboxuser/raspberry-pi-pico/pico/pico-sdk/src/rp2_common/pico_float/float_init_rom.c.obj
                                         0x92 (size before relaxing)
 *fill*         0x00000000100051be        0x2 
 .rodata.__func__.0
                0x00000000100051c0       0x13 CMakeFiles/pico-pwm-audio.dir/home/vboxuser/raspberry-pi-pico/pico/pico-sdk/src/rp2_common/pico_float/float_init_rom.c.obj
 *fill*         0x00000000100051d3        0x1 
 .rodata.str1.4
                0x00000000100051d4       0x48 CMakeFiles/pico-pwm-audio.dir/home/vboxuser/raspberry-pi-pico/pico/pico-sdk/src/rp2_common/pico_standard_link/binary_info.c.obj
 .rodata.__bi_44
                0x000000001000521c        0xc CMakeFiles/pico-pwm-audio.dir/home/vboxuser/raspberry-pi-pico/pico/pico-sdk/src/rp2_common/pico_standard_link/binary_info.c.obj
 .rodata.__bi_56
                0x0000000010005228        0xc CMakeFiles/pico-pwm-audio.dir/home/vboxuser/raspberry-pi-pico/pico/pico-sdk/src/rp2_common/pico_standard_link/binary_info.c.obj
 .rodata.__bi_75
                0x0000000010005234        0xc CMakeFiles/pico-pwm-audio.dir/home/vboxuser/raspberry-pi-pico/pico/pico-sdk/src/rp2_common/pico_standard_link/binary_info.c.obj
 .rodata.__bi_81
                0x0000000010005240        0xc CMakeFiles/pico-pwm-audio.dir/home/vboxuser/raspberry-pi-pico/pico/pico-sdk/src/rp2_common/pico_standard_link/binary_info.c.obj
 .rodata.crlf_str.3
                0x000000001000524c        0x2 CMakeFiles/pico-pwm-audio.dir/home/vboxuser/raspberry-pi-pico/pico/pico-sdk/src/rp2_common/pico_stdio/stdio.c.obj
 *fill*         0x000000001000524e        0x2 
 .rodata.str1.4
                0x0000000010005250       0x2c CMakeFiles/pico-pwm-audio.dir/home/vboxuser/raspberry-pi-pico/pico/pico-sdk/src/rp2_common/pico_stdio_uart/stdio_uart.c.obj
 .rodata.__bi_28.4
                0x000000001000527c        0xc CMakeFiles/pico-pwm-audio.dir/home/vboxuser/raspberry-pi-pico/pico/pico-sdk/src/rp2_common/pico_stdio_uart/stdio_uart.c.obj
 .rodata.__bi_29.5
                0x0000000010005288        0x8 CMakeFiles/pico-pwm-audio.dir/home/vboxuser/raspberry-pi-pico/pico/pico-sdk/src/rp2_common/pico_stdio_uart/stdio_uart.c.obj
                0x0000000010005290                . = ALIGN (0x4)
 *(SORT_BY_ALIGNMENT(SORT_BY_NAME(.flashdata*)))
                0x0000000010005290                . = ALIGN (0x4)

.rel.dyn        0x0000000010005290        0x0
 .rel.iplt      0x0000000010005290        0x0 /usr/lib/gcc/arm-none-eabi/10.3.1/thumb/v6-m/nofp/crtbegin.o

.ARM.extab
 *(.ARM.extab* .gnu.linkonce.armextab.*)
                0x0000000010005290                __exidx_start = .

.ARM.exidx
 *(.ARM.exidx* .gnu.linkonce.armexidx.*)
                0x0000000010005290                __exidx_end = .
                0x0000000010005290                . = ALIGN (0x4)
                0x0000000010005290                __binary_info_start = .

.binary_info    0x0000000010005290       0x28
 *(.binary_info.keep.*)
 .binary_info.keep.__bi_ptr22
                0x0000000010005290        0x4 CMakeFiles/pico-pwm-audio.dir/home/vboxuser/raspberry-pi-pico/pico/pico-sdk/src/rp2_common/pico_standard_link/binary_info.c.obj
 .binary_info.keep.__bi_ptr30
                0x0000000010005294        0x4 CMakeFiles/pico-pwm-audio.dir/home/vboxuser/raspberry-pi-pico/pico/pico-sdk/src/rp2_common/pico_standard_link/binary_info.c.obj
 .binary_info.keep.__bi_ptr38
                0x0000000010005298        0x4 CMakeFiles/pico-pwm-audio.dir/home/vboxuser/raspberry-pi-pico/pico/pico-sdk/src/rp2_common/pico_standard_link/binary_info.c.obj
 .binary_info.keep.__bi_ptr44
                0x000000001000529c        0x4 CMakeFiles/pico-pwm-audio.dir/home/vboxuser/raspberry-pi-pico/pico/pico-sdk/src/rp2_common/pico_standard_link/binary_info.c.obj
 .binary_info.keep.__bi_ptr50
                0x00000000100052a0        0x4 CMakeFiles/pico-pwm-audio.dir/home/vboxuser/raspberry-pi-pico/pico/pico-sdk/src/rp2_common/pico_standard_link/binary_info.c.obj
 .binary_info.keep.__bi_ptr56
                0x00000000100052a4        0x4 CMakeFiles/pico-pwm-audio.dir/home/vboxuser/raspberry-pi-pico/pico/pico-sdk/src/rp2_common/pico_standard_link/binary_info.c.obj
 .binary_info.keep.__bi_ptr75
                0x00000000100052a8        0x4 CMakeFiles/pico-pwm-audio.dir/home/vboxuser/raspberry-pi-pico/pico/pico-sdk/src/rp2_common/pico_standard_link/binary_info.c.obj
 .binary_info.keep.__bi_ptr81
                0x00000000100052ac        0x4 CMakeFiles/pico-pwm-audio.dir/home/vboxuser/raspberry-pi-pico/pico/pico-sdk/src/rp2_common/pico_standard_link/binary_info.c.obj
 *(.binary_info.*)
 .binary_info.__bi_ptr28
                0x00000000100052b0        0x4 CMakeFiles/pico-pwm-audio.dir/home/vboxuser/raspberry-pi-pico/pico/pico-sdk/src/rp2_common/pico_stdio_uart/stdio_uart.c.obj
 .binary_info.__bi_ptr29
                0x00000000100052b4        0x4 CMakeFiles/pico-pwm-audio.dir/home/vboxuser/raspberry-pi-pico/pico/pico-sdk/src/rp2_common/pico_stdio_uart/stdio_uart.c.obj
                0x00000000100052b8                __binary_info_end = .
                0x00000000100052b8                . = ALIGN (0x4)
                0x00000000100052b8                __etext = .

.ram_vector_table
                0x0000000020000000       0xc0
 *(.ram_vector_table)
 .ram_vector_table
                0x0000000020000000       0xc0 CMakeFiles/pico-pwm-audio.dir/home/vboxuser/raspberry-pi-pico/pico/pico-sdk/src/rp2_common/pico_runtime/runtime.c.obj
                0x0000000020000000                ram_vector_table

.data           0x00000000200000c0      0x280 load address 0x00000000100052b8
                0x00000000200000c0                __data_start__ = .
 *(vtable)
 *(.time_critical*)
 .time_critical.mutex_enter_blocking
                0x00000000200000c0       0x48 CMakeFiles/pico-pwm-audio.dir/home/vboxuser/raspberry-pi-pico/pico/pico-sdk/src/common/pico_sync/mutex.c.obj
                0x00000000200000c0                mutex_enter_blocking
 .time_critical.mutex_try_enter
                0x0000000020000108       0x46 CMakeFiles/pico-pwm-audio.dir/home/vboxuser/raspberry-pi-pico/pico/pico-sdk/src/common/pico_sync/mutex.c.obj
                0x0000000020000108                mutex_try_enter
 *fill*         0x000000002000014e        0x2 
 .time_critical.mutex_exit
                0x0000000020000150       0x4c CMakeFiles/pico-pwm-audio.dir/home/vboxuser/raspberry-pi-pico/pico/pico-sdk/src/common/pico_sync/mutex.c.obj
                0x0000000020000150                mutex_exit
 *(.text*)
 .text          0x000000002000019c        0x4 /usr/lib/gcc/arm-none-eabi/10.3.1/thumb/v6-m/nofp/libgcc.a(_dvmd_tls.o)
                0x000000002000019c                __aeabi_ldiv0
                0x000000002000019c                __aeabi_idiv0
 .text.__stub   0x00000000200001a0       0x10 linker stubs
                0x00000000200001b0                . = ALIGN (0x4)
 *(.rodata*)
                0x00000000200001b0                . = ALIGN (0x4)
 *(.data*)
 .data.FreqCount
                0x00000000200001b0        0x4 CMakeFiles/pico-pwm-audio.dir/pico-pwm-audio.c.obj
                0x00000000200001b0                FreqCount
 .data.WAV_DATA
                0x00000000200001b4       0xac CMakeFiles/pico-pwm-audio.dir/pico-pwm-audio.c.obj
                0x00000000200001b4                WAV_DATA
 .data.clkDiv   0x0000000020000260        0x4 CMakeFiles/pico-pwm-audio.dir/pico-pwm-audio.c.obj
                0x0000000020000260                clkDiv
 .data.frequencies
                0x0000000020000264        0xc CMakeFiles/pico-pwm-audio.dir/pico-pwm-audio.c.obj
                0x0000000020000264                frequencies
 .data.frequency
                0x0000000020000270        0x4 CMakeFiles/pico-pwm-audio.dir/pico-pwm-audio.c.obj
                0x0000000020000270                frequency
 .data.timeInterval
                0x0000000020000274        0x4 CMakeFiles/pico-pwm-audio.dir/pico-pwm-audio.c.obj
                0x0000000020000274                timeInterval
 .data.striped_spin_lock_num
                0x0000000020000278        0x1 CMakeFiles/pico-pwm-audio.dir/home/vboxuser/raspberry-pi-pico/pico/pico-sdk/src/rp2_common/hardware_sync/sync.c.obj
 *fill*         0x0000000020000279        0x3 
 .data          0x000000002000027c       0x48 CMakeFiles/pico-pwm-audio.dir/home/vboxuser/raspberry-pi-pico/pico/pico-sdk/src/rp2_common/hardware_irq/irq_handler_chain.S.obj
                0x000000002000027c                irq_handler_chain_slots
                0x00000000200002ac                irq_handler_chain_first_slot
                0x00000000200002b6                irq_handler_chain_remove_tail
 .data.default_alarm_pool
                0x00000000200002c4       0x18 CMakeFiles/pico-pwm-audio.dir/home/vboxuser/raspberry-pi-pico/pico/pico-sdk/src/common/pico_time/time.c.obj
 .data.default_alarm_pool_heap
                0x00000000200002dc       0x10 CMakeFiles/pico-pwm-audio.dir/home/vboxuser/raspberry-pi-pico/pico/pico-sdk/src/common/pico_time/time.c.obj
 *fill*         0x00000000200002ec        0x4 
 .data.aeabi_bits_funcs
                0x00000000200002f0       0x10 CMakeFiles/pico-pwm-audio.dir/home/vboxuser/raspberry-pi-pico/pico/pico-sdk/src/rp2_common/pico_bit_ops/bit_ops_aeabi.S.obj
                0x00000000200002f0                aeabi_bits_funcs
                0x0000000020000300                aeabi_bits_funcs_end
 .data.aeabi_mem_funcs
                0x0000000020000300       0x10 CMakeFiles/pico-pwm-audio.dir/home/vboxuser/raspberry-pi-pico/pico/pico-sdk/src/rp2_common/pico_mem_ops/mem_ops_aeabi.S.obj
                0x0000000020000300                aeabi_mem_funcs
                0x0000000020000310                aeabi_mem_funcs_end
 .data.stdio_uart
                0x0000000020000310       0x14 CMakeFiles/pico-pwm-audio.dir/home/vboxuser/raspberry-pi-pico/pico/pico-sdk/src/rp2_common/pico_stdio_uart/stdio_uart.c.obj
                0x0000000020000310                stdio_uart
                0x0000000020000324                . = ALIGN (0x4)
 *(.after_data.*)
                0x0000000020000324                . = ALIGN (0x4)
                0x0000000020000324                PROVIDE (__mutex_array_start = .)
 *(SORT_BY_NAME(.mutex_array.*))
 *(.mutex_array)
 .mutex_array   0x0000000020000324        0x8 CMakeFiles/pico-pwm-audio.dir/home/vboxuser/raspberry-pi-pico/pico/pico-sdk/src/rp2_common/pico_stdio/stdio.c.obj
                0x000000002000032c                PROVIDE (__mutex_array_end = .)
                0x000000002000032c                . = ALIGN (0x4)
                0x000000002000032c                PROVIDE (__preinit_array_start = .)
 *(SORT_BY_NAME(.preinit_array.*))
 .preinit_array.00001
                0x000000002000032c        0x4 CMakeFiles/pico-pwm-audio.dir/home/vboxuser/raspberry-pi-pico/pico/pico-sdk/src/rp2_common/pico_mem_ops/mem_ops_aeabi.S.obj
 .preinit_array.00010
                0x0000000020000330        0x4 CMakeFiles/pico-pwm-audio.dir/home/vboxuser/raspberry-pi-pico/pico/pico-sdk/src/rp2_common/pico_bit_ops/bit_ops_aeabi.S.obj
 .preinit_array.00020
                0x0000000020000334        0x4 CMakeFiles/pico-pwm-audio.dir/home/vboxuser/raspberry-pi-pico/pico/pico-sdk/src/rp2_common/pico_double/double_aeabi.S.obj
 .preinit_array.00020
                0x0000000020000338        0x4 CMakeFiles/pico-pwm-audio.dir/home/vboxuser/raspberry-pi-pico/pico/pico-sdk/src/rp2_common/pico_float/float_aeabi.S.obj
 *(.preinit_array)
                0x000000002000033c                PROVIDE (__preinit_array_end = .)
                0x000000002000033c                . = ALIGN (0x4)
                0x000000002000033c                PROVIDE (__init_array_start = .)
 *(SORT_BY_NAME(.init_array.*))
 *(.init_array)
 .init_array    0x000000002000033c        0x4 /usr/lib/gcc/arm-none-eabi/10.3.1/thumb/v6-m/nofp/crtbegin.o
                0x0000000020000340                PROVIDE (__init_array_end = .)
                0x0000000020000340                . = ALIGN (0x4)
                0x0000000020000340                PROVIDE (__fini_array_start = .)
 *(SORT_BY_NAME(.fini_array.*))
 *(.fini_array)
                0x0000000020000340                PROVIDE (__fini_array_end = .)
 *(.jcr)
                0x0000000020000340                . = ALIGN (0x4)
                0x0000000020000340                __data_end__ = .

.tm_clone_table
                0x0000000020000340        0x0 load address 0x0000000010005538
 .tm_clone_table
                0x0000000020000340        0x0 /usr/lib/gcc/arm-none-eabi/10.3.1/thumb/v6-m/nofp/crtbegin.o
 .tm_clone_table
                0x0000000020000340        0x0 /usr/lib/gcc/arm-none-eabi/10.3.1/thumb/v6-m/nofp/crtend.o

.igot.plt       0x0000000020000340        0x0 load address 0x0000000010005538
 .igot.plt      0x0000000020000340        0x0 /usr/lib/gcc/arm-none-eabi/10.3.1/thumb/v6-m/nofp/crtbegin.o

.uninitialized_data
                0x0000000020000340        0x0 load address 0x0000000010005538
                0x0000000020000340                . = ALIGN (0x4)
 *(.uninitialized_data*)

.scratch_x      0x0000000020040000        0x0 load address 0x0000000010005538
                0x0000000020040000                __scratch_x_start__ = .
 *(.scratch_x.*)
                0x0000000020040000                . = ALIGN (0x4)
                0x0000000020040000                __scratch_x_end__ = .
                0x0000000010005538                __scratch_x_source__ = LOADADDR (.scratch_x)

.scratch_y      0x0000000020041000        0x0 load address 0x0000000010005538
                0x0000000020041000                __scratch_y_start__ = .
 *(.scratch_y.*)
                0x0000000020041000                . = ALIGN (0x4)
                0x0000000020041000                __scratch_y_end__ = .
                0x0000000010005538                __scratch_y_source__ = LOADADDR (.scratch_y)

.bss            0x0000000020000340      0x3dc
                0x0000000020000340                . = ALIGN (0x4)
                0x0000000020000340                __bss_start__ = .
 *(SORT_BY_ALIGNMENT(SORT_BY_NAME(.bss*)))
 .bss.default_alarm_pool_entries
                0x0000000020000340      0x100 CMakeFiles/pico-pwm-audio.dir/home/vboxuser/raspberry-pi-pico/pico/pico-sdk/src/common/pico_time/time.c.obj
 .bss           0x0000000020000440       0x1c /usr/lib/gcc/arm-none-eabi/10.3.1/thumb/v6-m/nofp/crtbegin.o
 .bss.alarm_callbacks
                0x000000002000045c       0x10 CMakeFiles/pico-pwm-audio.dir/home/vboxuser/raspberry-pi-pico/pico/pico-sdk/src/rp2_common/hardware_timer/timer.c.obj
 .bss.configured_freq
                0x000000002000046c       0x28 CMakeFiles/pico-pwm-audio.dir/home/vboxuser/raspberry-pi-pico/pico/pico-sdk/src/rp2_common/hardware_clocks/clocks.c.obj
 .bss.default_alarm_pool_entry_ids_high
                0x0000000020000494       0x10 CMakeFiles/pico-pwm-audio.dir/home/vboxuser/raspberry-pi-pico/pico/pico-sdk/src/common/pico_time/time.c.obj
 .bss.default_alarm_pool_heap_nodes
                0x00000000200004a4       0x30 CMakeFiles/pico-pwm-audio.dir/home/vboxuser/raspberry-pi-pico/pico/pico-sdk/src/common/pico_time/time.c.obj
 .bss.drivers   0x00000000200004d4        0x4 CMakeFiles/pico-pwm-audio.dir/home/vboxuser/raspberry-pi-pico/pico/pico-sdk/src/rp2_common/pico_stdio/stdio.c.obj
 .bss.filter    0x00000000200004d8        0x4 CMakeFiles/pico-pwm-audio.dir/home/vboxuser/raspberry-pi-pico/pico/pico-sdk/src/rp2_common/pico_stdio/stdio.c.obj
 .bss.freqNum   0x00000000200004dc        0x4 CMakeFiles/pico-pwm-audio.dir/pico-pwm-audio.c.obj
                0x00000000200004dc                freqNum
 .bss.interval  0x00000000200004e0        0x4 CMakeFiles/pico-pwm-audio.dir/pico-pwm-audio.c.obj
                0x00000000200004e0                interval
 .bss.pools     0x00000000200004e4       0x10 CMakeFiles/pico-pwm-audio.dir/home/vboxuser/raspberry-pi-pico/pico/pico-sdk/src/common/pico_time/time.c.obj
 .bss.sd_table  0x00000000200004f4      0x100 CMakeFiles/pico-pwm-audio.dir/home/vboxuser/raspberry-pi-pico/pico/pico-sdk/src/rp2_common/pico_double/double_init_rom.c.obj
                0x00000000200004f4                sd_table
 .bss.sf_clz_func
                0x00000000200005f4        0x4 CMakeFiles/pico-pwm-audio.dir/home/vboxuser/raspberry-pi-pico/pico/pico-sdk/src/rp2_common/pico_double/double_init_rom.c.obj
                0x00000000200005f4                sf_clz_func
 .bss.sf_table  0x00000000200005f8      0x100 CMakeFiles/pico-pwm-audio.dir/home/vboxuser/raspberry-pi-pico/pico/pico-sdk/src/rp2_common/pico_float/float_init_rom.c.obj
                0x00000000200005f8                sf_table
 .bss.sleep_notifier
                0x00000000200006f8        0x4 CMakeFiles/pico-pwm-audio.dir/home/vboxuser/raspberry-pi-pico/pico/pico-sdk/src/common/pico_time/time.c.obj
 .bss.target_hi
                0x00000000200006fc       0x10 CMakeFiles/pico-pwm-audio.dir/home/vboxuser/raspberry-pi-pico/pico/pico-sdk/src/rp2_common/hardware_timer/timer.c.obj
 .bss.uart_char_to_line_feed
                0x000000002000070c        0x4 CMakeFiles/pico-pwm-audio.dir/home/vboxuser/raspberry-pi-pico/pico/pico-sdk/src/rp2_common/hardware_uart/uart.c.obj
                0x000000002000070c                uart_char_to_line_feed
 .bss.uart_instance
                0x0000000020000710        0x4 CMakeFiles/pico-pwm-audio.dir/home/vboxuser/raspberry-pi-pico/pico/pico-sdk/src/rp2_common/pico_stdio_uart/stdio_uart.c.obj
 .bss.wav_position
                0x0000000020000714        0x4 CMakeFiles/pico-pwm-audio.dir/pico-pwm-audio.c.obj
                0x0000000020000714                wav_position
 .bss.claimed   0x0000000020000718        0x1 CMakeFiles/pico-pwm-audio.dir/home/vboxuser/raspberry-pi-pico/pico/pico-sdk/src/rp2_common/hardware_timer/timer.c.obj
 .bss.irq_hander_chain_free_slot_head
                0x0000000020000719        0x1 CMakeFiles/pico-pwm-audio.dir/home/vboxuser/raspberry-pi-pico/pico/pico-sdk/src/rp2_common/hardware_irq/irq.c.obj
 .bss.timer_callbacks_pending
                0x000000002000071a        0x1 CMakeFiles/pico-pwm-audio.dir/home/vboxuser/raspberry-pi-pico/pico/pico-sdk/src/rp2_common/hardware_timer/timer.c.obj
 *(COMMON)
                0x000000002000071c                . = ALIGN (0x4)
 *fill*         0x000000002000071b        0x1 
                0x000000002000071c                __bss_end__ = .

.heap           0x000000002000071c      0x800
                0x000000002000071c                __end__ = .
                0x000000002000071c                end = __end__
 *(.heap*)
 .heap          0x000000002000071c      0x800 CMakeFiles/pico-pwm-audio.dir/home/vboxuser/raspberry-pi-pico/pico/pico-sdk/src/rp2_common/pico_standard_link/crt0.S.obj
                0x0000000020000f1c                __HeapLimit = .

.stack1_dummy   0x0000000020040000        0x0
 *(.stack1*)

.stack_dummy    0x0000000020041000      0x800
 *(.stack*)
 .stack         0x0000000020041000      0x800 CMakeFiles/pico-pwm-audio.dir/home/vboxuser/raspberry-pi-pico/pico/pico-sdk/src/rp2_common/pico_standard_link/crt0.S.obj

.flash_end      0x0000000010005538        0x0
                0x0000000010005538                __flash_binary_end = .
                0x0000000020040000                __StackLimit = (ORIGIN (RAM) + LENGTH (RAM))
                0x0000000020041000                __StackOneTop = (ORIGIN (SCRATCH_X) + LENGTH (SCRATCH_X))
                0x0000000020042000                __StackTop = (ORIGIN (SCRATCH_Y) + LENGTH (SCRATCH_Y))
                0x0000000020041000                __StackOneBottom = (__StackOneTop - SIZEOF (.stack1_dummy))
                0x0000000020041800                __StackBottom = (__StackTop - SIZEOF (.stack_dummy))
                0x0000000020042000                PROVIDE (__stack = __StackTop)
                0x0000000000000001                ASSERT ((__StackLimit >= __HeapLimit), region RAM overflowed)
                0x0000000000000001                ASSERT (((__binary_info_header_end - __logical_binary_start) <= 0x100), Binary info must be in first 256 bytes of the binary)
LOAD CMakeFiles/pico-pwm-audio.dir/pico-pwm-audio.c.obj
LOAD CMakeFiles/pico-pwm-audio.dir/home/vboxuser/raspberry-pi-pico/pico/pico-sdk/src/rp2_common/pico_stdlib/stdlib.c.obj
LOAD CMakeFiles/pico-pwm-audio.dir/home/vboxuser/raspberry-pi-pico/pico/pico-sdk/src/rp2_common/hardware_gpio/gpio.c.obj
LOAD CMakeFiles/pico-pwm-audio.dir/home/vboxuser/raspberry-pi-pico/pico/pico-sdk/src/rp2_common/hardware_claim/claim.c.obj
LOAD CMakeFiles/pico-pwm-audio.dir/home/vboxuser/raspberry-pi-pico/pico/pico-sdk/src/rp2_common/pico_platform/platform.c.obj
LOAD CMakeFiles/pico-pwm-audio.dir/home/vboxuser/raspberry-pi-pico/pico/pico-sdk/src/rp2_common/hardware_sync/sync.c.obj
LOAD CMakeFiles/pico-pwm-audio.dir/home/vboxuser/raspberry-pi-pico/pico/pico-sdk/src/rp2_common/hardware_irq/irq.c.obj
LOAD CMakeFiles/pico-pwm-audio.dir/home/vboxuser/raspberry-pi-pico/pico/pico-sdk/src/rp2_common/hardware_irq/irq_handler_chain.S.obj
LOAD CMakeFiles/pico-pwm-audio.dir/home/vboxuser/raspberry-pi-pico/pico/pico-sdk/src/common/pico_sync/sem.c.obj
LOAD CMakeFiles/pico-pwm-audio.dir/home/vboxuser/raspberry-pi-pico/pico/pico-sdk/src/common/pico_sync/lock_core.c.obj
LOAD CMakeFiles/pico-pwm-audio.dir/home/vboxuser/raspberry-pi-pico/pico/pico-sdk/src/common/pico_time/time.c.obj
LOAD CMakeFiles/pico-pwm-audio.dir/home/vboxuser/raspberry-pi-pico/pico/pico-sdk/src/common/pico_time/timeout_helper.c.obj
LOAD CMakeFiles/pico-pwm-audio.dir/home/vboxuser/raspberry-pi-pico/pico/pico-sdk/src/rp2_common/hardware_timer/timer.c.obj
LOAD CMakeFiles/pico-pwm-audio.dir/home/vboxuser/raspberry-pi-pico/pico/pico-sdk/src/common/pico_util/datetime.c.obj
LOAD CMakeFiles/pico-pwm-audio.dir/home/vboxuser/raspberry-pi-pico/pico/pico-sdk/src/common/pico_util/pheap.c.obj
LOAD CMakeFiles/pico-pwm-audio.dir/home/vboxuser/raspberry-pi-pico/pico/pico-sdk/src/common/pico_util/queue.c.obj
LOAD CMakeFiles/pico-pwm-audio.dir/home/vboxuser/raspberry-pi-pico/pico/pico-sdk/src/common/pico_sync/mutex.c.obj
LOAD CMakeFiles/pico-pwm-audio.dir/home/vboxuser/raspberry-pi-pico/pico/pico-sdk/src/common/pico_sync/critical_section.c.obj
LOAD CMakeFiles/pico-pwm-audio.dir/home/vboxuser/raspberry-pi-pico/pico/pico-sdk/src/rp2_common/hardware_uart/uart.c.obj
LOAD CMakeFiles/pico-pwm-audio.dir/home/vboxuser/raspberry-pi-pico/pico/pico-sdk/src/rp2_common/hardware_divider/divider.S.obj
LOAD CMakeFiles/pico-pwm-audio.dir/home/vboxuser/raspberry-pi-pico/pico/pico-sdk/src/rp2_common/pico_runtime/runtime.c.obj
LOAD CMakeFiles/pico-pwm-audio.dir/home/vboxuser/raspberry-pi-pico/pico/pico-sdk/src/rp2_common/hardware_clocks/clocks.c.obj
LOAD CMakeFiles/pico-pwm-audio.dir/home/vboxuser/raspberry-pi-pico/pico/pico-sdk/src/rp2_common/hardware_pll/pll.c.obj
LOAD CMakeFiles/pico-pwm-audio.dir/home/vboxuser/raspberry-pi-pico/pico/pico-sdk/src/rp2_common/hardware_vreg/vreg.c.obj
LOAD CMakeFiles/pico-pwm-audio.dir/home/vboxuser/raspberry-pi-pico/pico/pico-sdk/src/rp2_common/hardware_watchdog/watchdog.c.obj
LOAD CMakeFiles/pico-pwm-audio.dir/home/vboxuser/raspberry-pi-pico/pico/pico-sdk/src/rp2_common/hardware_xosc/xosc.c.obj
LOAD CMakeFiles/pico-pwm-audio.dir/home/vboxuser/raspberry-pi-pico/pico/pico-sdk/src/rp2_common/pico_printf/printf.c.obj
LOAD CMakeFiles/pico-pwm-audio.dir/home/vboxuser/raspberry-pi-pico/pico/pico-sdk/src/rp2_common/pico_bit_ops/bit_ops_aeabi.S.obj
LOAD CMakeFiles/pico-pwm-audio.dir/home/vboxuser/raspberry-pi-pico/pico/pico-sdk/src/rp2_common/pico_bootrom/bootrom.c.obj
LOAD CMakeFiles/pico-pwm-audio.dir/home/vboxuser/raspberry-pi-pico/pico/pico-sdk/src/rp2_common/pico_divider/divider.S.obj
LOAD CMakeFiles/pico-pwm-audio.dir/home/vboxuser/raspberry-pi-pico/pico/pico-sdk/src/rp2_common/pico_double/double_aeabi.S.obj
LOAD CMakeFiles/pico-pwm-audio.dir/home/vboxuser/raspberry-pi-pico/pico/pico-sdk/src/rp2_common/pico_double/double_init_rom.c.obj
LOAD CMakeFiles/pico-pwm-audio.dir/home/vboxuser/raspberry-pi-pico/pico/pico-sdk/src/rp2_common/pico_double/double_math.c.obj
LOAD CMakeFiles/pico-pwm-audio.dir/home/vboxuser/raspberry-pi-pico/pico/pico-sdk/src/rp2_common/pico_double/double_v1_rom_shim.S.obj
LOAD CMakeFiles/pico-pwm-audio.dir/home/vboxuser/raspberry-pi-pico/pico/pico-sdk/src/rp2_common/pico_int64_ops/pico_int64_ops_aeabi.S.obj
LOAD CMakeFiles/pico-pwm-audio.dir/home/vboxuser/raspberry-pi-pico/pico/pico-sdk/src/rp2_common/pico_float/float_aeabi.S.obj
LOAD CMakeFiles/pico-pwm-audio.dir/home/vboxuser/raspberry-pi-pico/pico/pico-sdk/src/rp2_common/pico_float/float_init_rom.c.obj
LOAD CMakeFiles/pico-pwm-audio.dir/home/vboxuser/raspberry-pi-pico/pico/pico-sdk/src/rp2_common/pico_float/float_math.c.obj
LOAD CMakeFiles/pico-pwm-audio.dir/home/vboxuser/raspberry-pi-pico/pico/pico-sdk/src/rp2_common/pico_float/float_v1_rom_shim.S.obj
LOAD CMakeFiles/pico-pwm-audio.dir/home/vboxuser/raspberry-pi-pico/pico/pico-sdk/src/rp2_common/pico_malloc/pico_malloc.c.obj
LOAD CMakeFiles/pico-pwm-audio.dir/home/vboxuser/raspberry-pi-pico/pico/pico-sdk/src/rp2_common/pico_mem_ops/mem_ops_aeabi.S.obj
LOAD CMakeFiles/pico-pwm-audio.dir/home/vboxuser/raspberry-pi-pico/pico/pico-sdk/src/rp2_common/pico_standard_link/crt0.S.obj
LOAD CMakeFiles/pico-pwm-audio.dir/home/vboxuser/raspberry-pi-pico/pico/pico-sdk/src/rp2_common/pico_standard_link/new_delete.cpp.obj
LOAD CMakeFiles/pico-pwm-audio.dir/home/vboxuser/raspberry-pi-pico/pico/pico-sdk/src/rp2_common/pico_standard_link/binary_info.c.obj
LOAD CMakeFiles/pico-pwm-audio.dir/home/vboxuser/raspberry-pi-pico/pico/pico-sdk/src/rp2_common/pico_stdio/stdio.c.obj
LOAD CMakeFiles/pico-pwm-audio.dir/home/vboxuser/raspberry-pi-pico/pico/pico-sdk/src/rp2_common/pico_stdio_uart/stdio_uart.c.obj
LOAD CMakeFiles/pico-pwm-audio.dir/home/vboxuser/raspberry-pi-pico/pico/pico-sdk/src/rp2_common/hardware_dma/dma.c.obj
LOAD CMakeFiles/pico-pwm-audio.dir/home/vboxuser/raspberry-pi-pico/pico/pico-sdk/src/rp2_common/hardware_pio/pio.c.obj
LOAD /tmp/ccns83WX.o
LOAD /usr/lib/gcc/arm-none-eabi/10.3.1/../../../arm-none-eabi/lib/thumb/v6-m/nofp/libstdc++.a
LOAD /usr/lib/gcc/arm-none-eabi/10.3.1/../../../arm-none-eabi/lib/thumb/v6-m/nofp/libm.a
START GROUP
LOAD /usr/lib/gcc/arm-none-eabi/10.3.1/thumb/v6-m/nofp/libgcc.a
LOAD /usr/lib/gcc/arm-none-eabi/10.3.1/../../../arm-none-eabi/lib/thumb/v6-m/nofp/libg.a
LOAD /usr/lib/gcc/arm-none-eabi/10.3.1/../../../arm-none-eabi/lib/thumb/v6-m/nofp/libc.a
END GROUP
START GROUP
LOAD /usr/lib/gcc/arm-none-eabi/10.3.1/thumb/v6-m/nofp/libgcc.a
LOAD /usr/lib/gcc/arm-none-eabi/10.3.1/../../../arm-none-eabi/lib/thumb/v6-m/nofp/libc.a
LOAD /usr/lib/gcc/arm-none-eabi/10.3.1/../../../arm-none-eabi/lib/thumb/v6-m/nofp/libnosys.a
END GROUP
LOAD /usr/lib/gcc/arm-none-eabi/10.3.1/thumb/v6-m/nofp/crtend.o
LOAD /usr/lib/gcc/arm-none-eabi/10.3.1/thumb/v6-m/nofp/crtn.o
OUTPUT(pico-pwm-audio.elf elf32-littlearm)
LOAD linker stubs

.ARM.attributes
                0x0000000000000000       0x28
 .ARM.attributes
                0x0000000000000000       0x1e /usr/lib/gcc/arm-none-eabi/10.3.1/thumb/v6-m/nofp/crti.o
 .ARM.attributes
                0x000000000000001e       0x2c /usr/lib/gcc/arm-none-eabi/10.3.1/thumb/v6-m/nofp/crtbegin.o
 .ARM.attributes
                0x000000000000004a       0x2c CMakeFiles/pico-pwm-audio.dir/pico-pwm-audio.c.obj
 .ARM.attributes
                0x0000000000000076       0x2c CMakeFiles/pico-pwm-audio.dir/home/vboxuser/raspberry-pi-pico/pico/pico-sdk/src/rp2_common/pico_stdlib/stdlib.c.obj
 .ARM.attributes
                0x00000000000000a2       0x2c CMakeFiles/pico-pwm-audio.dir/home/vboxuser/raspberry-pi-pico/pico/pico-sdk/src/rp2_common/hardware_gpio/gpio.c.obj
 .ARM.attributes
                0x00000000000000ce       0x2c CMakeFiles/pico-pwm-audio.dir/home/vboxuser/raspberry-pi-pico/pico/pico-sdk/src/rp2_common/hardware_claim/claim.c.obj
 .ARM.attributes
                0x00000000000000fa       0x2c CMakeFiles/pico-pwm-audio.dir/home/vboxuser/raspberry-pi-pico/pico/pico-sdk/src/rp2_common/pico_platform/platform.c.obj
 .ARM.attributes
                0x0000000000000126       0x2c CMakeFiles/pico-pwm-audio.dir/home/vboxuser/raspberry-pi-pico/pico/pico-sdk/src/rp2_common/hardware_sync/sync.c.obj
 .ARM.attributes
                0x0000000000000152       0x2c CMakeFiles/pico-pwm-audio.dir/home/vboxuser/raspberry-pi-pico/pico/pico-sdk/src/rp2_common/hardware_irq/irq.c.obj
 .ARM.attributes
                0x000000000000017e       0x22 CMakeFiles/pico-pwm-audio.dir/home/vboxuser/raspberry-pi-pico/pico/pico-sdk/src/rp2_common/hardware_irq/irq_handler_chain.S.obj
 .ARM.attributes
                0x00000000000001a0       0x2c CMakeFiles/pico-pwm-audio.dir/home/vboxuser/raspberry-pi-pico/pico/pico-sdk/src/common/pico_sync/lock_core.c.obj
 .ARM.attributes
                0x00000000000001cc       0x2c CMakeFiles/pico-pwm-audio.dir/home/vboxuser/raspberry-pi-pico/pico/pico-sdk/src/common/pico_time/time.c.obj
 .ARM.attributes
                0x00000000000001f8       0x2c CMakeFiles/pico-pwm-audio.dir/home/vboxuser/raspberry-pi-pico/pico/pico-sdk/src/rp2_common/hardware_timer/timer.c.obj
 .ARM.attributes
                0x0000000000000224       0x2c CMakeFiles/pico-pwm-audio.dir/home/vboxuser/raspberry-pi-pico/pico/pico-sdk/src/common/pico_util/pheap.c.obj
 .ARM.attributes
                0x0000000000000250       0x2c CMakeFiles/pico-pwm-audio.dir/home/vboxuser/raspberry-pi-pico/pico/pico-sdk/src/common/pico_sync/mutex.c.obj
 .ARM.attributes
                0x000000000000027c       0x2c CMakeFiles/pico-pwm-audio.dir/home/vboxuser/raspberry-pi-pico/pico/pico-sdk/src/rp2_common/hardware_uart/uart.c.obj
 .ARM.attributes
                0x00000000000002a8       0x2c CMakeFiles/pico-pwm-audio.dir/home/vboxuser/raspberry-pi-pico/pico/pico-sdk/src/rp2_common/pico_runtime/runtime.c.obj
 .ARM.attributes
                0x00000000000002d4       0x2c CMakeFiles/pico-pwm-audio.dir/home/vboxuser/raspberry-pi-pico/pico/pico-sdk/src/rp2_common/hardware_clocks/clocks.c.obj
 .ARM.attributes
                0x0000000000000300       0x2c CMakeFiles/pico-pwm-audio.dir/home/vboxuser/raspberry-pi-pico/pico/pico-sdk/src/rp2_common/hardware_pll/pll.c.obj
 .ARM.attributes
                0x000000000000032c       0x2c CMakeFiles/pico-pwm-audio.dir/home/vboxuser/raspberry-pi-pico/pico/pico-sdk/src/rp2_common/hardware_watchdog/watchdog.c.obj
 .ARM.attributes
                0x0000000000000358       0x2c CMakeFiles/pico-pwm-audio.dir/home/vboxuser/raspberry-pi-pico/pico/pico-sdk/src/rp2_common/hardware_xosc/xosc.c.obj
 .ARM.attributes
                0x0000000000000384       0x2c CMakeFiles/pico-pwm-audio.dir/home/vboxuser/raspberry-pi-pico/pico/pico-sdk/src/rp2_common/pico_printf/printf.c.obj
 .ARM.attributes
                0x00000000000003b0       0x22 CMakeFiles/pico-pwm-audio.dir/home/vboxuser/raspberry-pi-pico/pico/pico-sdk/src/rp2_common/pico_bit_ops/bit_ops_aeabi.S.obj
 .ARM.attributes
                0x00000000000003d2       0x2c CMakeFiles/pico-pwm-audio.dir/home/vboxuser/raspberry-pi-pico/pico/pico-sdk/src/rp2_common/pico_bootrom/bootrom.c.obj
 .ARM.attributes
                0x00000000000003fe       0x22 CMakeFiles/pico-pwm-audio.dir/home/vboxuser/raspberry-pi-pico/pico/pico-sdk/src/rp2_common/pico_divider/divider.S.obj
 .ARM.attributes
                0x0000000000000420       0x22 CMakeFiles/pico-pwm-audio.dir/home/vboxuser/raspberry-pi-pico/pico/pico-sdk/src/rp2_common/pico_double/double_aeabi.S.obj
 .ARM.attributes
                0x0000000000000442       0x2c CMakeFiles/pico-pwm-audio.dir/home/vboxuser/raspberry-pi-pico/pico/pico-sdk/src/rp2_common/pico_double/double_init_rom.c.obj
 .ARM.attributes
                0x000000000000046e       0x22 CMakeFiles/pico-pwm-audio.dir/home/vboxuser/raspberry-pi-pico/pico/pico-sdk/src/rp2_common/pico_double/double_v1_rom_shim.S.obj
 .ARM.attributes
                0x0000000000000490       0x22 CMakeFiles/pico-pwm-audio.dir/home/vboxuser/raspberry-pi-pico/pico/pico-sdk/src/rp2_common/pico_float/float_aeabi.S.obj
 .ARM.attributes
                0x00000000000004b2       0x2c CMakeFiles/pico-pwm-audio.dir/home/vboxuser/raspberry-pi-pico/pico/pico-sdk/src/rp2_common/pico_float/float_init_rom.c.obj
 .ARM.attributes
                0x00000000000004de       0x22 CMakeFiles/pico-pwm-audio.dir/home/vboxuser/raspberry-pi-pico/pico/pico-sdk/src/rp2_common/pico_float/float_v1_rom_shim.S.obj
 .ARM.attributes
                0x0000000000000500       0x22 CMakeFiles/pico-pwm-audio.dir/home/vboxuser/raspberry-pi-pico/pico/pico-sdk/src/rp2_common/pico_mem_ops/mem_ops_aeabi.S.obj
 .ARM.attributes
                0x0000000000000522       0x22 CMakeFiles/pico-pwm-audio.dir/home/vboxuser/raspberry-pi-pico/pico/pico-sdk/src/rp2_common/pico_standard_link/crt0.S.obj
 .ARM.attributes
                0x0000000000000544       0x32 CMakeFiles/pico-pwm-audio.dir/home/vboxuser/raspberry-pi-pico/pico/pico-sdk/src/rp2_common/pico_standard_link/binary_info.c.obj
 .ARM.attributes
                0x0000000000000576       0x2c CMakeFiles/pico-pwm-audio.dir/home/vboxuser/raspberry-pi-pico/pico/pico-sdk/src/rp2_common/pico_stdio/stdio.c.obj
 .ARM.attributes
                0x00000000000005a2       0x2c CMakeFiles/pico-pwm-audio.dir/home/vboxuser/raspberry-pi-pico/pico/pico-sdk/src/rp2_common/pico_stdio_uart/stdio_uart.c.obj
 .ARM.attributes
                0x00000000000005ce       0x22 /tmp/ccns83WX.o
 .ARM.attributes
                0x00000000000005f0       0x1e /usr/lib/gcc/arm-none-eabi/10.3.1/thumb/v6-m/nofp/libgcc.a(_dvmd_tls.o)
 .ARM.attributes
                0x000000000000060e       0x2c /usr/lib/gcc/arm-none-eabi/10.3.1/../../../arm-none-eabi/lib/thumb/v6-m/nofp/libg.a(lib_a-strlen-stub.o)
 .ARM.attributes
                0x000000000000063a       0x2c /usr/lib/gcc/arm-none-eabi/10.3.1/thumb/v6-m/nofp/crtend.o

.comment        0x0000000000000000       0x33
 .comment       0x0000000000000000       0x33 /usr/lib/gcc/arm-none-eabi/10.3.1/thumb/v6-m/nofp/crtbegin.o
                                         0x34 (size before relaxing)
 .comment       0x0000000000000033       0x34 CMakeFiles/pico-pwm-audio.dir/pico-pwm-audio.c.obj
 .comment       0x0000000000000033       0x34 CMakeFiles/pico-pwm-audio.dir/home/vboxuser/raspberry-pi-pico/pico/pico-sdk/src/rp2_common/pico_stdlib/stdlib.c.obj
 .comment       0x0000000000000033       0x34 CMakeFiles/pico-pwm-audio.dir/home/vboxuser/raspberry-pi-pico/pico/pico-sdk/src/rp2_common/hardware_gpio/gpio.c.obj
 .comment       0x0000000000000033       0x34 CMakeFiles/pico-pwm-audio.dir/home/vboxuser/raspberry-pi-pico/pico/pico-sdk/src/rp2_common/hardware_claim/claim.c.obj
 .comment       0x0000000000000033       0x34 CMakeFiles/pico-pwm-audio.dir/home/vboxuser/raspberry-pi-pico/pico/pico-sdk/src/rp2_common/pico_platform/platform.c.obj
 .comment       0x0000000000000033       0x34 CMakeFiles/pico-pwm-audio.dir/home/vboxuser/raspberry-pi-pico/pico/pico-sdk/src/rp2_common/hardware_sync/sync.c.obj
 .comment       0x0000000000000033       0x34 CMakeFiles/pico-pwm-audio.dir/home/vboxuser/raspberry-pi-pico/pico/pico-sdk/src/rp2_common/hardware_irq/irq.c.obj
 .comment       0x0000000000000033       0x34 CMakeFiles/pico-pwm-audio.dir/home/vboxuser/raspberry-pi-pico/pico/pico-sdk/src/common/pico_sync/lock_core.c.obj
 .comment       0x0000000000000033       0x34 CMakeFiles/pico-pwm-audio.dir/home/vboxuser/raspberry-pi-pico/pico/pico-sdk/src/common/pico_time/time.c.obj
 .comment       0x0000000000000033       0x34 CMakeFiles/pico-pwm-audio.dir/home/vboxuser/raspberry-pi-pico/pico/pico-sdk/src/rp2_common/hardware_timer/timer.c.obj
 .comment       0x0000000000000033       0x34 CMakeFiles/pico-pwm-audio.dir/home/vboxuser/raspberry-pi-pico/pico/pico-sdk/src/common/pico_util/pheap.c.obj
 .comment       0x0000000000000033       0x34 CMakeFiles/pico-pwm-audio.dir/home/vboxuser/raspberry-pi-pico/pico/pico-sdk/src/common/pico_sync/mutex.c.obj
 .comment       0x0000000000000033       0x34 CMakeFiles/pico-pwm-audio.dir/home/vboxuser/raspberry-pi-pico/pico/pico-sdk/src/rp2_common/hardware_uart/uart.c.obj
 .comment       0x0000000000000033       0x34 CMakeFiles/pico-pwm-audio.dir/home/vboxuser/raspberry-pi-pico/pico/pico-sdk/src/rp2_common/pico_runtime/runtime.c.obj
 .comment       0x0000000000000033       0x34 CMakeFiles/pico-pwm-audio.dir/home/vboxuser/raspberry-pi-pico/pico/pico-sdk/src/rp2_common/hardware_clocks/clocks.c.obj
 .comment       0x0000000000000033       0x34 CMakeFiles/pico-pwm-audio.dir/home/vboxuser/raspberry-pi-pico/pico/pico-sdk/src/rp2_common/hardware_pll/pll.c.obj
 .comment       0x0000000000000033       0x34 CMakeFiles/pico-pwm-audio.dir/home/vboxuser/raspberry-pi-pico/pico/pico-sdk/src/rp2_common/hardware_watchdog/watchdog.c.obj
 .comment       0x0000000000000033       0x34 CMakeFiles/pico-pwm-audio.dir/home/vboxuser/raspberry-pi-pico/pico/pico-sdk/src/rp2_common/hardware_xosc/xosc.c.obj
 .comment       0x0000000000000033       0x34 CMakeFiles/pico-pwm-audio.dir/home/vboxuser/raspberry-pi-pico/pico/pico-sdk/src/rp2_common/pico_printf/printf.c.obj
 .comment       0x0000000000000033       0x34 CMakeFiles/pico-pwm-audio.dir/home/vboxuser/raspberry-pi-pico/pico/pico-sdk/src/rp2_common/pico_bootrom/bootrom.c.obj
 .comment       0x0000000000000033       0x34 CMakeFiles/pico-pwm-audio.dir/home/vboxuser/raspberry-pi-pico/pico/pico-sdk/src/rp2_common/pico_double/double_init_rom.c.obj
 .comment       0x0000000000000033       0x34 CMakeFiles/pico-pwm-audio.dir/home/vboxuser/raspberry-pi-pico/pico/pico-sdk/src/rp2_common/pico_float/float_init_rom.c.obj
 .comment       0x0000000000000033       0x34 CMakeFiles/pico-pwm-audio.dir/home/vboxuser/raspberry-pi-pico/pico/pico-sdk/src/rp2_common/pico_standard_link/binary_info.c.obj
 .comment       0x0000000000000033       0x34 CMakeFiles/pico-pwm-audio.dir/home/vboxuser/raspberry-pi-pico/pico/pico-sdk/src/rp2_common/pico_stdio/stdio.c.obj
 .comment       0x0000000000000033       0x34 CMakeFiles/pico-pwm-audio.dir/home/vboxuser/raspberry-pi-pico/pico/pico-sdk/src/rp2_common/pico_stdio_uart/stdio_uart.c.obj
 .comment       0x0000000000000033       0x34 /usr/lib/gcc/arm-none-eabi/10.3.1/../../../arm-none-eabi/lib/thumb/v6-m/nofp/libg.a(lib_a-strlen-stub.o)
 .comment       0x0000000000000033       0x34 /usr/lib/gcc/arm-none-eabi/10.3.1/thumb/v6-m/nofp/crtend.o

.debug_info     0x0000000000000000    0x149af
 .debug_info    0x0000000000000000      0xd96 CMakeFiles/pico-pwm-audio.dir/pico-pwm-audio.c.obj
 .debug_info    0x0000000000000d96      0x4d6 CMakeFiles/pico-pwm-audio.dir/home/vboxuser/raspberry-pi-pico/pico/pico-sdk/src/rp2_common/pico_stdlib/stdlib.c.obj
 .debug_info    0x000000000000126c     0x16b3 CMakeFiles/pico-pwm-audio.dir/home/vboxuser/raspberry-pi-pico/pico/pico-sdk/src/rp2_common/hardware_gpio/gpio.c.obj
 .debug_info    0x000000000000291f      0x6a3 CMakeFiles/pico-pwm-audio.dir/home/vboxuser/raspberry-pi-pico/pico/pico-sdk/src/rp2_common/hardware_claim/claim.c.obj
 .debug_info    0x0000000000002fc2      0x1cb CMakeFiles/pico-pwm-audio.dir/home/vboxuser/raspberry-pi-pico/pico/pico-sdk/src/rp2_common/pico_platform/platform.c.obj
 .debug_info    0x000000000000318d      0x576 CMakeFiles/pico-pwm-audio.dir/home/vboxuser/raspberry-pi-pico/pico/pico-sdk/src/rp2_common/hardware_sync/sync.c.obj
 .debug_info    0x0000000000003703     0x1c01 CMakeFiles/pico-pwm-audio.dir/home/vboxuser/raspberry-pi-pico/pico/pico-sdk/src/rp2_common/hardware_irq/irq.c.obj
 .debug_info    0x0000000000005304      0x198 CMakeFiles/pico-pwm-audio.dir/home/vboxuser/raspberry-pi-pico/pico/pico-sdk/src/common/pico_sync/lock_core.c.obj
 .debug_info    0x000000000000549c     0x3aff CMakeFiles/pico-pwm-audio.dir/home/vboxuser/raspberry-pi-pico/pico/pico-sdk/src/common/pico_time/time.c.obj
 .debug_info    0x0000000000008f9b     0x10f8 CMakeFiles/pico-pwm-audio.dir/home/vboxuser/raspberry-pi-pico/pico/pico-sdk/src/rp2_common/hardware_timer/timer.c.obj
 .debug_info    0x000000000000a093     0x120c CMakeFiles/pico-pwm-audio.dir/home/vboxuser/raspberry-pi-pico/pico/pico-sdk/src/common/pico_util/pheap.c.obj
 .debug_info    0x000000000000b29f     0x1ff2 CMakeFiles/pico-pwm-audio.dir/home/vboxuser/raspberry-pi-pico/pico/pico-sdk/src/common/pico_sync/mutex.c.obj
 .debug_info    0x000000000000d291      0xb4d CMakeFiles/pico-pwm-audio.dir/home/vboxuser/raspberry-pi-pico/pico/pico-sdk/src/rp2_common/hardware_uart/uart.c.obj
 .debug_info    0x000000000000ddde      0xa87 CMakeFiles/pico-pwm-audio.dir/home/vboxuser/raspberry-pi-pico/pico/pico-sdk/src/rp2_common/pico_runtime/runtime.c.obj
 .debug_info    0x000000000000e865      0xf33 CMakeFiles/pico-pwm-audio.dir/home/vboxuser/raspberry-pi-pico/pico/pico-sdk/src/rp2_common/hardware_clocks/clocks.c.obj
 .debug_info    0x000000000000f798      0x532 CMakeFiles/pico-pwm-audio.dir/home/vboxuser/raspberry-pi-pico/pico/pico-sdk/src/rp2_common/hardware_pll/pll.c.obj
 .debug_info    0x000000000000fcca      0x4ee CMakeFiles/pico-pwm-audio.dir/home/vboxuser/raspberry-pi-pico/pico/pico-sdk/src/rp2_common/hardware_watchdog/watchdog.c.obj
 .debug_info    0x00000000000101b8      0x1c0 CMakeFiles/pico-pwm-audio.dir/home/vboxuser/raspberry-pi-pico/pico/pico-sdk/src/rp2_common/hardware_xosc/xosc.c.obj
 .debug_info    0x0000000000010378     0x1a47 CMakeFiles/pico-pwm-audio.dir/home/vboxuser/raspberry-pi-pico/pico/pico-sdk/src/rp2_common/pico_printf/printf.c.obj
 .debug_info    0x0000000000011dbf       0x22 CMakeFiles/pico-pwm-audio.dir/home/vboxuser/raspberry-pi-pico/pico/pico-sdk/src/rp2_common/pico_bit_ops/bit_ops_aeabi.S.obj
 .debug_info    0x0000000000011de1      0x258 CMakeFiles/pico-pwm-audio.dir/home/vboxuser/raspberry-pi-pico/pico/pico-sdk/src/rp2_common/pico_bootrom/bootrom.c.obj
 .debug_info    0x0000000000012039       0x22 CMakeFiles/pico-pwm-audio.dir/home/vboxuser/raspberry-pi-pico/pico/pico-sdk/src/rp2_common/pico_divider/divider.S.obj
 .debug_info    0x000000000001205b       0x22 CMakeFiles/pico-pwm-audio.dir/home/vboxuser/raspberry-pi-pico/pico/pico-sdk/src/rp2_common/pico_double/double_aeabi.S.obj
 .debug_info    0x000000000001207d      0x2a1 CMakeFiles/pico-pwm-audio.dir/home/vboxuser/raspberry-pi-pico/pico/pico-sdk/src/rp2_common/pico_double/double_init_rom.c.obj
 .debug_info    0x000000000001231e       0x22 CMakeFiles/pico-pwm-audio.dir/home/vboxuser/raspberry-pi-pico/pico/pico-sdk/src/rp2_common/pico_double/double_v1_rom_shim.S.obj
 .debug_info    0x0000000000012340       0x22 CMakeFiles/pico-pwm-audio.dir/home/vboxuser/raspberry-pi-pico/pico/pico-sdk/src/rp2_common/pico_float/float_aeabi.S.obj
 .debug_info    0x0000000000012362      0x2bb CMakeFiles/pico-pwm-audio.dir/home/vboxuser/raspberry-pi-pico/pico/pico-sdk/src/rp2_common/pico_float/float_init_rom.c.obj
 .debug_info    0x000000000001261d       0x22 CMakeFiles/pico-pwm-audio.dir/home/vboxuser/raspberry-pi-pico/pico/pico-sdk/src/rp2_common/pico_float/float_v1_rom_shim.S.obj
 .debug_info    0x000000000001263f       0x22 CMakeFiles/pico-pwm-audio.dir/home/vboxuser/raspberry-pi-pico/pico/pico-sdk/src/rp2_common/pico_mem_ops/mem_ops_aeabi.S.obj
 .debug_info    0x0000000000012661       0x22 CMakeFiles/pico-pwm-audio.dir/home/vboxuser/raspberry-pi-pico/pico/pico-sdk/src/rp2_common/pico_standard_link/crt0.S.obj
 .debug_info    0x0000000000012683      0x2f7 CMakeFiles/pico-pwm-audio.dir/home/vboxuser/raspberry-pi-pico/pico/pico-sdk/src/rp2_common/pico_standard_link/binary_info.c.obj
 .debug_info    0x000000000001297a     0x12ee CMakeFiles/pico-pwm-audio.dir/home/vboxuser/raspberry-pi-pico/pico/pico-sdk/src/rp2_common/pico_stdio/stdio.c.obj
 .debug_info    0x0000000000013c68      0xc33 CMakeFiles/pico-pwm-audio.dir/home/vboxuser/raspberry-pi-pico/pico/pico-sdk/src/rp2_common/pico_stdio_uart/stdio_uart.c.obj
 .debug_info    0x000000000001489b       0x26 /usr/lib/gcc/arm-none-eabi/10.3.1/thumb/v6-m/nofp/libgcc.a(_dvmd_tls.o)
 .debug_info    0x00000000000148c1       0xee /usr/lib/gcc/arm-none-eabi/10.3.1/../../../arm-none-eabi/lib/thumb/v6-m/nofp/libg.a(lib_a-strlen-stub.o)

.debug_abbrev   0x0000000000000000     0x432a
 .debug_abbrev  0x0000000000000000      0x2e7 CMakeFiles/pico-pwm-audio.dir/pico-pwm-audio.c.obj
 .debug_abbrev  0x00000000000002e7      0x194 CMakeFiles/pico-pwm-audio.dir/home/vboxuser/raspberry-pi-pico/pico/pico-sdk/src/rp2_common/pico_stdlib/stdlib.c.obj