Archive member included to satisfy reference by file (symbol)

c:/progra~1/raspbe~1/picosd~1.1/gcc-ar~1/bin/../lib/gcc/arm-none-eabi/10.3.1/thumb/v6-m/nofp\libgcc.a(_dvmd_tls.o)
                              CMakeFiles/pico-pwm-audio.dir/C_/Program_Files/Raspberry_Pi/Pico_SDK_v1.5.1/pico-sdk/src/rp2_common/pico_divider/divider.S.obj (__aeabi_idiv0)
c:/progra~1/raspbe~1/picosd~1.1/gcc-ar~1/bin/../lib/gcc/arm-none-eabi/10.3.1/../../../../arm-none-eabi/lib/thumb/v6-m/nofp\libg.a(lib_a-calloc.o)
                              CMakeFiles/pico-pwm-audio.dir/C_/Program_Files/Raspberry_Pi/Pico_SDK_v1.5.1/pico-sdk/src/rp2_common/pico_malloc/pico_malloc.c.obj (calloc)
c:/progra~1/raspbe~1/picosd~1.1/gcc-ar~1/bin/../lib/gcc/arm-none-eabi/10.3.1/../../../../arm-none-eabi/lib/thumb/v6-m/nofp\libg.a(lib_a-callocr.o)
                              c:/progra~1/raspbe~1/picosd~1.1/gcc-ar~1/bin/../lib/gcc/arm-none-eabi/10.3.1/../../../../arm-none-eabi/lib/thumb/v6-m/nofp\libg.a(lib_a-calloc.o) (_calloc_r)
c:/progra~1/raspbe~1/picosd~1.1/gcc-ar~1/bin/../lib/gcc/arm-none-eabi/10.3.1/../../../../arm-none-eabi/lib/thumb/v6-m/nofp\libg.a(lib_a-errno.o)
                              c:/progra~1/raspbe~1/picosd~1.1/gcc-ar~1/bin/../lib/gcc/arm-none-eabi/10.3.1/../../../../arm-none-eabi/lib/thumb/v6-m/nofp\libg.a(lib_a-callocr.o) (__errno)
c:/progra~1/raspbe~1/picosd~1.1/gcc-ar~1/bin/../lib/gcc/arm-none-eabi/10.3.1/../../../../arm-none-eabi/lib/thumb/v6-m/nofp\libg.a(lib_a-impure.o)
                              c:/progra~1/raspbe~1/picosd~1.1/gcc-ar~1/bin/../lib/gcc/arm-none-eabi/10.3.1/../../../../arm-none-eabi/lib/thumb/v6-m/nofp\libg.a(lib_a-calloc.o) (_impure_ptr)
c:/progra~1/raspbe~1/picosd~1.1/gcc-ar~1/bin/../lib/gcc/arm-none-eabi/10.3.1/../../../../arm-none-eabi/lib/thumb/v6-m/nofp\libg.a(lib_a-init.o)
                              c:/progra~1/raspbe~1/picosd~1.1/gcc-ar~1/bin/../lib/gcc/arm-none-eabi/10.3.1/../../../../arm-none-eabi/lib/thumb/v6-m/nofp/crt0.o (__libc_init_array)
c:/progra~1/raspbe~1/picosd~1.1/gcc-ar~1/bin/../lib/gcc/arm-none-eabi/10.3.1/../../../../arm-none-eabi/lib/thumb/v6-m/nofp\libg.a(lib_a-malloc.o)
                              CMakeFiles/pico-pwm-audio.dir/C_/Program_Files/Raspberry_Pi/Pico_SDK_v1.5.1/pico-sdk/src/rp2_common/pico_malloc/pico_malloc.c.obj (malloc)
c:/progra~1/raspbe~1/picosd~1.1/gcc-ar~1/bin/../lib/gcc/arm-none-eabi/10.3.1/../../../../arm-none-eabi/lib/thumb/v6-m/nofp\libg.a(lib_a-mallocr.o)
                              c:/progra~1/raspbe~1/picosd~1.1/gcc-ar~1/bin/../lib/gcc/arm-none-eabi/10.3.1/../../../../arm-none-eabi/lib/thumb/v6-m/nofp\libg.a(lib_a-callocr.o) (_malloc_r)
c:/progra~1/raspbe~1/picosd~1.1/gcc-ar~1/bin/../lib/gcc/arm-none-eabi/10.3.1/../../../../arm-none-eabi/lib/thumb/v6-m/nofp\libg.a(lib_a-mlock.o)
                              c:/progra~1/raspbe~1/picosd~1.1/gcc-ar~1/bin/../lib/gcc/arm-none-eabi/10.3.1/../../../../arm-none-eabi/lib/thumb/v6-m/nofp\libg.a(lib_a-mallocr.o) (__malloc_lock)
c:/progra~1/raspbe~1/picosd~1.1/gcc-ar~1/bin/../lib/gcc/arm-none-eabi/10.3.1/../../../../arm-none-eabi/lib/thumb/v6-m/nofp\libg.a(lib_a-realloc.o)
                              CMakeFiles/pico-pwm-audio.dir/C_/Program_Files/Raspberry_Pi/Pico_SDK_v1.5.1/pico-sdk/src/rp2_common/pico_malloc/pico_malloc.c.obj (realloc)
c:/progra~1/raspbe~1/picosd~1.1/gcc-ar~1/bin/../lib/gcc/arm-none-eabi/10.3.1/../../../../arm-none-eabi/lib/thumb/v6-m/nofp\libg.a(lib_a-reallocr.o)
                              c:/progra~1/raspbe~1/picosd~1.1/gcc-ar~1/bin/../lib/gcc/arm-none-eabi/10.3.1/../../../../arm-none-eabi/lib/thumb/v6-m/nofp\libg.a(lib_a-realloc.o) (_realloc_r)
c:/progra~1/raspbe~1/picosd~1.1/gcc-ar~1/bin/../lib/gcc/arm-none-eabi/10.3.1/../../../../arm-none-eabi/lib/thumb/v6-m/nofp\libg.a(lib_a-sbrkr.o)
                              c:/progra~1/raspbe~1/picosd~1.1/gcc-ar~1/bin/../lib/gcc/arm-none-eabi/10.3.1/../../../../arm-none-eabi/lib/thumb/v6-m/nofp\libg.a(lib_a-mallocr.o) (_sbrk_r)
c:/progra~1/raspbe~1/picosd~1.1/gcc-ar~1/bin/../lib/gcc/arm-none-eabi/10.3.1/../../../../arm-none-eabi/lib/thumb/v6-m/nofp\libg.a(lib_a-strlen-stub.o)
                              CMakeFiles/pico-pwm-audio.dir/C_/Program_Files/Raspberry_Pi/Pico_SDK_v1.5.1/pico-sdk/src/rp2_common/pico_stdio/stdio.c.obj (strlen)
c:/progra~1/raspbe~1/picosd~1.1/gcc-ar~1/bin/../lib/gcc/arm-none-eabi/10.3.1/../../../../arm-none-eabi/lib/thumb/v6-m/nofp\libg.a(lib_a-freer.o)
                              c:/progra~1/raspbe~1/picosd~1.1/gcc-ar~1/bin/../lib/gcc/arm-none-eabi/10.3.1/../../../../arm-none-eabi/lib/thumb/v6-m/nofp\libg.a(lib_a-malloc.o) (_free_r)
c:/progra~1/raspbe~1/picosd~1.1/gcc-ar~1/bin/../lib/gcc/arm-none-eabi/10.3.1/../../../../arm-none-eabi/lib/thumb/v6-m/nofp\libg.a(lib_a-lock.o)
                              c:/progra~1/raspbe~1/picosd~1.1/gcc-ar~1/bin/../lib/gcc/arm-none-eabi/10.3.1/../../../../arm-none-eabi/lib/thumb/v6-m/nofp\libg.a(lib_a-mlock.o) (__retarget_lock_acquire_recursive)
[...]
Memory Configuration

Name             Origin             Length             Attributes
FLASH            0x10000000         0x00200000         xr
RAM              0x20000000         0x00040000         xrw
SCRATCH_X        0x20040000         0x00001000         xrw
SCRATCH_Y        0x20041000         0x00001000         xrw
*default*        0x00000000         0xffffffff

Linker script and memory map

LOAD c:/progra~1/raspbe~1/picosd~1.1/gcc-ar~1/bin/../lib/gcc/arm-none-eabi/10.3.1/thumb/v6-m/nofp/crti.o
LOAD c:/progra~1/raspbe~1/picosd~1.1/gcc-ar~1/bin/../lib/gcc/arm-none-eabi/10.3.1/thumb/v6-m/nofp/crtbegin.o
LOAD c:/progra~1/raspbe~1/picosd~1.1/gcc-ar~1/bin/../lib/gcc/arm-none-eabi/10.3.1/../../../../arm-none-eabi/lib/thumb/v6-m/nofp/crt0.o

.flash_begin    0x10000000        0x0
                0x10000000                __flash_binary_start = .

.boot2          0x10000000      0x100
                0x10000000                __boot2_start__ = .
 *(.boot2)
 .boot2         0x10000000      0x100 C:\Users\jackd\AppData\Local\Temp\ccYSLS11.o
                0x10000100                __boot2_end__ = .
                0x00000001                ASSERT (((__boot2_end__ - __boot2_start__) == 0x100), ERROR: Pico second stage bootloader must be 256 bytes in size)

.text           0x10000100     0x59f8
                0x10000100                __logical_binary_start = .
 *(.vectors)
 .vectors       0x10000100       0xd4 CMakeFiles/pico-pwm-audio.dir/C_/Program_Files/Raspberry_Pi/Pico_SDK_v1.5.1/pico-sdk/src/rp2_common/pico_standard_link/crt0.S.obj
                0x10000100                __VECTOR_TABLE
                0x10000100                __vectors
                0x100001c0                isr_invalid
                0x100001c0                __default_isrs_start
                0x100001c2                isr_nmi
                0x100001c4                isr_hardfault
                0x100001c6                isr_svcall
                0x100001c8                isr_pendsv
                0x100001ca                isr_systick
                0x100001cc                isr_irq23
                0x100001cc                isr_irq18
                0x100001cc                isr_irq11
                0x100001cc                isr_irq28
                0x100001cc                isr_irq19
                0x100001cc                isr_irq0
                0x100001cc                isr_irq6
                0x100001cc                isr_irq5
                0x100001cc                isr_irq12
                0x100001cc                isr_irq22
                0x100001cc                isr_irq31
                0x100001cc                isr_irq17
                0x100001cc                isr_irq27
                0x100001cc                isr_irq30
                0x100001cc                isr_irq2
                0x100001cc                isr_irq10
                0x100001cc                isr_irq8
                0x100001cc                isr_irq24
                0x100001cc                isr_irq1
                0x100001cc                isr_irq7
                0x100001cc                isr_irq21
                0x100001cc                isr_irq20
                0x100001cc                isr_irq15
                0x100001cc                isr_irq25
                0x100001cc                isr_irq13
                0x100001cc                __unhandled_user_irq
                0x100001cc                isr_irq4
                0x100001cc                isr_irq16
                0x100001cc                isr_irq29
                0x100001cc                isr_irq26
                0x100001cc                __default_isrs_end
                0x100001cc                isr_irq3
                0x100001cc                isr_irq14
                0x100001cc                isr_irq9
                0x100001d2                unhandled_user_irq_num_in_r0
 *(.binary_info_header)
 .binary_info_header
                0x100001d4       0x14 CMakeFiles/pico-pwm-audio.dir/C_/Program_Files/Raspberry_Pi/Pico_SDK_v1.5.1/pico-sdk/src/rp2_common/pico_standard_link/crt0.S.obj
                0x100001e8                __binary_info_header_end = .
 *(.reset)
 .reset         0x100001e8       0xa0 CMakeFiles/pico-pwm-audio.dir/C_/Program_Files/Raspberry_Pi/Pico_SDK_v1.5.1/pico-sdk/src/rp2_common/pico_standard_link/crt0.S.obj
                0x100001e8                _entry_point
 .reset         0x10000288       0x30 CMakeFiles/pico-pwm-audio.dir/C_/Program_Files/Raspberry_Pi/Pico_SDK_v1.5.1/pico-sdk/src/rp2_common/pico_standard_link/binary_info.c.obj
 *(.init)
 .init          0x100002b8        0x4 c:/progra~1/raspbe~1/picosd~1.1/gcc-ar~1/bin/../lib/gcc/arm-none-eabi/10.3.1/thumb/v6-m/nofp/crti.o
                0x100002b8                _init
 *(EXCLUDE_FILE(*libm.a: *libc.a:*lib_a-mem*.o *libgcc.a:) .text*)
 .text          0x100002bc       0x48 c:/progra~1/raspbe~1/picosd~1.1/gcc-ar~1/bin/../lib/gcc/arm-none-eabi/10.3.1/thumb/v6-m/nofp/crtbegin.o
 .text.handle_interrupt
                0x10000304       0x20 CMakeFiles/pico-pwm-audio.dir/pico-pwm-audio.c.obj
                0x10000304                handle_interrupt
 .text.handle_button_alarm
                0x10000324       0x26 CMakeFiles/pico-pwm-audio.dir/pico-pwm-audio.c.obj
                0x10000324                handle_button_alarm
 *fill*         0x1000034a        0x2 
 .text.handle_button_interrupt
                0x1000034c       0x9c CMakeFiles/pico-pwm-audio.dir/pico-pwm-audio.c.obj
                0x1000034c                handle_button_interrupt
 .text.listen   0x100003e8       0x30 CMakeFiles/pico-pwm-audio.dir/pico-pwm-audio.c.obj
                0x100003e8                listen
 .text.create_button
                0x10000418       0x44 CMakeFiles/pico-pwm-audio.dir/pico-pwm-audio.c.obj
                0x10000418                create_button
 .text.updateClockDiv
                0x1000045c       0xbc CMakeFiles/pico-pwm-audio.dir/pico-pwm-audio.c.obj
                0x1000045c                updateClockDiv
 .text.onchange
                0x10000518      0x1e8 CMakeFiles/pico-pwm-audio.dir/pico-pwm-audio.c.obj
                0x10000518                onchange
 .text.findValue
                0x10000700       0x5c CMakeFiles/pico-pwm-audio.dir/pico-pwm-audio.c.obj
                0x10000700                findValue
 .text.pwm_interrupt_handler
                0x1000075c       0xa8 CMakeFiles/pico-pwm-audio.dir/pico-pwm-audio.c.obj
                0x1000075c                pwm_interrupt_handler
 .text.main     0x10000804      0x198 CMakeFiles/pico-pwm-audio.dir/pico-pwm-audio.c.obj
                0x10000804                main
 .text.set_sys_clock_pll
                0x1000099c       0x78 CMakeFiles/pico-pwm-audio.dir/C_/Program_Files/Raspberry_Pi/Pico_SDK_v1.5.1/pico-sdk/src/rp2_common/pico_stdlib/stdlib.c.obj
                0x1000099c                set_sys_clock_pll
 .text.check_sys_clock_khz
                0x10000a14       0xa4 CMakeFiles/pico-pwm-audio.dir/C_/Program_Files/Raspberry_Pi/Pico_SDK_v1.5.1/pico-sdk/src/rp2_common/pico_stdlib/stdlib.c.obj
                0x10000a14                check_sys_clock_khz
 .text.gpio_set_function
                0x10000ab8       0x30 CMakeFiles/pico-pwm-audio.dir/C_/Program_Files/Raspberry_Pi/Pico_SDK_v1.5.1/pico-sdk/src/rp2_common/hardware_gpio/gpio.c.obj
                0x10000ab8                gpio_set_function
 .text.gpio_set_pulls
                0x10000ae8       0x34 CMakeFiles/pico-pwm-audio.dir/C_/Program_Files/Raspberry_Pi/Pico_SDK_v1.5.1/pico-sdk/src/rp2_common/hardware_gpio/gpio.c.obj
                0x10000ae8                gpio_set_pulls
 .text.gpio_set_irq_callback
                0x10000b1c       0x48 CMakeFiles/pico-pwm-audio.dir/C_/Program_Files/Raspberry_Pi/Pico_SDK_v1.5.1/pico-sdk/src/rp2_common/hardware_gpio/gpio.c.obj
                0x10000b1c                gpio_set_irq_callback
 .text.gpio_acknowledge_irq
                0x10000b64       0x18 CMakeFiles/pico-pwm-audio.dir/C_/Program_Files/Raspberry_Pi/Pico_SDK_v1.5.1/pico-sdk/src/rp2_common/hardware_gpio/gpio.c.obj
                0x10000b64                gpio_acknowledge_irq
 .text._gpio_set_irq_enabled
                0x10000b7c       0x34 CMakeFiles/pico-pwm-audio.dir/C_/Program_Files/Raspberry_Pi/Pico_SDK_v1.5.1/pico-sdk/src/rp2_common/hardware_gpio/gpio.c.obj
 .text.gpio_set_irq_enabled
                0x10000bb0       0x20 CMakeFiles/pico-pwm-audio.dir/C_/Program_Files/Raspberry_Pi/Pico_SDK_v1.5.1/pico-sdk/src/rp2_common/hardware_gpio/gpio.c.obj
                0x10000bb0                gpio_set_irq_enabled
 .text.gpio_set_irq_enabled_with_callback
                0x10000bd0       0x20 CMakeFiles/pico-pwm-audio.dir/C_/Program_Files/Raspberry_Pi/Pico_SDK_v1.5.1/pico-sdk/src/rp2_common/hardware_gpio/gpio.c.obj
                0x10000bd0                gpio_set_irq_enabled_with_callback
 .text.gpio_default_irq_handler
                0x10000bf0       0x98 CMakeFiles/pico-pwm-audio.dir/C_/Program_Files/Raspberry_Pi/Pico_SDK_v1.5.1/pico-sdk/src/rp2_common/hardware_gpio/gpio.c.obj
 .text.gpio_init
                0x10000c88       0x16 CMakeFiles/pico-pwm-audio.dir/C_/Program_Files/Raspberry_Pi/Pico_SDK_v1.5.1/pico-sdk/src/rp2_common/hardware_gpio/gpio.c.obj
                0x10000c88                gpio_init
 *fill*         0x10000c9e        0x2 
 .text.running_on_fpga
                0x10000ca0       0x14 CMakeFiles/pico-pwm-audio.dir/C_/Program_Files/Raspberry_Pi/Pico_SDK_v1.5.1/pico-sdk/src/rp2_common/pico_platform/platform.c.obj
                0x10000ca0                running_on_fpga
 .text.hw_claim_lock
                0x10000cb4       0x18 CMakeFiles/pico-pwm-audio.dir/C_/Program_Files/Raspberry_Pi/Pico_SDK_v1.5.1/pico-sdk/src/rp2_common/hardware_claim/claim.c.obj
                0x10000cb4                hw_claim_lock
 .text.hw_claim_unlock
                0x10000ccc       0x14 CMakeFiles/pico-pwm-audio.dir/C_/Program_Files/Raspberry_Pi/Pico_SDK_v1.5.1/pico-sdk/src/rp2_common/hardware_claim/claim.c.obj
                0x10000ccc                hw_claim_unlock
 .text.hw_claim_or_assert
                0x10000ce0       0x32 CMakeFiles/pico-pwm-audio.dir/C_/Program_Files/Raspberry_Pi/Pico_SDK_v1.5.1/pico-sdk/src/rp2_common/hardware_claim/claim.c.obj
                0x10000ce0                hw_claim_or_assert
 *fill*         0x10000d12        0x2 
 .text.spin_locks_reset
                0x10000d14       0x20 CMakeFiles/pico-pwm-audio.dir/C_/Program_Files/Raspberry_Pi/Pico_SDK_v1.5.1/pico-sdk/src/rp2_common/hardware_sync/sync.c.obj
                0x10000d14                spin_locks_reset
 .text.next_striped_spin_lock_num
                0x10000d34       0x1c CMakeFiles/pico-pwm-audio.dir/C_/Program_Files/Raspberry_Pi/Pico_SDK_v1.5.1/pico-sdk/src/rp2_common/hardware_sync/sync.c.obj
                0x10000d34                next_striped_spin_lock_num
 .text.set_raw_irq_handler_and_unlock
                0x10000d50       0x28 CMakeFiles/pico-pwm-audio.dir/C_/Program_Files/Raspberry_Pi/Pico_SDK_v1.5.1/pico-sdk/src/rp2_common/hardware_irq/irq.c.obj
 .text.make_branch
                0x10000d78       0x48 CMakeFiles/pico-pwm-audio.dir/C_/Program_Files/Raspberry_Pi/Pico_SDK_v1.5.1/pico-sdk/src/rp2_common/hardware_irq/irq.c.obj
 .text.insert_branch_and_link
                0x10000dc0       0x40 CMakeFiles/pico-pwm-audio.dir/C_/Program_Files/Raspberry_Pi/Pico_SDK_v1.5.1/pico-sdk/src/rp2_common/hardware_irq/irq.c.obj
 .text.irq_is_enabled
                0x10000e00       0x18 CMakeFiles/pico-pwm-audio.dir/C_/Program_Files/Raspberry_Pi/Pico_SDK_v1.5.1/pico-sdk/src/rp2_common/hardware_irq/irq.c.obj
                0x10000e00                irq_is_enabled
 .text.irq_set_mask_enabled
                0x10000e18       0x20 CMakeFiles/pico-pwm-audio.dir/C_/Program_Files/Raspberry_Pi/Pico_SDK_v1.5.1/pico-sdk/src/rp2_common/hardware_irq/irq.c.obj
                0x10000e18                irq_set_mask_enabled
 .text.irq_set_enabled
                0x10000e38        0xe CMakeFiles/pico-pwm-audio.dir/C_/Program_Files/Raspberry_Pi/Pico_SDK_v1.5.1/pico-sdk/src/rp2_common/hardware_irq/irq.c.obj
                0x10000e38                irq_set_enabled
 *fill*         0x10000e46        0x2 
 .text.irq_get_vtable_handler
                0x10000e48       0x10 CMakeFiles/pico-pwm-audio.dir/C_/Program_Files/Raspberry_Pi/Pico_SDK_v1.5.1/pico-sdk/src/rp2_common/hardware_irq/irq.c.obj
                0x10000e48                irq_get_vtable_handler
 .text.irq_set_exclusive_handler
                0x10000e58       0x54 CMakeFiles/pico-pwm-audio.dir/C_/Program_Files/Raspberry_Pi/Pico_SDK_v1.5.1/pico-sdk/src/rp2_common/hardware_irq/irq.c.obj
                0x10000e58                irq_set_exclusive_handler
 .text.irq_add_shared_handler
                0x10000eac      0x234 CMakeFiles/pico-pwm-audio.dir/C_/Program_Files/Raspberry_Pi/Pico_SDK_v1.5.1/pico-sdk/src/rp2_common/hardware_irq/irq.c.obj
                0x10000eac                irq_add_shared_handler
 .text.irq_remove_handler
                0x100010e0      0x1ac CMakeFiles/pico-pwm-audio.dir/C_/Program_Files/Raspberry_Pi/Pico_SDK_v1.5.1/pico-sdk/src/rp2_common/hardware_irq/irq.c.obj
                0x100010e0                irq_remove_handler
 .text.irq_add_tail_to_free_list
                0x1000128c       0xf0 CMakeFiles/pico-pwm-audio.dir/C_/Program_Files/Raspberry_Pi/Pico_SDK_v1.5.1/pico-sdk/src/rp2_common/hardware_irq/irq.c.obj
                0x1000128c                irq_add_tail_to_free_list
 .text.irq_init_priorities
                0x1000137c       0x1c CMakeFiles/pico-pwm-audio.dir/C_/Program_Files/Raspberry_Pi/Pico_SDK_v1.5.1/pico-sdk/src/rp2_common/hardware_irq/irq.c.obj
                0x1000137c                irq_init_priorities
 .text.lock_init
                0x10001398       0x10 CMakeFiles/pico-pwm-audio.dir/C_/Program_Files/Raspberry_Pi/Pico_SDK_v1.5.1/pico-sdk/src/common/pico_sync/lock_core.c.obj
                0x10001398                lock_init
 .text.mutex_init
                0x100013a8       0x1a CMakeFiles/pico-pwm-audio.dir/C_/Program_Files/Raspberry_Pi/Pico_SDK_v1.5.1/pico-sdk/src/common/pico_sync/mutex.c.obj
                0x100013a8                mutex_init
 .text.recursive_mutex_init
                0x100013c2       0x1e CMakeFiles/pico-pwm-audio.dir/C_/Program_Files/Raspberry_Pi/Pico_SDK_v1.5.1/pico-sdk/src/common/pico_sync/mutex.c.obj
                0x100013c2                recursive_mutex_init
 .text.alarm_pool_post_alloc_init
                0x100013e0       0x40 CMakeFiles/pico-pwm-audio.dir/C_/Program_Files/Raspberry_Pi/Pico_SDK_v1.5.1/pico-sdk/src/common/pico_time/time.c.obj
 .text.sleep_until_callback
                0x10001420       0x30 CMakeFiles/pico-pwm-audio.dir/C_/Program_Files/Raspberry_Pi/Pico_SDK_v1.5.1/pico-sdk/src/common/pico_time/time.c.obj
 .text.timer_pool_entry_comparator
                0x10001450       0x7c CMakeFiles/pico-pwm-audio.dir/C_/Program_Files/Raspberry_Pi/Pico_SDK_v1.5.1/pico-sdk/src/common/pico_time/time.c.obj
                0x10001450                timer_pool_entry_comparator
 .text.ph_add_child_node
                0x100014cc       0xa4 CMakeFiles/pico-pwm-audio.dir/C_/Program_Files/Raspberry_Pi/Pico_SDK_v1.5.1/pico-sdk/src/common/pico_time/time.c.obj
 .text.ph_merge_nodes
                0x10001570       0x3e CMakeFiles/pico-pwm-audio.dir/C_/Program_Files/Raspberry_Pi/Pico_SDK_v1.5.1/pico-sdk/src/common/pico_time/time.c.obj
 *fill*         0x100015ae        0x2 
 .text.add_alarm_under_lock
                0x100015b0      0x174 CMakeFiles/pico-pwm-audio.dir/C_/Program_Files/Raspberry_Pi/Pico_SDK_v1.5.1/pico-sdk/src/common/pico_time/time.c.obj
 .text.alarm_pool_alarm_callback
                0x10001724      0x33c CMakeFiles/pico-pwm-audio.dir/C_/Program_Files/Raspberry_Pi/Pico_SDK_v1.5.1/pico-sdk/src/common/pico_time/time.c.obj
 .text.alarm_pool_init_default
                0x10001a60       0x40 CMakeFiles/pico-pwm-audio.dir/C_/Program_Files/Raspberry_Pi/Pico_SDK_v1.5.1/pico-sdk/src/common/pico_time/time.c.obj
                0x10001a60                alarm_pool_init_default
 .text.alarm_pool_get_default
                0x10001aa0       0x2c CMakeFiles/pico-pwm-audio.dir/C_/Program_Files/Raspberry_Pi/Pico_SDK_v1.5.1/pico-sdk/src/common/pico_time/time.c.obj
                0x10001aa0                alarm_pool_get_default
 .text.alarm_pool_add_alarm_at
                0x10001acc      0x168 CMakeFiles/pico-pwm-audio.dir/C_/Program_Files/Raspberry_Pi/Pico_SDK_v1.5.1/pico-sdk/src/common/pico_time/time.c.obj
                0x10001acc                alarm_pool_add_alarm_at
 .text.alarm_pool_cancel_alarm
                0x10001c34       0xf8 CMakeFiles/pico-pwm-audio.dir/C_/Program_Files/Raspberry_Pi/Pico_SDK_v1.5.1/pico-sdk/src/common/pico_time/time.c.obj
                0x10001c34                alarm_pool_cancel_alarm
 .text.best_effort_wfe_or_timeout
                0x10001d2c       0xac CMakeFiles/pico-pwm-audio.dir/C_/Program_Files/Raspberry_Pi/Pico_SDK_v1.5.1/pico-sdk/src/common/pico_time/time.c.obj
                0x10001d2c                best_effort_wfe_or_timeout
 .text.hardware_alarm_irq_handler
                0x10001dd8       0x90 CMakeFiles/pico-pwm-audio.dir/C_/Program_Files/Raspberry_Pi/Pico_SDK_v1.5.1/pico-sdk/src/rp2_common/hardware_timer/timer.c.obj
 .text.hardware_alarm_claim
                0x10001e68       0x18 CMakeFiles/pico-pwm-audio.dir/C_/Program_Files/Raspberry_Pi/Pico_SDK_v1.5.1/pico-sdk/src/rp2_common/hardware_timer/timer.c.obj
                0x10001e68                hardware_alarm_claim
 .text.time_us_64
                0x10001e80       0x18 CMakeFiles/pico-pwm-audio.dir/C_/Program_Files/Raspberry_Pi/Pico_SDK_v1.5.1/pico-sdk/src/rp2_common/hardware_timer/timer.c.obj
                0x10001e80                time_us_64
 .text.busy_wait_until
                0x10001e98       0x28 CMakeFiles/pico-pwm-audio.dir/C_/Program_Files/Raspberry_Pi/Pico_SDK_v1.5.1/pico-sdk/src/rp2_common/hardware_timer/timer.c.obj
                0x10001e98                busy_wait_until
 .text.busy_wait_us
                0x10001ec0       0x48 CMakeFiles/pico-pwm-audio.dir/C_/Program_Files/Raspberry_Pi/Pico_SDK_v1.5.1/pico-sdk/src/rp2_common/hardware_timer/timer.c.obj
                0x10001ec0                busy_wait_us
 .text.hardware_alarm_set_callback
                0x10001f08       0x90 CMakeFiles/pico-pwm-audio.dir/C_/Program_Files/Raspberry_Pi/Pico_SDK_v1.5.1/pico-sdk/src/rp2_common/hardware_timer/timer.c.obj
                0x10001f08                hardware_alarm_set_callback
 .text.hardware_alarm_set_target
                0x10001f98       0xe8 CMakeFiles/pico-pwm-audio.dir/C_/Program_Files/Raspberry_Pi/Pico_SDK_v1.5.1/pico-sdk/src/rp2_common/hardware_timer/timer.c.obj
                0x10001f98                hardware_alarm_set_target
 .text.hardware_alarm_cancel
                0x10002080       0x40 CMakeFiles/pico-pwm-audio.dir/C_/Program_Files/Raspberry_Pi/Pico_SDK_v1.5.1/pico-sdk/src/rp2_common/hardware_timer/timer.c.obj
                0x10002080                hardware_alarm_cancel
 .text.ph_add_child_node
                0x100020c0       0xa4 CMakeFiles/pico-pwm-audio.dir/C_/Program_Files/Raspberry_Pi/Pico_SDK_v1.5.1/pico-sdk/src/common/pico_util/pheap.c.obj
 .text.ph_merge_nodes
                0x10002164       0x3e CMakeFiles/pico-pwm-audio.dir/C_/Program_Files/Raspberry_Pi/Pico_SDK_v1.5.1/pico-sdk/src/common/pico_util/pheap.c.obj
 *fill*         0x100021a2        0x2 
 .text.ph_clear
                0x100021a4       0x70 CMakeFiles/pico-pwm-audio.dir/C_/Program_Files/Raspberry_Pi/Pico_SDK_v1.5.1/pico-sdk/src/common/pico_util/pheap.c.obj
                0x100021a4                ph_clear
 .text.ph_post_alloc_init
                0x10002214        0xe CMakeFiles/pico-pwm-audio.dir/C_/Program_Files/Raspberry_Pi/Pico_SDK_v1.5.1/pico-sdk/src/common/pico_util/pheap.c.obj
                0x10002214                ph_post_alloc_init
 *fill*         0x10002222        0x2 
 .text.ph_merge_two_pass
                0x10002224       0xa8 CMakeFiles/pico-pwm-audio.dir/C_/Program_Files/Raspberry_Pi/Pico_SDK_v1.5.1/pico-sdk/src/common/pico_util/pheap.c.obj
                0x10002224                ph_merge_two_pass
 .text.ph_remove_any_head
                0x100022cc      0x128 CMakeFiles/pico-pwm-audio.dir/C_/Program_Files/Raspberry_Pi/Pico_SDK_v1.5.1/pico-sdk/src/common/pico_util/pheap.c.obj
 .text.ph_remove_head
                0x100023f4       0x14 CMakeFiles/pico-pwm-audio.dir/C_/Program_Files/Raspberry_Pi/Pico_SDK_v1.5.1/pico-sdk/src/common/pico_util/pheap.c.obj
                0x100023f4                ph_remove_head
 .text.ph_remove_and_free_node
                0x10002408       0xf8 CMakeFiles/pico-pwm-audio.dir/C_/Program_Files/Raspberry_Pi/Pico_SDK_v1.5.1/pico-sdk/src/common/pico_util/pheap.c.obj
                0x10002408                ph_remove_and_free_node
 .text.uart_disable_before_lcr_write
                0x10002500       0x48 CMakeFiles/pico-pwm-audio.dir/C_/Program_Files/Raspberry_Pi/Pico_SDK_v1.5.1/pico-sdk/src/rp2_common/hardware_uart/uart.c.obj
 .text.uart_write_lcr_bits_masked
                0x10002548       0x22 CMakeFiles/pico-pwm-audio.dir/C_/Program_Files/Raspberry_Pi/Pico_SDK_v1.5.1/pico-sdk/src/rp2_common/hardware_uart/uart.c.obj
 *fill*         0x1000256a        0x2 
 .text.uart_set_baudrate
                0x1000256c       0x5c CMakeFiles/pico-pwm-audio.dir/C_/Program_Files/Raspberry_Pi/Pico_SDK_v1.5.1/pico-sdk/src/rp2_common/hardware_uart/uart.c.obj
                0x1000256c                uart_set_baudrate
 .text.uart_set_format
                0x100025c8       0x2c CMakeFiles/pico-pwm-audio.dir/C_/Program_Files/Raspberry_Pi/Pico_SDK_v1.5.1/pico-sdk/src/rp2_common/hardware_uart/uart.c.obj
                0x100025c8                uart_set_format
 .text.uart_set_translate_crlf
                0x100025f4       0x28 CMakeFiles/pico-pwm-audio.dir/C_/Program_Files/Raspberry_Pi/Pico_SDK_v1.5.1/pico-sdk/src/rp2_common/hardware_uart/uart.c.obj
                0x100025f4                uart_set_translate_crlf
 .text.uart_init
                0x1000261c       0x80 CMakeFiles/pico-pwm-audio.dir/C_/Program_Files/Raspberry_Pi/Pico_SDK_v1.5.1/pico-sdk/src/rp2_common/hardware_uart/uart.c.obj
                0x1000261c                uart_init
 .text.clock_configure
                0x1000269c      0x108 CMakeFiles/pico-pwm-audio.dir/C_/Program_Files/Raspberry_Pi/Pico_SDK_v1.5.1/pico-sdk/src/rp2_common/hardware_clocks/clocks.c.obj
                0x1000269c                clock_configure
 .text.clocks_init
                0x100027a4      0x100 CMakeFiles/pico-pwm-audio.dir/C_/Program_Files/Raspberry_Pi/Pico_SDK_v1.5.1/pico-sdk/src/rp2_common/hardware_clocks/clocks.c.obj
                0x100027a4                clocks_init
 .text.clock_get_hz
                0x100028a4        0xc CMakeFiles/pico-pwm-audio.dir/C_/Program_Files/Raspberry_Pi/Pico_SDK_v1.5.1/pico-sdk/src/rp2_common/hardware_clocks/clocks.c.obj
                0x100028a4                clock_get_hz
 .text.pll_init
                0x100028b0      0x120 CMakeFiles/pico-pwm-audio.dir/C_/Program_Files/Raspberry_Pi/Pico_SDK_v1.5.1/pico-sdk/src/rp2_common/hardware_pll/pll.c.obj
                0x100028b0                pll_init
 .text.vreg_set_voltage
                0x100029d0       0x1c CMakeFiles/pico-pwm-audio.dir/C_/Program_Files/Raspberry_Pi/Pico_SDK_v1.5.1/pico-sdk/src/rp2_common/hardware_vreg/vreg.c.obj
                0x100029d0                vreg_set_voltage
 .text.watchdog_start_tick
                0x100029ec       0x10 CMakeFiles/pico-pwm-audio.dir/C_/Program_Files/Raspberry_Pi/Pico_SDK_v1.5.1/pico-sdk/src/rp2_common/hardware_watchdog/watchdog.c.obj
                0x100029ec                watchdog_start_tick
 .text.xosc_init
                0x100029fc       0x28 CMakeFiles/pico-pwm-audio.dir/C_/Program_Files/Raspberry_Pi/Pico_SDK_v1.5.1/pico-sdk/src/rp2_common/hardware_xosc/xosc.c.obj
                0x100029fc                xosc_init
 .text._exit    0x10002a24        0x4 CMakeFiles/pico-pwm-audio.dir/C_/Program_Files/Raspberry_Pi/Pico_SDK_v1.5.1/pico-sdk/src/rp2_common/pico_runtime/runtime.c.obj
                0x10002a24                _exit
 .text._sbrk    0x10002a28       0x38 CMakeFiles/pico-pwm-audio.dir/C_/Program_Files/Raspberry_Pi/Pico_SDK_v1.5.1/pico-sdk/src/rp2_common/pico_runtime/runtime.c.obj
                0x10002a28                _sbrk
 .text.exit     0x10002a60        0x6 CMakeFiles/pico-pwm-audio.dir/C_/Program_Files/Raspberry_Pi/Pico_SDK_v1.5.1/pico-sdk/src/rp2_common/pico_runtime/runtime.c.obj
                0x10002a60                exit
 *fill*         0x10002a66        0x2 
 .text.__assert_func
                0x10002a68       0x3c CMakeFiles/pico-pwm-audio.dir/C_/Program_Files/Raspberry_Pi/Pico_SDK_v1.5.1/pico-sdk/src/rp2_common/pico_runtime/runtime.c.obj
                0x10002a68                __assert_func
 .text.runtime_init
                0x10002aa4       0xf8 CMakeFiles/pico-pwm-audio.dir/C_/Program_Files/Raspberry_Pi/Pico_SDK_v1.5.1/pico-sdk/src/rp2_common/pico_runtime/runtime.c.obj
                0x10002aa4                runtime_init
 .text.panic    0x10002b9c       0x30 CMakeFiles/pico-pwm-audio.dir/C_/Program_Files/Raspberry_Pi/Pico_SDK_v1.5.1/pico-sdk/src/rp2_common/pico_runtime/runtime.c.obj
                0x10002b9c                panic
 .text._out_null
                0x10002bcc        0x2 CMakeFiles/pico-pwm-audio.dir/C_/Program_Files/Raspberry_Pi/Pico_SDK_v1.5.1/pico-sdk/src/rp2_common/pico_printf/printf.c.obj
 .text._out_fct
                0x10002bce        0xe CMakeFiles/pico-pwm-audio.dir/C_/Program_Files/Raspberry_Pi/Pico_SDK_v1.5.1/pico-sdk/src/rp2_common/pico_printf/printf.c.obj
 .text._atoi    0x10002bdc       0x24 CMakeFiles/pico-pwm-audio.dir/C_/Program_Files/Raspberry_Pi/Pico_SDK_v1.5.1/pico-sdk/src/rp2_common/pico_printf/printf.c.obj
 .text._out_rev
                0x10002c00       0xae CMakeFiles/pico-pwm-audio.dir/C_/Program_Files/Raspberry_Pi/Pico_SDK_v1.5.1/pico-sdk/src/rp2_common/pico_printf/printf.c.obj
 .text._ntoa_format
                0x10002cae      0x112 CMakeFiles/pico-pwm-audio.dir/C_/Program_Files/Raspberry_Pi/Pico_SDK_v1.5.1/pico-sdk/src/rp2_common/pico_printf/printf.c.obj
 .text._ntoa_long
                0x10002dc0       0xbc CMakeFiles/pico-pwm-audio.dir/C_/Program_Files/Raspberry_Pi/Pico_SDK_v1.5.1/pico-sdk/src/rp2_common/pico_printf/printf.c.obj
 .text._ntoa_long_long
                0x10002e7c       0xe2 CMakeFiles/pico-pwm-audio.dir/C_/Program_Files/Raspberry_Pi/Pico_SDK_v1.5.1/pico-sdk/src/rp2_common/pico_printf/printf.c.obj
 *fill*         0x10002f5e        0x2 
 .text._etoa    0x10002f60      0x414 CMakeFiles/pico-pwm-audio.dir/C_/Program_Files/Raspberry_Pi/Pico_SDK_v1.5.1/pico-sdk/src/rp2_common/pico_printf/printf.c.obj
 .text._ftoa    0x10003374      0x354 CMakeFiles/pico-pwm-audio.dir/C_/Program_Files/Raspberry_Pi/Pico_SDK_v1.5.1/pico-sdk/src/rp2_common/pico_printf/printf.c.obj
 .text._vsnprintf
                0x100036c8      0x624 CMakeFiles/pico-pwm-audio.dir/C_/Program_Files/Raspberry_Pi/Pico_SDK_v1.5.1/pico-sdk/src/rp2_common/pico_printf/printf.c.obj
 .text.vfctprintf
                0x10003cec       0x20 CMakeFiles/pico-pwm-audio.dir/C_/Program_Files/Raspberry_Pi/Pico_SDK_v1.5.1/pico-sdk/src/rp2_common/pico_printf/printf.c.obj
                0x10003cec                vfctprintf
 .text          0x10003d0c       0x10 CMakeFiles/pico-pwm-audio.dir/C_/Program_Files/Raspberry_Pi/Pico_SDK_v1.5.1/pico-sdk/src/rp2_common/pico_bit_ops/bit_ops_aeabi.S.obj
 .text.rom_func_lookup
                0x10003d1c       0x10 CMakeFiles/pico-pwm-audio.dir/C_/Program_Files/Raspberry_Pi/Pico_SDK_v1.5.1/pico-sdk/src/rp2_common/pico_bootrom/bootrom.c.obj
                0x10003d1c                rom_func_lookup
 .text.rom_data_lookup
                0x10003d2c       0x10 CMakeFiles/pico-pwm-audio.dir/C_/Program_Files/Raspberry_Pi/Pico_SDK_v1.5.1/pico-sdk/src/rp2_common/pico_bootrom/bootrom.c.obj
                0x10003d2c                rom_data_lookup
 .text.rom_funcs_lookup
                0x10003d3c       0x36 CMakeFiles/pico-pwm-audio.dir/C_/Program_Files/Raspberry_Pi/Pico_SDK_v1.5.1/pico-sdk/src/rp2_common/pico_bootrom/bootrom.c.obj
                0x10003d3c                rom_funcs_lookup
 *fill*         0x10003d72        0x2 
 .text.__wrap___aeabi_idiv
                0x10003d74       0x50 CMakeFiles/pico-pwm-audio.dir/C_/Program_Files/Raspberry_Pi/Pico_SDK_v1.5.1/pico-sdk/src/rp2_common/pico_divider/divider.S.obj
                0x10003d74                __wrap___aeabi_idivmod
                0x10003d74                divmod_s32s32
                0x10003d74                div_s32s32
                0x10003d74                __wrap___aeabi_idiv
                0x10003d7c                divmod_s32s32_unsafe
                0x10003da8                divmod_s32s32_savestate
 .text.__wrap___aeabi_uidiv
                0x10003dc4       0x4c CMakeFiles/pico-pwm-audio.dir/C_/Program_Files/Raspberry_Pi/Pico_SDK_v1.5.1/pico-sdk/src/rp2_common/pico_divider/divider.S.obj
                0x10003dc4                __wrap___aeabi_uidiv
                0x10003dc4                __wrap___aeabi_uidivmod
                0x10003dc4                div_u32u32
                0x10003dc4                divmod_u32u32
                0x10003dcc                divmod_u32u32_unsafe
                0x10003df4                divmod_u32u32_savestate
 .text.__wrap___aeabi_ldiv
                0x10003e10      0x424 CMakeFiles/pico-pwm-audio.dir/C_/Program_Files/Raspberry_Pi/Pico_SDK_v1.5.1/pico-sdk/src/rp2_common/pico_divider/divider.S.obj
                0x10003e10                div_s64s64
                0x10003e10                divmod_s64s64
                0x10003e10                __wrap___aeabi_ldivmod
                0x10003e40                divmod_u64u64
                0x10003e40                div_u64u64
                0x10003e40                __wrap___aeabi_uldivmod
                0x10003e50                divmod_u64u64_savestate
                0x10003e70                divmod_s64s64_unsafe
                0x10003ef8                divmod_u64u64_unsafe
 .text.__wrap___aeabi_darithmetic
                0x10004234       0x80 CMakeFiles/pico-pwm-audio.dir/C_/Program_Files/Raspberry_Pi/Pico_SDK_v1.5.1/pico-sdk/src/rp2_common/pico_double/double_aeabi.S.obj
                0x10004234                __wrap___aeabi_drsub
                0x1000423a                __wrap___aeabi_dsub
                0x1000424c                __wrap___aeabi_dadd
                0x1000425e                __wrap___aeabi_ddiv
                0x1000429a                __wrap___aeabi_dmul
 .text.__wrap___aeabi_cdcmple
                0x100042b4       0x6c CMakeFiles/pico-pwm-audio.dir/C_/Program_Files/Raspberry_Pi/Pico_SDK_v1.5.1/pico-sdk/src/rp2_common/pico_double/double_aeabi.S.obj
                0x100042b4                __wrap___aeabi_cdrcmple
                0x100042c4                __wrap___aeabi_cdcmpeq
                0x100042c4                __wrap___aeabi_cdcmple
 .text.__wrap___aeabi_dcmplt
                0x10004320        0xc CMakeFiles/pico-pwm-audio.dir/C_/Program_Files/Raspberry_Pi/Pico_SDK_v1.5.1/pico-sdk/src/rp2_common/pico_double/double_aeabi.S.obj
                0x10004320                __wrap___aeabi_dcmplt
 .text.__wrap___aeabi_dcmple
                0x1000432c       0x10 CMakeFiles/pico-pwm-audio.dir/C_/Program_Files/Raspberry_Pi/Pico_SDK_v1.5.1/pico-sdk/src/rp2_common/pico_double/double_aeabi.S.obj
                0x1000432c                __wrap___aeabi_dcmple
 .text.__wrap___aeabi_dcmpge
                0x1000433c       0x10 CMakeFiles/pico-pwm-audio.dir/C_/Program_Files/Raspberry_Pi/Pico_SDK_v1.5.1/pico-sdk/src/rp2_common/pico_double/double_aeabi.S.obj
                0x1000433c                __wrap___aeabi_dcmpge
 .text.__wrap___aeabi_dcmpgt
                0x1000434c        0xa CMakeFiles/pico-pwm-audio.dir/C_/Program_Files/Raspberry_Pi/Pico_SDK_v1.5.1/pico-sdk/src/rp2_common/pico_double/double_aeabi.S.obj
                0x1000434c                __wrap___aeabi_dcmpgt
 .text.__wrap___aeabi_dcmpun
                0x10004356       0x1c CMakeFiles/pico-pwm-audio.dir/C_/Program_Files/Raspberry_Pi/Pico_SDK_v1.5.1/pico-sdk/src/rp2_common/pico_double/double_aeabi.S.obj
                0x10004356                __wrap___aeabi_dcmpun
 *fill*         0x10004372        0x2 
 .text.__wrap___aeabi_i2d
                0x10004374       0x38 CMakeFiles/pico-pwm-audio.dir/C_/Program_Files/Raspberry_Pi/Pico_SDK_v1.5.1/pico-sdk/src/rp2_common/pico_double/double_aeabi.S.obj
                0x10004374                __wrap___aeabi_ui2d
                0x1000437c                __wrap___aeabi_i2d
 .text.__wrap___aeabi_d2iz
                0x100043ac       0x48 CMakeFiles/pico-pwm-audio.dir/C_/Program_Files/Raspberry_Pi/Pico_SDK_v1.5.1/pico-sdk/src/rp2_common/pico_double/double_aeabi.S.obj
                0x100043ac                double2int_z
                0x100043ac                __wrap___aeabi_d2iz
 .text.__wrap___aeabi_d2uiz
                0x100043f4       0x18 CMakeFiles/pico-pwm-audio.dir/C_/Program_Files/Raspberry_Pi/Pico_SDK_v1.5.1/pico-sdk/src/rp2_common/pico_double/double_aeabi.S.obj
                0x100043f4                __wrap___aeabi_d2uiz
                0x100043f4                double2uint
 .text.__aeabi_double_init
                0x1000440c       0xc8 CMakeFiles/pico-pwm-audio.dir/C_/Program_Files/Raspberry_Pi/Pico_SDK_v1.5.1/pico-sdk/src/rp2_common/pico_double/double_init_rom.c.obj
                0x1000440c                __aeabi_double_init
 .text.__wrap_round
                0x100044d4       0x9c CMakeFiles/pico-pwm-audio.dir/C_/Program_Files/Raspberry_Pi/Pico_SDK_v1.5.1/pico-sdk/src/rp2_common/pico_double/double_math.c.obj
                0x100044d4                __wrap_round
 .text.double_table_shim_on_use_helper
                0x10004570       0x34 CMakeFiles/pico-pwm-audio.dir/C_/Program_Files/Raspberry_Pi/Pico_SDK_v1.5.1/pico-sdk/src/rp2_common/pico_double/double_v1_rom_shim.S.obj
                0x10004570                double_table_shim_on_use_helper
 .text.__wrap___aeabi_dsub
                0x100045a4       0x10 CMakeFiles/pico-pwm-audio.dir/C_/Program_Files/Raspberry_Pi/Pico_SDK_v1.5.1/pico-sdk/src/rp2_common/pico_double/double_v1_rom_shim.S.obj
                0x100045a4                drsub_shim
                0x100045aa                dsub_shim
 .text.dadd_shim
                0x100045b4      0x15c CMakeFiles/pico-pwm-audio.dir/C_/Program_Files/Raspberry_Pi/Pico_SDK_v1.5.1/pico-sdk/src/rp2_common/pico_double/double_v1_rom_shim.S.obj
                0x100045b4                dadd_shim
 .text.dmul_shim
                0x10004710      0x15c CMakeFiles/pico-pwm-audio.dir/C_/Program_Files/Raspberry_Pi/Pico_SDK_v1.5.1/pico-sdk/src/rp2_common/pico_double/double_v1_rom_shim.S.obj
                0x10004710                dmul_shim
 .text.ddiv_shim
                0x1000486c      0x1b0 CMakeFiles/pico-pwm-audio.dir/C_/Program_Files/Raspberry_Pi/Pico_SDK_v1.5.1/pico-sdk/src/rp2_common/pico_double/double_v1_rom_shim.S.obj
                0x1000486c                ddiv_shim
 .text.double2uint_shim
                0x10004a1c        0xe CMakeFiles/pico-pwm-audio.dir/C_/Program_Files/Raspberry_Pi/Pico_SDK_v1.5.1/pico-sdk/src/rp2_common/pico_double/double_v1_rom_shim.S.obj
                0x10004a1c                double2uint_shim
                0x10004a1e                double2ufix_shim
 *fill*         0x10004a2a        0x2 
 .text.double2uint64_shim
                0x10004a2c       0x70 CMakeFiles/pico-pwm-audio.dir/C_/Program_Files/Raspberry_Pi/Pico_SDK_v1.5.1/pico-sdk/src/rp2_common/pico_double/double_v1_rom_shim.S.obj
                0x10004a2c                double2uint64_shim
                0x10004a2e                double2ufix64_shim
                0x10004a4e                d2fix_a
 .text.dunpacks
                0x10004a9c       0x3c CMakeFiles/pico-pwm-audio.dir/C_/Program_Files/Raspberry_Pi/Pico_SDK_v1.5.1/pico-sdk/src/rp2_common/pico_double/double_v1_rom_shim.S.obj
                0x10004a9c                dunpacks
 .text.__wrap___aeabi_cfcmple
                0x10004ad8       0x50 CMakeFiles/pico-pwm-audio.dir/C_/Program_Files/Raspberry_Pi/Pico_SDK_v1.5.1/pico-sdk/src/rp2_common/pico_float/float_aeabi.S.obj
                0x10004ad8                __wrap___aeabi_cfrcmple
                0x10004ae4                __wrap___aeabi_cfcmple
                0x10004ae4                __wrap___aeabi_cfcmpeq
 .text.__wrap___aeabi_fcmplt
                0x10004b28        0xc CMakeFiles/pico-pwm-audio.dir/C_/Program_Files/Raspberry_Pi/Pico_SDK_v1.5.1/pico-sdk/src/rp2_common/pico_float/float_aeabi.S.obj
                0x10004b28                __wrap___aeabi_fcmplt
 .text.__wrap___aeabi_fcmpgt
                0x10004b34        0xa CMakeFiles/pico-pwm-audio.dir/C_/Program_Files/Raspberry_Pi/Pico_SDK_v1.5.1/pico-sdk/src/rp2_common/pico_float/float_aeabi.S.obj
                0x10004b34                __wrap___aeabi_fcmpgt
 *fill*         0x10004b3e        0x2 
 .text.__wrap___aeabi_i2f
                0x10004b40       0x44 CMakeFiles/pico-pwm-audio.dir/C_/Program_Files/Raspberry_Pi/Pico_SDK_v1.5.1/pico-sdk/src/rp2_common/pico_float/float_aeabi.S.obj
                0x10004b40                __wrap___aeabi_i2f
 .text.__wrap___aeabi_f2d
                0x10004b84       0x14 CMakeFiles/pico-pwm-audio.dir/C_/Program_Files/Raspberry_Pi/Pico_SDK_v1.5.1/pico-sdk/src/rp2_common/pico_float/float_aeabi.S.obj
                0x10004b84                __wrap___aeabi_f2d
 .text.__aeabi_float_init
                0x10004b98       0xfc CMakeFiles/pico-pwm-audio.dir/C_/Program_Files/Raspberry_Pi/Pico_SDK_v1.5.1/pico-sdk/src/rp2_common/pico_float/float_init_rom.c.obj
                0x10004b98                __aeabi_float_init
 .text.float_table_shim_on_use_helper
                0x10004c94       0x34 CMakeFiles/pico-pwm-audio.dir/C_/Program_Files/Raspberry_Pi/Pico_SDK_v1.5.1/pico-sdk/src/rp2_common/pico_float/float_v1_rom_shim.S.obj
                0x10004c94                float_table_shim_on_use_helper
 .text.float2double_shim
                0x10004cc8       0x30 CMakeFiles/pico-pwm-audio.dir/C_/Program_Files/Raspberry_Pi/Pico_SDK_v1.5.1/pico-sdk/src/rp2_common/pico_float/float_v1_rom_shim.S.obj
                0x10004cc8                float2double_shim
 .text.__wrap_malloc
                0x10004cf8       0x24 CMakeFiles/pico-pwm-audio.dir/C_/Program_Files/Raspberry_Pi/Pico_SDK_v1.5.1/pico-sdk/src/rp2_common/pico_malloc/pico_malloc.c.obj
                0x10004cf8                __wrap_malloc
 .text          0x10004d1c       0x10 CMakeFiles/pico-pwm-audio.dir/C_/Program_Files/Raspberry_Pi/Pico_SDK_v1.5.1/pico-sdk/src/rp2_common/pico_mem_ops/mem_ops_aeabi.S.obj
                0x10004d1c                __aeabi_mem_init
 .text.memcpy   0x10004d2c        0xc CMakeFiles/pico-pwm-audio.dir/C_/Program_Files/Raspberry_Pi/Pico_SDK_v1.5.1/pico-sdk/src/rp2_common/pico_mem_ops/mem_ops_aeabi.S.obj
                0x10004d2c                __wrap_memcpy
                0x10004d2c                __wrap___aeabi_memcpy
 .text.stdio_out_chars_no_crlf
                0x10004d38        0xe CMakeFiles/pico-pwm-audio.dir/C_/Program_Files/Raspberry_Pi/Pico_SDK_v1.5.1/pico-sdk/src/rp2_common/pico_stdio/stdio.c.obj
 *fill*         0x10004d46        0x2 
 .text.stdio_out_chars_crlf
                0x10004d48       0x80 CMakeFiles/pico-pwm-audio.dir/C_/Program_Files/Raspberry_Pi/Pico_SDK_v1.5.1/pico-sdk/src/rp2_common/pico_stdio/stdio.c.obj
 .text.stdio_stack_buffer_flush
                0x10004dc8       0x44 CMakeFiles/pico-pwm-audio.dir/C_/Program_Files/Raspberry_Pi/Pico_SDK_v1.5.1/pico-sdk/src/rp2_common/pico_stdio/stdio.c.obj
 .text.stdio_buffered_printer
                0x10004e0c       0x20 CMakeFiles/pico-pwm-audio.dir/C_/Program_Files/Raspberry_Pi/Pico_SDK_v1.5.1/pico-sdk/src/rp2_common/pico_stdio/stdio.c.obj
 .text.stdout_serialize_begin
                0x10004e2c       0x5c CMakeFiles/pico-pwm-audio.dir/C_/Program_Files/Raspberry_Pi/Pico_SDK_v1.5.1/pico-sdk/src/rp2_common/pico_stdio/stdio.c.obj
                0x10004e2c                stdout_serialize_begin
 .text.stdout_serialize_end
                0x10004e88       0x10 CMakeFiles/pico-pwm-audio.dir/C_/Program_Files/Raspberry_Pi/Pico_SDK_v1.5.1/pico-sdk/src/rp2_common/pico_stdio/stdio.c.obj
                0x10004e88                stdout_serialize_end
 .text.stdio_put_string
                0x10004e98       0x98 CMakeFiles/pico-pwm-audio.dir/C_/Program_Files/Raspberry_Pi/Pico_SDK_v1.5.1/pico-sdk/src/rp2_common/pico_stdio/stdio.c.obj
 .text.stdio_set_driver_enabled
                0x10004f30       0x2c CMakeFiles/pico-pwm-audio.dir/C_/Program_Files/Raspberry_Pi/Pico_SDK_v1.5.1/pico-sdk/src/rp2_common/pico_stdio/stdio.c.obj
                0x10004f30                stdio_set_driver_enabled
 .text.stdio_flush
                0x10004f5c       0x20 CMakeFiles/pico-pwm-audio.dir/C_/Program_Files/Raspberry_Pi/Pico_SDK_v1.5.1/pico-sdk/src/rp2_common/pico_stdio/stdio.c.obj
                0x10004f5c                stdio_flush
 .text.__wrap_puts
                0x10004f7c       0x1e CMakeFiles/pico-pwm-audio.dir/C_/Program_Files/Raspberry_Pi/Pico_SDK_v1.5.1/pico-sdk/src/rp2_common/pico_stdio/stdio.c.obj
                0x10004f7c                __wrap_puts
 *fill*         0x10004f9a        0x2 
 .text.__wrap_vprintf
                0x10004f9c       0x40 CMakeFiles/pico-pwm-audio.dir/C_/Program_Files/Raspberry_Pi/Pico_SDK_v1.5.1/pico-sdk/src/rp2_common/pico_stdio/stdio.c.obj
                0x10004f9c                __wrap_vprintf
 .text.__wrap_printf
                0x10004fdc       0x18 CMakeFiles/pico-pwm-audio.dir/C_/Program_Files/Raspberry_Pi/Pico_SDK_v1.5.1/pico-sdk/src/rp2_common/pico_stdio/stdio.c.obj
                0x10004fdc                __wrap_printf
 .text.stdio_init_all
                0x10004ff4        0xa CMakeFiles/pico-pwm-audio.dir/C_/Program_Files/Raspberry_Pi/Pico_SDK_v1.5.1/pico-sdk/src/rp2_common/pico_stdio/stdio.c.obj
                0x10004ff4                stdio_init_all
 *fill*         0x10004ffe        0x2 
 .text.stdio_uart_out_chars
                0x10005000       0x74 CMakeFiles/pico-pwm-audio.dir/C_/Program_Files/Raspberry_Pi/Pico_SDK_v1.5.1/pico-sdk/src/rp2_common/pico_stdio_uart/stdio_uart.c.obj
 .text.stdio_uart_in_chars
                0x10005074       0x80 CMakeFiles/pico-pwm-audio.dir/C_/Program_Files/Raspberry_Pi/Pico_SDK_v1.5.1/pico-sdk/src/rp2_common/pico_stdio_uart/stdio_uart.c.obj
                0x10005074                stdio_uart_in_chars
 .text.on_uart_rx
                0x100050f4       0x28 CMakeFiles/pico-pwm-audio.dir/C_/Program_Files/Raspberry_Pi/Pico_SDK_v1.5.1/pico-sdk/src/rp2_common/pico_stdio_uart/stdio_uart.c.obj
 .text.stdio_uart_set_chars_available_callback
                0x1000511c       0x8c CMakeFiles/pico-pwm-audio.dir/C_/Program_Files/Raspberry_Pi/Pico_SDK_v1.5.1/pico-sdk/src/rp2_common/pico_stdio_uart/stdio_uart.c.obj
 .text.stdio_uart_init_full
                0x100051a8       0x44 CMakeFiles/pico-pwm-audio.dir/C_/Program_Files/Raspberry_Pi/Pico_SDK_v1.5.1/pico-sdk/src/rp2_common/pico_stdio_uart/stdio_uart.c.obj
                0x100051a8                stdio_uart_init_full
 .text.stdio_uart_init
                0x100051ec       0x28 CMakeFiles/pico-pwm-audio.dir/C_/Program_Files/Raspberry_Pi/Pico_SDK_v1.5.1/pico-sdk/src/rp2_common/pico_stdio_uart/stdio_uart.c.obj
                0x100051ec                stdio_uart_init
 .text.malloc   0x10005214       0x14 c:/progra~1/raspbe~1/picosd~1.1/gcc-ar~1/bin/../lib/gcc/arm-none-eabi/10.3.1/../../../../arm-none-eabi/lib/thumb/v6-m/nofp\libg.a(lib_a-malloc.o)
                0x10005214                malloc
 .text._malloc_r
                0x10005228      0x584 c:/progra~1/raspbe~1/picosd~1.1/gcc-ar~1/bin/../lib/gcc/arm-none-eabi/10.3.1/../../../../arm-none-eabi/lib/thumb/v6-m/nofp\libg.a(lib_a-mallocr.o)
                0x10005228                _malloc_r
 .text.__malloc_lock
                0x100057ac       0x10 c:/progra~1/raspbe~1/picosd~1.1/gcc-ar~1/bin/../lib/gcc/arm-none-eabi/10.3.1/../../../../arm-none-eabi/lib/thumb/v6-m/nofp\libg.a(lib_a-mlock.o)
                0x100057ac                __malloc_lock
 .text.__malloc_unlock
                0x100057bc       0x10 c:/progra~1/raspbe~1/picosd~1.1/gcc-ar~1/bin/../lib/gcc/arm-none-eabi/10.3.1/../../../../arm-none-eabi/lib/thumb/v6-m/nofp\libg.a(lib_a-mlock.o)
                0x100057bc                __malloc_unlock
 .text._sbrk_r  0x100057cc       0x24 c:/progra~1/raspbe~1/picosd~1.1/gcc-ar~1/bin/../lib/gcc/arm-none-eabi/10.3.1/../../../../arm-none-eabi/lib/thumb/v6-m/nofp\libg.a(lib_a-sbrkr.o)
                0x100057cc                _sbrk_r
 .text.strlen   0x100057f0       0x5c c:/progra~1/raspbe~1/picosd~1.1/gcc-ar~1/bin/../lib/gcc/arm-none-eabi/10.3.1/../../../../arm-none-eabi/lib/thumb/v6-m/nofp\libg.a(lib_a-strlen-stub.o)
                0x100057f0                strlen
 .text._malloc_trim_r
                0x1000584c       0x9c c:/progra~1/raspbe~1/picosd~1.1/gcc-ar~1/bin/../lib/gcc/arm-none-eabi/10.3.1/../../../../arm-none-eabi/lib/thumb/v6-m/nofp\libg.a(lib_a-freer.o)
                0x1000584c                _malloc_trim_r
 .text._free_r  0x100058e8      0x1c4 c:/progra~1/raspbe~1/picosd~1.1/gcc-ar~1/bin/../lib/gcc/arm-none-eabi/10.3.1/../../../../arm-none-eabi/lib/thumb/v6-m/nofp\libg.a(lib_a-freer.o)
                0x100058e8                _free_r
 .text.__retarget_lock_acquire_recursive
                0x10005aac        0x4 c:/progra~1/raspbe~1/picosd~1.1/gcc-ar~1/bin/../lib/gcc/arm-none-eabi/10.3.1/../../../../arm-none-eabi/lib/thumb/v6-m/nofp\libg.a(lib_a-lock.o)
                0x10005aac                __retarget_lock_acquire_recursive
 .text.__retarget_lock_release_recursive
                0x10005ab0        0x4 c:/progra~1/raspbe~1/picosd~1.1/gcc-ar~1/bin/../lib/gcc/arm-none-eabi/10.3.1/../../../../arm-none-eabi/lib/thumb/v6-m/nofp\libg.a(lib_a-lock.o)
                0x10005ab0                __retarget_lock_release_recursive
 *(.fini)
 .fini          0x10005ab4        0x4 c:/progra~1/raspbe~1/picosd~1.1/gcc-ar~1/bin/../lib/gcc/arm-none-eabi/10.3.1/thumb/v6-m/nofp/crti.o
                0x10005ab4                _fini
 .fini.__stub   0x10005ab8       0x40 linker stubs
 *crtbegin.o(.ctors)
 *crtbegin?.o(.ctors)
 *(EXCLUDE_FILE(*crtend.o *crtend?.o) .ctors)
 *(SORT_BY_NAME(.ctors.*))
 *(.ctors)
 *crtbegin.o(.dtors)
 *crtbegin?.o(.dtors)
 *(EXCLUDE_FILE(*crtend.o *crtend?.o) .dtors)
 *(SORT_BY_NAME(.dtors.*))
 *(.dtors)
 *(.eh_frame*)
 .eh_frame      0x10005af8        0x0 c:/progra~1/raspbe~1/picosd~1.1/gcc-ar~1/bin/../lib/gcc/arm-none-eabi/10.3.1/thumb/v6-m/nofp/crtbegin.o
                0x10005af8                . = ALIGN (0x4)

.glue_7         0x10005af8        0x0
 .glue_7        0x10005af8        0x0 linker stubs

.glue_7t        0x10005af8        0x0
 .glue_7t       0x10005af8        0x0 linker stubs

.vfp11_veneer   0x10005af8        0x0
 .vfp11_veneer  0x10005af8        0x0 linker stubs

.v4_bx          0x10005af8        0x0
 .v4_bx         0x10005af8        0x0 linker stubs

.iplt           0x10005af8        0x0
 .iplt          0x10005af8        0x0 c:/progra~1/raspbe~1/picosd~1.1/gcc-ar~1/bin/../lib/gcc/arm-none-eabi/10.3.1/thumb/v6-m/nofp/crtbegin.o

.rodata         0x10005af8     0x1234
 *(EXCLUDE_FILE(*libm.a: *libc.a:*lib_a-mem*.o *libgcc.a:) .rodata*)
 .rodata.handle_button_interrupt.str1.4
                0x10005af8       0x7d CMakeFiles/pico-pwm-audio.dir/pico-pwm-audio.c.obj
 *fill*         0x10005b75        0x3 
 .rodata.onchange
                0x10005b78       0x74 CMakeFiles/pico-pwm-audio.dir/pico-pwm-audio.c.obj
 .rodata.main.str1.4
                0x10005bec       0x32 CMakeFiles/pico-pwm-audio.dir/pico-pwm-audio.c.obj
 *fill*         0x10005c1e        0x2 
 .rodata.__func__.0
                0x10005c20       0x15 CMakeFiles/pico-pwm-audio.dir/pico-pwm-audio.c.obj
 *fill*         0x10005c35        0x3 
 .rodata.freqListEqualT
                0x10005c38       0xf4 CMakeFiles/pico-pwm-audio.dir/pico-pwm-audio.c.obj
                0x10005c38                freqListEqualT
 .rodata.make_branch.str1.4
                0x10005d2c       0x89 CMakeFiles/pico-pwm-audio.dir/C_/Program_Files/Raspberry_Pi/Pico_SDK_v1.5.1/pico-sdk/src/rp2_common/hardware_irq/irq.c.obj
 *fill*         0x10005db5        0x3 
 .rodata.insert_branch_and_link.str1.4
                0x10005db8       0x10 CMakeFiles/pico-pwm-audio.dir/C_/Program_Files/Raspberry_Pi/Pico_SDK_v1.5.1/pico-sdk/src/rp2_common/hardware_irq/irq.c.obj
 .rodata.irq_set_exclusive_handler.str1.4
                0x10005dc8       0x36 CMakeFiles/pico-pwm-audio.dir/C_/Program_Files/Raspberry_Pi/Pico_SDK_v1.5.1/pico-sdk/src/rp2_common/hardware_irq/irq.c.obj
 *fill*         0x10005dfe        0x2 
 .rodata.irq_add_shared_handler.str1.4
                0x10005e00       0xd9 CMakeFiles/pico-pwm-audio.dir/C_/Program_Files/Raspberry_Pi/Pico_SDK_v1.5.1/pico-sdk/src/rp2_common/hardware_irq/irq.c.obj
 *fill*         0x10005ed9        0x3 
 .rodata.irq_remove_handler.str1.4
                0x10005edc       0x3a CMakeFiles/pico-pwm-audio.dir/C_/Program_Files/Raspberry_Pi/Pico_SDK_v1.5.1/pico-sdk/src/rp2_common/hardware_irq/irq.c.obj
 *fill*         0x10005f16        0x2 
 .rodata.irq_add_tail_to_free_list.str1.4
                0x10005f18       0x3a CMakeFiles/pico-pwm-audio.dir/C_/Program_Files/Raspberry_Pi/Pico_SDK_v1.5.1/pico-sdk/src/rp2_common/hardware_irq/irq.c.obj
 *fill*         0x10005f52        0x2 
 .rodata.__func__.0
                0x10005f54       0x1a CMakeFiles/pico-pwm-audio.dir/C_/Program_Files/Raspberry_Pi/Pico_SDK_v1.5.1/pico-sdk/src/rp2_common/hardware_irq/irq.c.obj
 *fill*         0x10005f6e        0x2 
 .rodata.__func__.1
                0x10005f70       0x17 CMakeFiles/pico-pwm-audio.dir/C_/Program_Files/Raspberry_Pi/Pico_SDK_v1.5.1/pico-sdk/src/rp2_common/hardware_irq/irq.c.obj
 *fill*         0x10005f87        0x1 
 .rodata.__func__.2
                0x10005f88       0x13 CMakeFiles/pico-pwm-audio.dir/C_/Program_Files/Raspberry_Pi/Pico_SDK_v1.5.1/pico-sdk/src/rp2_common/hardware_irq/irq.c.obj
 *fill*         0x10005f9b        0x1 
 .rodata.__func__.3
                0x10005f9c        0xc CMakeFiles/pico-pwm-audio.dir/C_/Program_Files/Raspberry_Pi/Pico_SDK_v1.5.1/pico-sdk/src/rp2_common/hardware_irq/irq.c.obj
 .rodata.__func__.4
                0x10005fa8        0xf CMakeFiles/pico-pwm-audio.dir/C_/Program_Files/Raspberry_Pi/Pico_SDK_v1.5.1/pico-sdk/src/rp2_common/hardware_irq/irq.c.obj
 *fill*         0x10005fb7        0x1 
 .rodata.__func__.5
                0x10005fb8       0x17 CMakeFiles/pico-pwm-audio.dir/C_/Program_Files/Raspberry_Pi/Pico_SDK_v1.5.1/pico-sdk/src/rp2_common/hardware_irq/irq.c.obj
 *fill*         0x10005fcf        0x1 
 .rodata.__func__.6
                0x10005fd0       0x1a CMakeFiles/pico-pwm-audio.dir/C_/Program_Files/Raspberry_Pi/Pico_SDK_v1.5.1/pico-sdk/src/rp2_common/hardware_irq/irq.c.obj
 *fill*         0x10005fea        0x2 
 .rodata.str1.4
                0x10005fec       0xa5 CMakeFiles/pico-pwm-audio.dir/C_/Program_Files/Raspberry_Pi/Pico_SDK_v1.5.1/pico-sdk/src/common/pico_sync/mutex.c.obj
                                0x125 (size before relaxing)
 *fill*         0x10006091        0x3 
 .rodata.__func__.1
                0x10006094        0xb CMakeFiles/pico-pwm-audio.dir/C_/Program_Files/Raspberry_Pi/Pico_SDK_v1.5.1/pico-sdk/src/common/pico_sync/mutex.c.obj
 *fill*         0x1000609f        0x1 
 .rodata.__func__.3
                0x100060a0       0x18 CMakeFiles/pico-pwm-audio.dir/C_/Program_Files/Raspberry_Pi/Pico_SDK_v1.5.1/pico-sdk/src/common/pico_sync/mutex.c.obj
 .rodata.repeating_timer_callback.str1.4
                0x100060b8       0x67 CMakeFiles/pico-pwm-audio.dir/C_/Program_Files/Raspberry_Pi/Pico_SDK_v1.5.1/pico-sdk/src/common/pico_time/time.c.obj
 *fill*         0x1000611f        0x1 
 .rodata.timer_pool_entry_comparator.str1.4
                0x10006120       0x22 CMakeFiles/pico-pwm-audio.dir/C_/Program_Files/Raspberry_Pi/Pico_SDK_v1.5.1/pico-sdk/src/common/pico_time/time.c.obj
 *fill*         0x10006142        0x2 
 .rodata.ph_add_child_node.str1.4
                0x10006144       0xb2 CMakeFiles/pico-pwm-audio.dir/C_/Program_Files/Raspberry_Pi/Pico_SDK_v1.5.1/pico-sdk/src/common/pico_time/time.c.obj
 *fill*         0x100061f6        0x2 
 .rodata.add_alarm_under_lock.str1.4
                0x100061f8       0x28 CMakeFiles/pico-pwm-audio.dir/C_/Program_Files/Raspberry_Pi/Pico_SDK_v1.5.1/pico-sdk/src/common/pico_time/time.c.obj
                                 0x2b (size before relaxing)
 .rodata.alarm_pool_alarm_callback.str1.4
                0x10006220       0x98 CMakeFiles/pico-pwm-audio.dir/C_/Program_Files/Raspberry_Pi/Pico_SDK_v1.5.1/pico-sdk/src/common/pico_time/time.c.obj
                                0x118 (size before relaxing)
 .rodata.alarm_pool_get_default.str1.4
                0x100062b8       0x21 CMakeFiles/pico-pwm-audio.dir/C_/Program_Files/Raspberry_Pi/Pico_SDK_v1.5.1/pico-sdk/src/common/pico_time/time.c.obj
 *fill*         0x100062d9        0x3 
 .rodata.alarm_pool_cancel_alarm.str1.4
                0x100062dc       0x27 CMakeFiles/pico-pwm-audio.dir/C_/Program_Files/Raspberry_Pi/Pico_SDK_v1.5.1/pico-sdk/src/common/pico_time/time.c.obj
 *fill*         0x10006303        0x1 
 .rodata.__func__.1
                0x10006304       0x18 CMakeFiles/pico-pwm-audio.dir/C_/Program_Files/Raspberry_Pi/Pico_SDK_v1.5.1/pico-sdk/src/common/pico_time/time.c.obj
 .rodata.__func__.10
                0x1000631c       0x15 CMakeFiles/pico-pwm-audio.dir/C_/Program_Files/Raspberry_Pi/Pico_SDK_v1.5.1/pico-sdk/src/common/pico_time/time.c.obj
 *fill*         0x10006331        0x3 
 .rodata.__func__.11
                0x10006334       0x1a CMakeFiles/pico-pwm-audio.dir/C_/Program_Files/Raspberry_Pi/Pico_SDK_v1.5.1/pico-sdk/src/common/pico_time/time.c.obj
 *fill*         0x1000634e        0x2 
 .rodata.__func__.12
                0x10006350        0xa CMakeFiles/pico-pwm-audio.dir/C_/Program_Files/Raspberry_Pi/Pico_SDK_v1.5.1/pico-sdk/src/common/pico_time/time.c.obj
 *fill*         0x1000635a        0x2 
 .rodata.__func__.3
                0x1000635c       0x17 CMakeFiles/pico-pwm-audio.dir/C_/Program_Files/Raspberry_Pi/Pico_SDK_v1.5.1/pico-sdk/src/common/pico_time/time.c.obj
 *fill*         0x10006373        0x1 
 .rodata.__func__.4
                0x10006374       0x12 CMakeFiles/pico-pwm-audio.dir/C_/Program_Files/Raspberry_Pi/Pico_SDK_v1.5.1/pico-sdk/src/common/pico_time/time.c.obj
 *fill*         0x10006386        0x2 
 .rodata.__func__.5
                0x10006388        0xd CMakeFiles/pico-pwm-audio.dir/C_/Program_Files/Raspberry_Pi/Pico_SDK_v1.5.1/pico-sdk/src/common/pico_time/time.c.obj
 *fill*         0x10006395        0x3 
 .rodata.__func__.6
                0x10006398       0x12 CMakeFiles/pico-pwm-audio.dir/C_/Program_Files/Raspberry_Pi/Pico_SDK_v1.5.1/pico-sdk/src/common/pico_time/time.c.obj
 *fill*         0x100063aa        0x2 
 .rodata.__func__.7
                0x100063ac        0xf CMakeFiles/pico-pwm-audio.dir/C_/Program_Files/Raspberry_Pi/Pico_SDK_v1.5.1/pico-sdk/src/common/pico_time/time.c.obj
 *fill*         0x100063bb        0x1 
 .rodata.__func__.8
                0x100063bc        0xc CMakeFiles/pico-pwm-audio.dir/C_/Program_Files/Raspberry_Pi/Pico_SDK_v1.5.1/pico-sdk/src/common/pico_time/time.c.obj
 .rodata.__func__.9
                0x100063c8       0x15 CMakeFiles/pico-pwm-audio.dir/C_/Program_Files/Raspberry_Pi/Pico_SDK_v1.5.1/pico-sdk/src/common/pico_time/time.c.obj
 *fill*         0x100063dd        0x3 
 .rodata.hardware_alarm_claim.str1.4
                0x100063e0       0x22 CMakeFiles/pico-pwm-audio.dir/C_/Program_Files/Raspberry_Pi/Pico_SDK_v1.5.1/pico-sdk/src/rp2_common/hardware_timer/timer.c.obj
 .rodata.busy_wait_us.str1.4
                0x10006402       0x7d CMakeFiles/pico-pwm-audio.dir/C_/Program_Files/Raspberry_Pi/Pico_SDK_v1.5.1/pico-sdk/src/rp2_common/hardware_timer/timer.c.obj
 *fill*         0x10006402        0x2 
 .rodata.hardware_alarm_set_target.str1.4
                0x10006404       0x81 CMakeFiles/pico-pwm-audio.dir/C_/Program_Files/Raspberry_Pi/Pico_SDK_v1.5.1/pico-sdk/src/rp2_common/hardware_timer/timer.c.obj
 *fill*         0x10006485        0x3 
 .rodata.__func__.0
                0x10006488       0x1a CMakeFiles/pico-pwm-audio.dir/C_/Program_Files/Raspberry_Pi/Pico_SDK_v1.5.1/pico-sdk/src/rp2_common/hardware_timer/timer.c.obj
 *fill*         0x100064a2        0x2 
 .rodata.__func__.1
                0x100064a4       0x15 CMakeFiles/pico-pwm-audio.dir/C_/Program_Files/Raspberry_Pi/Pico_SDK_v1.5.1/pico-sdk/src/rp2_common/hardware_timer/timer.c.obj
 .rodata.ph_add_child_node.str1.4
                0x100064b9       0xb2 CMakeFiles/pico-pwm-audio.dir/C_/Program_Files/Raspberry_Pi/Pico_SDK_v1.5.1/pico-sdk/src/common/pico_util/pheap.c.obj
 *fill*         0x100064b9        0x3 
 .rodata.ph_remove_any_head.str1.4
                0x100064bc       0xa8 CMakeFiles/pico-pwm-audio.dir/C_/Program_Files/Raspberry_Pi/Pico_SDK_v1.5.1/pico-sdk/src/common/pico_util/pheap.c.obj
                                 0xbc (size before relaxing)
 .rodata.ph_remove_and_free_node.str1.4
                0x10006564       0x1e CMakeFiles/pico-pwm-audio.dir/C_/Program_Files/Raspberry_Pi/Pico_SDK_v1.5.1/pico-sdk/src/common/pico_util/pheap.c.obj
                                 0x26 (size before relaxing)
 *fill*         0x10006582        0x2 
 .rodata.__func__.0
                0x10006584       0x18 CMakeFiles/pico-pwm-audio.dir/C_/Program_Files/Raspberry_Pi/Pico_SDK_v1.5.1/pico-sdk/src/common/pico_util/pheap.c.obj
 .rodata.__func__.1
                0x1000659c       0x13 CMakeFiles/pico-pwm-audio.dir/C_/Program_Files/Raspberry_Pi/Pico_SDK_v1.5.1/pico-sdk/src/common/pico_util/pheap.c.obj
 *fill*         0x100065af        0x1 
 .rodata.__func__.2
                0x100065b0       0x12 CMakeFiles/pico-pwm-audio.dir/C_/Program_Files/Raspberry_Pi/Pico_SDK_v1.5.1/pico-sdk/src/common/pico_util/pheap.c.obj
 *fill*         0x100065c2        0x2 
 .rodata.__func__.3
                0x100065c4        0xc CMakeFiles/pico-pwm-audio.dir/C_/Program_Files/Raspberry_Pi/Pico_SDK_v1.5.1/pico-sdk/src/common/pico_util/pheap.c.obj
 .rodata.clock_configure.str1.4
                0x100065d0       0x73 CMakeFiles/pico-pwm-audio.dir/C_/Program_Files/Raspberry_Pi/Pico_SDK_v1.5.1/pico-sdk/src/rp2_common/hardware_clocks/clocks.c.obj
 *fill*         0x10006643        0x1 
 .rodata.__func__.1
                0x10006644       0x10 CMakeFiles/pico-pwm-audio.dir/C_/Program_Files/Raspberry_Pi/Pico_SDK_v1.5.1/pico-sdk/src/rp2_common/hardware_clocks/clocks.c.obj
 .rodata.pll_init.str1.4
                0x10006654      0x140 CMakeFiles/pico-pwm-audio.dir/C_/Program_Files/Raspberry_Pi/Pico_SDK_v1.5.1/pico-sdk/src/rp2_common/hardware_pll/pll.c.obj
 .rodata.__func__.0
                0x10006794        0x9 CMakeFiles/pico-pwm-audio.dir/C_/Program_Files/Raspberry_Pi/Pico_SDK_v1.5.1/pico-sdk/src/rp2_common/hardware_pll/pll.c.obj
 *fill*         0x1000679d        0x3 
 .rodata.__assert_func.str1.4
                0x100067a0       0x3f CMakeFiles/pico-pwm-audio.dir/C_/Program_Files/Raspberry_Pi/Pico_SDK_v1.5.1/pico-sdk/src/rp2_common/pico_runtime/runtime.c.obj
                                 0x43 (size before relaxing)
 *fill*         0x100067df        0x1 
 .rodata.runtime_init.str1.4
                0x100067e0       0x7d CMakeFiles/pico-pwm-audio.dir/C_/Program_Files/Raspberry_Pi/Pico_SDK_v1.5.1/pico-sdk/src/rp2_common/pico_runtime/runtime.c.obj
 *fill*         0x1000685d        0x3 
 .rodata.panic.str1.4
                0x10006860       0x12 CMakeFiles/pico-pwm-audio.dir/C_/Program_Files/Raspberry_Pi/Pico_SDK_v1.5.1/pico-sdk/src/rp2_common/pico_runtime/runtime.c.obj
 *fill*         0x10006872        0x2 
 .rodata.__func__.2
                0x10006874        0xd CMakeFiles/pico-pwm-audio.dir/C_/Program_Files/Raspberry_Pi/Pico_SDK_v1.5.1/pico-sdk/src/rp2_common/pico_runtime/runtime.c.obj
 *fill*         0x10006881        0x3 
 .rodata._ftoa.str1.4
                0x10006884       0x15 CMakeFiles/pico-pwm-audio.dir/C_/Program_Files/Raspberry_Pi/Pico_SDK_v1.5.1/pico-sdk/src/rp2_common/pico_printf/printf.c.obj
 *fill*         0x10006899        0x3 
 .rodata._vsnprintf
                0x1000689c      0x1e0 CMakeFiles/pico-pwm-audio.dir/C_/Program_Files/Raspberry_Pi/Pico_SDK_v1.5.1/pico-sdk/src/rp2_common/pico_printf/printf.c.obj
 *fill*         0x10006a7c        0x4 
 .rodata.pow10.0
                0x10006a80       0x50 CMakeFiles/pico-pwm-audio.dir/C_/Program_Files/Raspberry_Pi/Pico_SDK_v1.5.1/pico-sdk/src/rp2_common/pico_printf/printf.c.obj
 .rodata.__aeabi_double_init.str1.4
                0x10006ad0       0xb8 CMakeFiles/pico-pwm-audio.dir/C_/Program_Files/Raspberry_Pi/Pico_SDK_v1.5.1/pico-sdk/src/rp2_common/pico_double/double_init_rom.c.obj
 .rodata.__func__.0
                0x10006b88       0x14 CMakeFiles/pico-pwm-audio.dir/C_/Program_Files/Raspberry_Pi/Pico_SDK_v1.5.1/pico-sdk/src/rp2_common/pico_double/double_init_rom.c.obj
 .rodata.__aeabi_float_init.str1.4
                0x10006b9c       0x96 CMakeFiles/pico-pwm-audio.dir/C_/Program_Files/Raspberry_Pi/Pico_SDK_v1.5.1/pico-sdk/src/rp2_common/pico_float/float_init_rom.c.obj
                                 0x9a (size before relaxing)
 *fill*         0x10006c32        0x2 
 .rodata.__func__.0
                0x10006c34       0x13 CMakeFiles/pico-pwm-audio.dir/C_/Program_Files/Raspberry_Pi/Pico_SDK_v1.5.1/pico-sdk/src/rp2_common/pico_float/float_init_rom.c.obj
 *fill*         0x10006c47        0x1 
 .rodata.__wrap_malloc.str1.4
                0x10006c48        0xe CMakeFiles/pico-pwm-audio.dir/C_/Program_Files/Raspberry_Pi/Pico_SDK_v1.5.1/pico-sdk/src/rp2_common/pico_malloc/pico_malloc.c.obj
 *fill*         0x10006c56        0x2 
 .rodata.str1.4
                0x10006c58       0x48 CMakeFiles/pico-pwm-audio.dir/C_/Program_Files/Raspberry_Pi/Pico_SDK_v1.5.1/pico-sdk/src/rp2_common/pico_standard_link/binary_info.c.obj
 .rodata.__bi_44
                0x10006ca0        0xc CMakeFiles/pico-pwm-audio.dir/C_/Program_Files/Raspberry_Pi/Pico_SDK_v1.5.1/pico-sdk/src/rp2_common/pico_standard_link/binary_info.c.obj
 .rodata.__bi_56
                0x10006cac        0xc CMakeFiles/pico-pwm-audio.dir/C_/Program_Files/Raspberry_Pi/Pico_SDK_v1.5.1/pico-sdk/src/rp2_common/pico_standard_link/binary_info.c.obj
 .rodata.__bi_75
                0x10006cb8        0xc CMakeFiles/pico-pwm-audio.dir/C_/Program_Files/Raspberry_Pi/Pico_SDK_v1.5.1/pico-sdk/src/rp2_common/pico_standard_link/binary_info.c.obj
 .rodata.__bi_81
                0x10006cc4        0xc CMakeFiles/pico-pwm-audio.dir/C_/Program_Files/Raspberry_Pi/Pico_SDK_v1.5.1/pico-sdk/src/rp2_common/pico_standard_link/binary_info.c.obj
 .rodata.stdout_serialize_begin.str1.4
                0x10006cd0       0x7d CMakeFiles/pico-pwm-audio.dir/C_/Program_Files/Raspberry_Pi/Pico_SDK_v1.5.1/pico-sdk/src/rp2_common/pico_stdio/stdio.c.obj
 .rodata.__func__.3
                0x10006cd0       0x15 CMakeFiles/pico-pwm-audio.dir/C_/Program_Files/Raspberry_Pi/Pico_SDK_v1.5.1/pico-sdk/src/rp2_common/pico_stdio/stdio.c.obj
 *fill*         0x10006ce5        0x3 
 .rodata.crlf_str.2
                0x10006ce8        0x2 CMakeFiles/pico-pwm-audio.dir/C_/Program_Files/Raspberry_Pi/Pico_SDK_v1.5.1/pico-sdk/src/rp2_common/pico_stdio/stdio.c.obj
 *fill*         0x10006cea        0x2 
 .rodata.str1.4
                0x10006cec       0x2c CMakeFiles/pico-pwm-audio.dir/C_/Program_Files/Raspberry_Pi/Pico_SDK_v1.5.1/pico-sdk/src/rp2_common/pico_stdio_uart/stdio_uart.c.obj
 .rodata.__bi_33.4
                0x10006d18        0xc CMakeFiles/pico-pwm-audio.dir/C_/Program_Files/Raspberry_Pi/Pico_SDK_v1.5.1/pico-sdk/src/rp2_common/pico_stdio_uart/stdio_uart.c.obj
 .rodata.__bi_34.5
                0x10006d24        0x8 CMakeFiles/pico-pwm-audio.dir/C_/Program_Files/Raspberry_Pi/Pico_SDK_v1.5.1/pico-sdk/src/rp2_common/pico_stdio_uart/stdio_uart.c.obj
                0x10006d2c                . = ALIGN (0x4)
 *(SORT_BY_ALIGNMENT(SORT_BY_NAME(.flashdata*)))
                0x10006d2c                . = ALIGN (0x4)

.ARM.extab
 *(.ARM.extab* .gnu.linkonce.armextab.*)
                0x10006d2c                __exidx_start = .

.ARM.exidx
 *(.ARM.exidx* .gnu.linkonce.armexidx.*)
                0x10006d2c                __exidx_end = .
                0x10006d2c                . = ALIGN (0x4)
                0x10006d2c                __binary_info_start = .

.binary_info    0x10006d2c       0x28
 *(.binary_info.keep.*)
 .binary_info.keep.__bi_ptr22
                0x10006d2c        0x4 CMakeFiles/pico-pwm-audio.dir/C_/Program_Files/Raspberry_Pi/Pico_SDK_v1.5.1/pico-sdk/src/rp2_common/pico_standard_link/binary_info.c.obj
 .binary_info.keep.__bi_ptr30
                0x10006d30        0x4 CMakeFiles/pico-pwm-audio.dir/C_/Program_Files/Raspberry_Pi/Pico_SDK_v1.5.1/pico-sdk/src/rp2_common/pico_standard_link/binary_info.c.obj
 .binary_info.keep.__bi_ptr38
                0x10006d34        0x4 CMakeFiles/pico-pwm-audio.dir/C_/Program_Files/Raspberry_Pi/Pico_SDK_v1.5.1/pico-sdk/src/rp2_common/pico_standard_link/binary_info.c.obj
 .binary_info.keep.__bi_ptr44
                0x10006d38        0x4 CMakeFiles/pico-pwm-audio.dir/C_/Program_Files/Raspberry_Pi/Pico_SDK_v1.5.1/pico-sdk/src/rp2_common/pico_standard_link/binary_info.c.obj
 .binary_info.keep.__bi_ptr50
                0x10006d3c        0x4 CMakeFiles/pico-pwm-audio.dir/C_/Program_Files/Raspberry_Pi/Pico_SDK_v1.5.1/pico-sdk/src/rp2_common/pico_standard_link/binary_info.c.obj
 .binary_info.keep.__bi_ptr56
                0x10006d40        0x4 CMakeFiles/pico-pwm-audio.dir/C_/Program_Files/Raspberry_Pi/Pico_SDK_v1.5.1/pico-sdk/src/rp2_common/pico_standard_link/binary_info.c.obj
 .binary_info.keep.__bi_ptr75
                0x10006d44        0x4 CMakeFiles/pico-pwm-audio.dir/C_/Program_Files/Raspberry_Pi/Pico_SDK_v1.5.1/pico-sdk/src/rp2_common/pico_standard_link/binary_info.c.obj
 .binary_info.keep.__bi_ptr81
                0x10006d48        0x4 CMakeFiles/pico-pwm-audio.dir/C_/Program_Files/Raspberry_Pi/Pico_SDK_v1.5.1/pico-sdk/src/rp2_common/pico_standard_link/binary_info.c.obj
 *(.binary_info.*)
 .binary_info.__bi_ptr33
                0x10006d4c        0x4 CMakeFiles/pico-pwm-audio.dir/C_/Program_Files/Raspberry_Pi/Pico_SDK_v1.5.1/pico-sdk/src/rp2_common/pico_stdio_uart/stdio_uart.c.obj
 .binary_info.__bi_ptr34
                0x10006d50        0x4 CMakeFiles/pico-pwm-audio.dir/C_/Program_Files/Raspberry_Pi/Pico_SDK_v1.5.1/pico-sdk/src/rp2_common/pico_stdio_uart/stdio_uart.c.obj
                0x10006d54                __binary_info_end = .

.rel.dyn        0x10006d54        0x0
 .rel.iplt      0x10006d54        0x0 c:/progra~1/raspbe~1/picosd~1.1/gcc-ar~1/bin/../lib/gcc/arm-none-eabi/10.3.1/thumb/v6-m/nofp/crtbegin.o
                0x10006d54                . = ALIGN (0x4)

.ram_vector_table
                0x20000000       0xc0
 *(.ram_vector_table)
 .ram_vector_table
                0x20000000       0xc0 CMakeFiles/pico-pwm-audio.dir/C_/Program_Files/Raspberry_Pi/Pico_SDK_v1.5.1/pico-sdk/src/rp2_common/pico_runtime/runtime.c.obj
                0x20000000                ram_vector_table

.data           0x200000c0     0x1724 load address 0x10006d54
                0x200000c0                __data_start__ = .
 *(vtable)
 *(.time_critical*)
 .time_critical.mutex_try_enter
                0x200000c0       0x46 CMakeFiles/pico-pwm-audio.dir/C_/Program_Files/Raspberry_Pi/Pico_SDK_v1.5.1/pico-sdk/src/common/pico_sync/mutex.c.obj
                0x200000c0                mutex_try_enter
 *fill*         0x20000106        0x2 
 .time_critical.mutex_enter_block_until
                0x20000108       0x8c CMakeFiles/pico-pwm-audio.dir/C_/Program_Files/Raspberry_Pi/Pico_SDK_v1.5.1/pico-sdk/src/common/pico_sync/mutex.c.obj
                0x20000108                mutex_enter_block_until
 .time_critical.mutex_try_enter_block_until
                0x20000194       0x34 CMakeFiles/pico-pwm-audio.dir/C_/Program_Files/Raspberry_Pi/Pico_SDK_v1.5.1/pico-sdk/src/common/pico_sync/mutex.c.obj
                0x20000194                mutex_try_enter_block_until
 .time_critical.mutex_exit
                0x200001c8       0x4c CMakeFiles/pico-pwm-audio.dir/C_/Program_Files/Raspberry_Pi/Pico_SDK_v1.5.1/pico-sdk/src/common/pico_sync/mutex.c.obj
                0x200001c8                mutex_exit
 *(.text*)
 .text          0x20000214        0x4 c:/progra~1/raspbe~1/picosd~1.1/gcc-ar~1/bin/../lib/gcc/arm-none-eabi/10.3.1/thumb/v6-m/nofp\libgcc.a(_dvmd_tls.o)
                0x20000214                __aeabi_idiv0
                0x20000214                __aeabi_ldiv0
 .text.__stub   0x20000218       0x20 linker stubs
                0x20000238                . = ALIGN (0x4)
 *(.rodata*)
                0x20000238                . = ALIGN (0x4)
 *(.data*)
 .data.HARMONIC2_WAV_DATA
                0x20000238      0x191 CMakeFiles/pico-pwm-audio.dir/pico-pwm-audio.c.obj
                0x20000238                HARMONIC2_WAV_DATA
 *fill*         0x200003c9        0x3 
 .data.HARMONIC3_WAV_DATA
                0x200003cc      0x191 CMakeFiles/pico-pwm-audio.dir/pico-pwm-audio.c.obj
                0x200003cc                HARMONIC3_WAV_DATA
 *fill*         0x2000055d        0x3 
 .data.HARMONIC4_WAV_DATA
                0x20000560      0x191 CMakeFiles/pico-pwm-audio.dir/pico-pwm-audio.c.obj
                0x20000560                HARMONIC4_WAV_DATA
 *fill*         0x200006f1        0x3 
 .data.HARMONIC5_WAV_DATA
                0x200006f4      0x191 CMakeFiles/pico-pwm-audio.dir/pico-pwm-audio.c.obj
                0x200006f4                HARMONIC5_WAV_DATA
 *fill*         0x20000885        0x3 
 .data.HARMONIC6_WAV_DATA
                0x20000888      0x191 CMakeFiles/pico-pwm-audio.dir/pico-pwm-audio.c.obj
                0x20000888                HARMONIC6_WAV_DATA
 *fill*         0x20000a19        0x3 
 .data.HARMONIC7_WAV_DATA
                0x20000a1c      0x191 CMakeFiles/pico-pwm-audio.dir/pico-pwm-audio.c.obj
                0x20000a1c                HARMONIC7_WAV_DATA
 *fill*         0x20000bad        0x3 
 .data.HARMONIC8_WAV_DATA
                0x20000bb0      0x191 CMakeFiles/pico-pwm-audio.dir/pico-pwm-audio.c.obj
                0x20000bb0                HARMONIC8_WAV_DATA
 *fill*         0x20000d41        0x3 
 .data.SIN_WAV_DATA
                0x20000d44      0x191 CMakeFiles/pico-pwm-audio.dir/pico-pwm-audio.c.obj
                0x20000d44                SIN_WAV_DATA
 *fill*         0x20000ed5        0x3 
 .data.val      0x20000ed8        0x4 CMakeFiles/pico-pwm-audio.dir/pico-pwm-audio.c.obj
                0x20000ed8                val
 .data.striped_spin_lock_num
                0x20000edc        0x1 CMakeFiles/pico-pwm-audio.dir/C_/Program_Files/Raspberry_Pi/Pico_SDK_v1.5.1/pico-sdk/src/rp2_common/hardware_sync/sync.c.obj
 *fill*         0x20000edd        0x3 
 .data          0x20000ee0       0x48 CMakeFiles/pico-pwm-audio.dir/C_/Program_Files/Raspberry_Pi/Pico_SDK_v1.5.1/pico-sdk/src/rp2_common/hardware_irq/irq_handler_chain.S.obj
                0x20000ee0                irq_handler_chain_slots
                0x20000f10                irq_handler_chain_first_slot
                0x20000f1a                irq_handler_chain_remove_tail
 .data.default_alarm_pool
                0x20000f28       0x18 CMakeFiles/pico-pwm-audio.dir/C_/Program_Files/Raspberry_Pi/Pico_SDK_v1.5.1/pico-sdk/src/common/pico_time/time.c.obj
 .data.default_alarm_pool_heap
                0x20000f40       0x10 CMakeFiles/pico-pwm-audio.dir/C_/Program_Files/Raspberry_Pi/Pico_SDK_v1.5.1/pico-sdk/src/common/pico_time/time.c.obj
 .data.aeabi_bits_funcs
                0x20000f50       0x10 CMakeFiles/pico-pwm-audio.dir/C_/Program_Files/Raspberry_Pi/Pico_SDK_v1.5.1/pico-sdk/src/rp2_common/pico_bit_ops/bit_ops_aeabi.S.obj
                0x20000f50                aeabi_bits_funcs
                0x20000f60                aeabi_bits_funcs_end
 .data.aeabi_mem_funcs
                0x20000f60       0x10 CMakeFiles/pico-pwm-audio.dir/C_/Program_Files/Raspberry_Pi/Pico_SDK_v1.5.1/pico-sdk/src/rp2_common/pico_mem_ops/mem_ops_aeabi.S.obj
                0x20000f60                aeabi_mem_funcs
                0x20000f70                aeabi_mem_funcs_end
 .data.stdio_uart
                0x20000f70       0x18 CMakeFiles/pico-pwm-audio.dir/C_/Program_Files/Raspberry_Pi/Pico_SDK_v1.5.1/pico-sdk/src/rp2_common/pico_stdio_uart/stdio_uart.c.obj
                0x20000f70                stdio_uart
 .data._impure_ptr
                0x20000f88        0x4 c:/progra~1/raspbe~1/picosd~1.1/gcc-ar~1/bin/../lib/gcc/arm-none-eabi/10.3.1/../../../../arm-none-eabi/lib/thumb/v6-m/nofp\libg.a(lib_a-impure.o)
                0x20000f88                _impure_ptr
 *fill*         0x20000f8c        0x4 
 .data.impure_data
                0x20000f90      0x428 c:/progra~1/raspbe~1/picosd~1.1/gcc-ar~1/bin/../lib/gcc/arm-none-eabi/10.3.1/../../../../arm-none-eabi/lib/thumb/v6-m/nofp\libg.a(lib_a-impure.o)
 .data.__malloc_av_
                0x200013b8      0x408 c:/progra~1/raspbe~1/picosd~1.1/gcc-ar~1/bin/../lib/gcc/arm-none-eabi/10.3.1/../../../../arm-none-eabi/lib/thumb/v6-m/nofp\libg.a(lib_a-mallocr.o)
                0x200013b8                __malloc_av_
 .data.__malloc_sbrk_base
                0x200017c0        0x4 c:/progra~1/raspbe~1/picosd~1.1/gcc-ar~1/bin/../lib/gcc/arm-none-eabi/10.3.1/../../../../arm-none-eabi/lib/thumb/v6-m/nofp\libg.a(lib_a-mallocr.o)
                0x200017c0                __malloc_sbrk_base
 .data.__malloc_trim_threshold
                0x200017c4        0x4 c:/progra~1/raspbe~1/picosd~1.1/gcc-ar~1/bin/../lib/gcc/arm-none-eabi/10.3.1/../../../../arm-none-eabi/lib/thumb/v6-m/nofp\libg.a(lib_a-mallocr.o)
                0x200017c4                __malloc_trim_threshold
                0x200017c8                . = ALIGN (0x4)
 *(.after_data.*)
                0x200017c8                . = ALIGN (0x4)
                0x200017c8                PROVIDE (__mutex_array_start = .)
 *(SORT_BY_NAME(.mutex_array.*))
 *(.mutex_array)
 .mutex_array   0x200017c8        0x8 CMakeFiles/pico-pwm-audio.dir/C_/Program_Files/Raspberry_Pi/Pico_SDK_v1.5.1/pico-sdk/src/rp2_common/pico_stdio/stdio.c.obj
                0x200017d0                PROVIDE (__mutex_array_end = .)
                0x200017d0                . = ALIGN (0x4)
                0x200017d0                PROVIDE (__preinit_array_start = .)
 *(SORT_BY_NAME(.preinit_array.*))
 .preinit_array.00001
                0x200017d0        0x4 CMakeFiles/pico-pwm-audio.dir/C_/Program_Files/Raspberry_Pi/Pico_SDK_v1.5.1/pico-sdk/src/rp2_common/pico_mem_ops/mem_ops_aeabi.S.obj
 .preinit_array.00010
                0x200017d4        0x4 CMakeFiles/pico-pwm-audio.dir/C_/Program_Files/Raspberry_Pi/Pico_SDK_v1.5.1/pico-sdk/src/rp2_common/pico_bit_ops/bit_ops_aeabi.S.obj
 .preinit_array.00020
                0x200017d8        0x4 CMakeFiles/pico-pwm-audio.dir/C_/Program_Files/Raspberry_Pi/Pico_SDK_v1.5.1/pico-sdk/src/rp2_common/pico_double/double_aeabi.S.obj
 .preinit_array.00020
                0x200017dc        0x4 CMakeFiles/pico-pwm-audio.dir/C_/Program_Files/Raspberry_Pi/Pico_SDK_v1.5.1/pico-sdk/src/rp2_common/pico_float/float_aeabi.S.obj
 *(.preinit_array)
                0x200017e0                PROVIDE (__preinit_array_end = .)
                0x200017e0                . = ALIGN (0x4)
                0x200017e0                PROVIDE (__init_array_start = .)
 *(SORT_BY_NAME(.init_array.*))
 *(.init_array)
 .init_array    0x200017e0        0x4 c:/progra~1/raspbe~1/picosd~1.1/gcc-ar~1/bin/../lib/gcc/arm-none-eabi/10.3.1/thumb/v6-m/nofp/crtbegin.o
                0x200017e4                PROVIDE (__init_array_end = .)
                0x200017e4                . = ALIGN (0x4)
                [!provide]                PROVIDE (__fini_array_start = .)
 *(SORT_BY_NAME(.fini_array.*))
 *(.fini_array)
                [!provide]                PROVIDE (__fini_array_end = .)
 *(.jcr)
                0x200017e4                . = ALIGN (0x4)
                0x200017e4                __data_end__ = .
                0x10006d54                __etext = LOADADDR (.data)

.igot.plt       0x200017e4        0x0 load address 0x10008478
 .igot.plt      0x200017e4        0x0 c:/progra~1/raspbe~1/picosd~1.1/gcc-ar~1/bin/../lib/gcc/arm-none-eabi/10.3.1/thumb/v6-m/nofp/crtbegin.o

.uninitialized_data
                0x200017e4        0x0 load address 0x10008478
                0x200017e4                . = ALIGN (0x4)
 *(.uninitialized_data*)

.scratch_x      0x20040000        0x0 load address 0x10008478
                0x20040000                __scratch_x_start__ = .
 *(.scratch_x.*)
                0x20040000                . = ALIGN (0x4)
                0x20040000                __scratch_x_end__ = .
                0x10008478                __scratch_x_source__ = LOADADDR (.scratch_x)

.scratch_y      0x20041000        0x0 load address 0x10008478
                0x20041000                __scratch_y_start__ = .
 *(.scratch_y.*)
                0x20041000                . = ALIGN (0x4)
                0x20041000                __scratch_y_end__ = .
                0x10008478                __scratch_y_source__ = LOADADDR (.scratch_y)

.bss            0x200017e8      0x590
                0x200017e8                . = ALIGN (0x4)
                0x200017e8                __bss_start__ = .
 *(SORT_BY_ALIGNMENT(SORT_BY_NAME(.bss*)))
 .bss.default_alarm_pool_entries
                0x200017e8      0x100 CMakeFiles/pico-pwm-audio.dir/C_/Program_Files/Raspberry_Pi/Pico_SDK_v1.5.1/pico-sdk/src/common/pico_time/time.c.obj
 .bss           0x200018e8       0x1c c:/progra~1/raspbe~1/picosd~1.1/gcc-ar~1/bin/../lib/gcc/arm-none-eabi/10.3.1/thumb/v6-m/nofp/crtbegin.o
 .bss.__lock___malloc_recursive_mutex
                0x20001904        0x1 c:/progra~1/raspbe~1/picosd~1.1/gcc-ar~1/bin/../lib/gcc/arm-none-eabi/10.3.1/../../../../arm-none-eabi/lib/thumb/v6-m/nofp\libg.a(lib_a-lock.o)
                0x20001904                __lock___malloc_recursive_mutex
 *fill*         0x20001905        0x3 
 .bss.__malloc_current_mallinfo
                0x20001908       0x28 c:/progra~1/raspbe~1/picosd~1.1/gcc-ar~1/bin/../lib/gcc/arm-none-eabi/10.3.1/../../../../arm-none-eabi/lib/thumb/v6-m/nofp\libg.a(lib_a-mallocr.o)
                0x20001908                __malloc_current_mallinfo
 .bss.__malloc_max_sbrked_mem
                0x20001930        0x4 c:/progra~1/raspbe~1/picosd~1.1/gcc-ar~1/bin/../lib/gcc/arm-none-eabi/10.3.1/../../../../arm-none-eabi/lib/thumb/v6-m/nofp\libg.a(lib_a-mallocr.o)
                0x20001930                __malloc_max_sbrked_mem
 .bss.__malloc_max_total_mem
                0x20001934        0x4 c:/progra~1/raspbe~1/picosd~1.1/gcc-ar~1/bin/../lib/gcc/arm-none-eabi/10.3.1/../../../../arm-none-eabi/lib/thumb/v6-m/nofp\libg.a(lib_a-mallocr.o)
                0x20001934                __malloc_max_total_mem
 .bss.__malloc_top_pad
                0x20001938        0x4 c:/progra~1/raspbe~1/picosd~1.1/gcc-ar~1/bin/../lib/gcc/arm-none-eabi/10.3.1/../../../../arm-none-eabi/lib/thumb/v6-m/nofp\libg.a(lib_a-mallocr.o)
                0x20001938                __malloc_top_pad
 .bss.alarm_callbacks
                0x2000193c       0x10 CMakeFiles/pico-pwm-audio.dir/C_/Program_Files/Raspberry_Pi/Pico_SDK_v1.5.1/pico-sdk/src/rp2_common/hardware_timer/timer.c.obj
 .bss.alarm_ids
                0x2000194c       0x70 CMakeFiles/pico-pwm-audio.dir/pico-pwm-audio.c.obj
                0x2000194c                alarm_ids
 .bss.audio_pin_channel
                0x200019bc        0x4 CMakeFiles/pico-pwm-audio.dir/pico-pwm-audio.c.obj
                0x200019bc                audio_pin_channel
 .bss.audio_pin_slice
                0x200019c0        0x4 CMakeFiles/pico-pwm-audio.dir/pico-pwm-audio.c.obj
                0x200019c0                audio_pin_slice
 .bss.buttonNum
                0x200019c4        0x4 CMakeFiles/pico-pwm-audio.dir/pico-pwm-audio.c.obj
                0x200019c4                buttonNum
 .bss.callbacks
                0x200019c8        0x8 CMakeFiles/pico-pwm-audio.dir/C_/Program_Files/Raspberry_Pi/Pico_SDK_v1.5.1/pico-sdk/src/rp2_common/hardware_gpio/gpio.c.obj
 .bss.chars_available_callback
                0x200019d0        0x4 CMakeFiles/pico-pwm-audio.dir/C_/Program_Files/Raspberry_Pi/Pico_SDK_v1.5.1/pico-sdk/src/rp2_common/pico_stdio_uart/stdio_uart.c.obj
 .bss.chars_available_param
                0x200019d4        0x4 CMakeFiles/pico-pwm-audio.dir/C_/Program_Files/Raspberry_Pi/Pico_SDK_v1.5.1/pico-sdk/src/rp2_common/pico_stdio_uart/stdio_uart.c.obj
 .bss.configured_freq
                0x200019d8       0x28 CMakeFiles/pico-pwm-audio.dir/C_/Program_Files/Raspberry_Pi/Pico_SDK_v1.5.1/pico-sdk/src/rp2_common/hardware_clocks/clocks.c.obj
 .bss.default_alarm_pool_entry_ids_high
                0x20001a00       0x10 CMakeFiles/pico-pwm-audio.dir/C_/Program_Files/Raspberry_Pi/Pico_SDK_v1.5.1/pico-sdk/src/common/pico_time/time.c.obj
 .bss.default_alarm_pool_heap_nodes
                0x20001a10       0x30 CMakeFiles/pico-pwm-audio.dir/C_/Program_Files/Raspberry_Pi/Pico_SDK_v1.5.1/pico-sdk/src/common/pico_time/time.c.obj
 .bss.drivers   0x20001a40        0x4 CMakeFiles/pico-pwm-audio.dir/C_/Program_Files/Raspberry_Pi/Pico_SDK_v1.5.1/pico-sdk/src/rp2_common/pico_stdio/stdio.c.obj
 .bss.errno     0x20001a44        0x4 c:/progra~1/raspbe~1/picosd~1.1/gcc-ar~1/bin/../lib/gcc/arm-none-eabi/10.3.1/../../../../arm-none-eabi/lib/thumb/v6-m/nofp\libg.a(lib_a-reent.o)
                0x20001a44                errno
 .bss.filter    0x20001a48        0x4 CMakeFiles/pico-pwm-audio.dir/C_/Program_Files/Raspberry_Pi/Pico_SDK_v1.5.1/pico-sdk/src/rp2_common/pico_stdio/stdio.c.obj
 .bss.frequency
                0x20001a4c        0x4 CMakeFiles/pico-pwm-audio.dir/pico-pwm-audio.c.obj
                0x20001a4c                frequency
 .bss.handlers  0x20001a50       0xe0 CMakeFiles/pico-pwm-audio.dir/pico-pwm-audio.c.obj
                0x20001a50                handlers
 .bss.heap_end.1
                0x20001b30        0x4 CMakeFiles/pico-pwm-audio.dir/C_/Program_Files/Raspberry_Pi/Pico_SDK_v1.5.1/pico-sdk/src/rp2_common/pico_runtime/runtime.c.obj
 .bss.level     0x20001b34        0x4 CMakeFiles/pico-pwm-audio.dir/pico-pwm-audio.c.obj
                0x20001b34                level
 .bss.pools     0x20001b38       0x10 CMakeFiles/pico-pwm-audio.dir/C_/Program_Files/Raspberry_Pi/Pico_SDK_v1.5.1/pico-sdk/src/common/pico_time/time.c.obj
 .bss.raw_irq_mask
                0x20001b48        0x8 CMakeFiles/pico-pwm-audio.dir/C_/Program_Files/Raspberry_Pi/Pico_SDK_v1.5.1/pico-sdk/src/rp2_common/hardware_gpio/gpio.c.obj
 .bss.sd_table  0x20001b50      0x100 CMakeFiles/pico-pwm-audio.dir/C_/Program_Files/Raspberry_Pi/Pico_SDK_v1.5.1/pico-sdk/src/rp2_common/pico_double/double_init_rom.c.obj
                0x20001b50                sd_table
 .bss.sf_clz_func
                0x20001c50        0x4 CMakeFiles/pico-pwm-audio.dir/C_/Program_Files/Raspberry_Pi/Pico_SDK_v1.5.1/pico-sdk/src/rp2_common/pico_double/double_init_rom.c.obj
                0x20001c50                sf_clz_func
 .bss.sf_table  0x20001c54      0x100 CMakeFiles/pico-pwm-audio.dir/C_/Program_Files/Raspberry_Pi/Pico_SDK_v1.5.1/pico-sdk/src/rp2_common/pico_float/float_init_rom.c.obj
                0x20001c54                sf_table
 .bss.sleep_notifier
                0x20001d54        0x4 CMakeFiles/pico-pwm-audio.dir/C_/Program_Files/Raspberry_Pi/Pico_SDK_v1.5.1/pico-sdk/src/common/pico_time/time.c.obj
 .bss.target_hi
                0x20001d58       0x10 CMakeFiles/pico-pwm-audio.dir/C_/Program_Files/Raspberry_Pi/Pico_SDK_v1.5.1/pico-sdk/src/rp2_common/hardware_timer/timer.c.obj
 .bss.uart_char_to_line_feed
                0x20001d68        0x4 CMakeFiles/pico-pwm-audio.dir/C_/Program_Files/Raspberry_Pi/Pico_SDK_v1.5.1/pico-sdk/src/rp2_common/hardware_uart/uart.c.obj
                0x20001d68                uart_char_to_line_feed
 .bss.uart_instance
                0x20001d6c        0x4 CMakeFiles/pico-pwm-audio.dir/C_/Program_Files/Raspberry_Pi/Pico_SDK_v1.5.1/pico-sdk/src/rp2_common/pico_stdio_uart/stdio_uart.c.obj
 .bss.wav_position
                0x20001d70        0x4 CMakeFiles/pico-pwm-audio.dir/pico-pwm-audio.c.obj
                0x20001d70                wav_position
 .bss.claimed   0x20001d74        0x1 CMakeFiles/pico-pwm-audio.dir/C_/Program_Files/Raspberry_Pi/Pico_SDK_v1.5.1/pico-sdk/src/rp2_common/hardware_timer/timer.c.obj
 .bss.irq_hander_chain_free_slot_head
                0x20001d75        0x1 CMakeFiles/pico-pwm-audio.dir/C_/Program_Files/Raspberry_Pi/Pico_SDK_v1.5.1/pico-sdk/src/rp2_common/hardware_irq/irq.c.obj
 .bss.timer_callbacks_pending
                0x20001d76        0x1 CMakeFiles/pico-pwm-audio.dir/C_/Program_Files/Raspberry_Pi/Pico_SDK_v1.5.1/pico-sdk/src/rp2_common/hardware_timer/timer.c.obj
 *(COMMON)
                0x20001d78                . = ALIGN (0x4)
 *fill*         0x20001d77        0x1 
                0x20001d78                __bss_end__ = .

.heap           0x20001d78      0x800
                0x20001d78                __end__ = .
                0x20001d78                end = __end__
 *(.heap*)
 .heap          0x20001d78      0x800 CMakeFiles/pico-pwm-audio.dir/C_/Program_Files/Raspberry_Pi/Pico_SDK_v1.5.1/pico-sdk/src/rp2_common/pico_standard_link/crt0.S.obj
                0x20002578                __HeapLimit = .

.stack1_dummy   0x20040000        0x0
 *(.stack1*)

.stack_dummy    0x20041000      0x800
 *(.stack*)
 .stack         0x20041000      0x800 CMakeFiles/pico-pwm-audio.dir/C_/Program_Files/Raspberry_Pi/Pico_SDK_v1.5.1/pico-sdk/src/rp2_common/pico_standard_link/crt0.S.obj

.flash_end      0x10008478        0x0
                0x10008478                PROVIDE (__flash_binary_end = .)
                0x20040000                __StackLimit = (ORIGIN (RAM) + LENGTH (RAM))
                0x20041000                __StackOneTop = (ORIGIN (SCRATCH_X) + LENGTH (SCRATCH_X))
                0x20042000                __StackTop = (ORIGIN (SCRATCH_Y) + LENGTH (SCRATCH_Y))
                0x20041000                __StackOneBottom = (__StackOneTop - SIZEOF (.stack1_dummy))
                0x20041800                __StackBottom = (__StackTop - SIZEOF (.stack_dummy))
                0x20042000                PROVIDE (__stack = __StackTop)
                0x00000001                ASSERT ((__StackLimit >= __HeapLimit), region RAM overflowed)
                0x00000001                ASSERT (((__binary_info_header_end - __logical_binary_start) <= 0x100), Binary info must be in first 256 bytes of the binary)
LOAD CMakeFiles/pico-pwm-audio.dir/pico-pwm-audio.c.obj
LOAD CMakeFiles/pico-pwm-audio.dir/C_/Program_Files/Raspberry_Pi/Pico_SDK_v1.5.1/pico-sdk/src/rp2_common/pico_stdlib/stdlib.c.obj
LOAD CMakeFiles/pico-pwm-audio.dir/C_/Program_Files/Raspberry_Pi/Pico_SDK_v1.5.1/pico-sdk/src/rp2_common/hardware_gpio/gpio.c.obj
LOAD CMakeFiles/pico-pwm-audio.dir/C_/Program_Files/Raspberry_Pi/Pico_SDK_v1.5.1/pico-sdk/src/rp2_common/pico_platform/platform.c.obj
LOAD CMakeFiles/pico-pwm-audio.dir/C_/Program_Files/Raspberry_Pi/Pico_SDK_v1.5.1/pico-sdk/src/rp2_common/hardware_claim/claim.c.obj
LOAD CMakeFiles/pico-pwm-audio.dir/C_/Program_Files/Raspberry_Pi/Pico_SDK_v1.5.1/pico-sdk/src/rp2_common/hardware_sync/sync.c.obj
LOAD CMakeFiles/pico-pwm-audio.dir/C_/Program_Files/Raspberry_Pi/Pico_SDK_v1.5.1/pico-sdk/src/rp2_common/hardware_irq/irq.c.obj
LOAD CMakeFiles/pico-pwm-audio.dir/C_/Program_Files/Raspberry_Pi/Pico_SDK_v1.5.1/pico-sdk/src/rp2_common/hardware_irq/irq_handler_chain.S.obj
LOAD CMakeFiles/pico-pwm-audio.dir/C_/Program_Files/Raspberry_Pi/Pico_SDK_v1.5.1/pico-sdk/src/common/pico_sync/sem.c.obj
LOAD CMakeFiles/pico-pwm-audio.dir/C_/Program_Files/Raspberry_Pi/Pico_SDK_v1.5.1/pico-sdk/src/common/pico_sync/lock_core.c.obj
LOAD CMakeFiles/pico-pwm-audio.dir/C_/Program_Files/Raspberry_Pi/Pico_SDK_v1.5.1/pico-sdk/src/common/pico_sync/mutex.c.obj
LOAD CMakeFiles/pico-pwm-audio.dir/C_/Program_Files/Raspberry_Pi/Pico_SDK_v1.5.1/pico-sdk/src/common/pico_sync/critical_section.c.obj
LOAD CMakeFiles/pico-pwm-audio.dir/C_/Program_Files/Raspberry_Pi/Pico_SDK_v1.5.1/pico-sdk/src/common/pico_time/time.c.obj
LOAD CMakeFiles/pico-pwm-audio.dir/C_/Program_Files/Raspberry_Pi/Pico_SDK_v1.5.1/pico-sdk/src/common/pico_time/timeout_helper.c.obj
LOAD CMakeFiles/pico-pwm-audio.dir/C_/Program_Files/Raspberry_Pi/Pico_SDK_v1.5.1/pico-sdk/src/rp2_common/hardware_timer/timer.c.obj
LOAD CMakeFiles/pico-pwm-audio.dir/C_/Program_Files/Raspberry_Pi/Pico_SDK_v1.5.1/pico-sdk/src/common/pico_util/datetime.c.obj
LOAD CMakeFiles/pico-pwm-audio.dir/C_/Program_Files/Raspberry_Pi/Pico_SDK_v1.5.1/pico-sdk/src/common/pico_util/pheap.c.obj
LOAD CMakeFiles/pico-pwm-audio.dir/C_/Program_Files/Raspberry_Pi/Pico_SDK_v1.5.1/pico-sdk/src/common/pico_util/queue.c.obj
LOAD CMakeFiles/pico-pwm-audio.dir/C_/Program_Files/Raspberry_Pi/Pico_SDK_v1.5.1/pico-sdk/src/rp2_common/hardware_uart/uart.c.obj
LOAD CMakeFiles/pico-pwm-audio.dir/C_/Program_Files/Raspberry_Pi/Pico_SDK_v1.5.1/pico-sdk/src/rp2_common/hardware_clocks/clocks.c.obj
LOAD CMakeFiles/pico-pwm-audio.dir/C_/Program_Files/Raspberry_Pi/Pico_SDK_v1.5.1/pico-sdk/src/rp2_common/hardware_pll/pll.c.obj
LOAD CMakeFiles/pico-pwm-audio.dir/C_/Program_Files/Raspberry_Pi/Pico_SDK_v1.5.1/pico-sdk/src/rp2_common/hardware_vreg/vreg.c.obj
LOAD CMakeFiles/pico-pwm-audio.dir/C_/Program_Files/Raspberry_Pi/Pico_SDK_v1.5.1/pico-sdk/src/rp2_common/hardware_watchdog/watchdog.c.obj
LOAD CMakeFiles/pico-pwm-audio.dir/C_/Program_Files/Raspberry_Pi/Pico_SDK_v1.5.1/pico-sdk/src/rp2_common/hardware_xosc/xosc.c.obj
LOAD CMakeFiles/pico-pwm-audio.dir/C_/Program_Files/Raspberry_Pi/Pico_SDK_v1.5.1/pico-sdk/src/rp2_common/hardware_divider/divider.S.obj
LOAD CMakeFiles/pico-pwm-audio.dir/C_/Program_Files/Raspberry_Pi/Pico_SDK_v1.5.1/pico-sdk/src/rp2_common/pico_runtime/runtime.c.obj
LOAD CMakeFiles/pico-pwm-audio.dir/C_/Program_Files/Raspberry_Pi/Pico_SDK_v1.5.1/pico-sdk/src/rp2_common/pico_printf/printf.c.obj
LOAD CMakeFiles/pico-pwm-audio.dir/C_/Program_Files/Raspberry_Pi/Pico_SDK_v1.5.1/pico-sdk/src/rp2_common/pico_bit_ops/bit_ops_aeabi.S.obj
LOAD CMakeFiles/pico-pwm-audio.dir/C_/Program_Files/Raspberry_Pi/Pico_SDK_v1.5.1/pico-sdk/src/rp2_common/pico_bootrom/bootrom.c.obj
LOAD CMakeFiles/pico-pwm-audio.dir/C_/Program_Files/Raspberry_Pi/Pico_SDK_v1.5.1/pico-sdk/src/rp2_common/pico_divider/divider.S.obj
LOAD CMakeFiles/pico-pwm-audio.dir/C_/Program_Files/Raspberry_Pi/Pico_SDK_v1.5.1/pico-sdk/src/rp2_common/pico_double/double_aeabi.S.obj
LOAD CMakeFiles/pico-pwm-audio.dir/C_/Program_Files/Raspberry_Pi/Pico_SDK_v1.5.1/pico-sdk/src/rp2_common/pico_double/double_init_rom.c.obj
LOAD CMakeFiles/pico-pwm-audio.dir/C_/Program_Files/Raspberry_Pi/Pico_SDK_v1.5.1/pico-sdk/src/rp2_common/pico_double/double_math.c.obj
LOAD CMakeFiles/pico-pwm-audio.dir/C_/Program_Files/Raspberry_Pi/Pico_SDK_v1.5.1/pico-sdk/src/rp2_common/pico_double/double_v1_rom_shim.S.obj
LOAD CMakeFiles/pico-pwm-audio.dir/C_/Program_Files/Raspberry_Pi/Pico_SDK_v1.5.1/pico-sdk/src/rp2_common/pico_int64_ops/pico_int64_ops_aeabi.S.obj
LOAD CMakeFiles/pico-pwm-audio.dir/C_/Program_Files/Raspberry_Pi/Pico_SDK_v1.5.1/pico-sdk/src/rp2_common/pico_float/float_aeabi.S.obj
LOAD CMakeFiles/pico-pwm-audio.dir/C_/Program_Files/Raspberry_Pi/Pico_SDK_v1.5.1/pico-sdk/src/rp2_common/pico_float/float_init_rom.c.obj
LOAD CMakeFiles/pico-pwm-audio.dir/C_/Program_Files/Raspberry_Pi/Pico_SDK_v1.5.1/pico-sdk/src/rp2_common/pico_float/float_math.c.obj
LOAD CMakeFiles/pico-pwm-audio.dir/C_/Program_Files/Raspberry_Pi/Pico_SDK_v1.5.1/pico-sdk/src/rp2_common/pico_float/float_v1_rom_shim.S.obj
LOAD CMakeFiles/pico-pwm-audio.dir/C_/Program_Files/Raspberry_Pi/Pico_SDK_v1.5.1/pico-sdk/src/rp2_common/pico_malloc/pico_malloc.c.obj
LOAD CMakeFiles/pico-pwm-audio.dir/C_/Program_Files/Raspberry_Pi/Pico_SDK_v1.5.1/pico-sdk/src/rp2_common/pico_mem_ops/mem_ops_aeabi.S.obj
LOAD CMakeFiles/pico-pwm-audio.dir/C_/Program_Files/Raspberry_Pi/Pico_SDK_v1.5.1/pico-sdk/src/rp2_common/pico_standard_link/crt0.S.obj
LOAD CMakeFiles/pico-pwm-audio.dir/C_/Program_Files/Raspberry_Pi/Pico_SDK_v1.5.1/pico-sdk/src/rp2_common/pico_standard_link/new_delete.cpp.obj
LOAD CMakeFiles/pico-pwm-audio.dir/C_/Program_Files/Raspberry_Pi/Pico_SDK_v1.5.1/pico-sdk/src/rp2_common/pico_standard_link/binary_info.c.obj
LOAD CMakeFiles/pico-pwm-audio.dir/C_/Program_Files/Raspberry_Pi/Pico_SDK_v1.5.1/pico-sdk/src/rp2_common/pico_stdio/stdio.c.obj
LOAD CMakeFiles/pico-pwm-audio.dir/C_/Program_Files/Raspberry_Pi/Pico_SDK_v1.5.1/pico-sdk/src/rp2_common/pico_stdio_uart/stdio_uart.c.obj
LOAD CMakeFiles/pico-pwm-audio.dir/C_/Program_Files/Raspberry_Pi/Pico_SDK_v1.5.1/pico-sdk/src/rp2_common/hardware_dma/dma.c.obj
LOAD CMakeFiles/pico-pwm-audio.dir/C_/Program_Files/Raspberry_Pi/Pico_SDK_v1.5.1/pico-sdk/src/rp2_common/hardware_pio/pio.c.obj
LOAD C:\Users\jackd\AppData\Local\Temp\ccYSLS11.o
LOAD c:/progra~1/raspbe~1/picosd~1.1/gcc-ar~1/bin/../lib/gcc/arm-none-eabi/10.3.1/../../../../arm-none-eabi/lib/thumb/v6-m/nofp\libstdc++.a
LOAD c:/progra~1/raspbe~1/picosd~1.1/gcc-ar~1/bin/../lib/gcc/arm-none-eabi/10.3.1/../../../../arm-none-eabi/lib/thumb/v6-m/nofp\libm.a
START GROUP
LOAD c:/progra~1/raspbe~1/picosd~1.1/gcc-ar~1/bin/../lib/gcc/arm-none-eabi/10.3.1/thumb/v6-m/nofp\libgcc.a
LOAD c:/progra~1/raspbe~1/picosd~1.1/gcc-ar~1/bin/../lib/gcc/arm-none-eabi/10.3.1/../../../../arm-none-eabi/lib/thumb/v6-m/nofp\libg.a
LOAD c:/progra~1/raspbe~1/picosd~1.1/gcc-ar~1/bin/../lib/gcc/arm-none-eabi/10.3.1/../../../../arm-none-eabi/lib/thumb/v6-m/nofp\libc.a
END GROUP
START GROUP
LOAD c:/progra~1/raspbe~1/picosd~1.1/gcc-ar~1/bin/../lib/gcc/arm-none-eabi/10.3.1/thumb/v6-m/nofp\libgcc.a
LOAD c:/progra~1/raspbe~1/picosd~1.1/gcc-ar~1/bin/../lib/gcc/arm-none-eabi/10.3.1/../../../../arm-none-eabi/lib/thumb/v6-m/nofp\libc.a
LOAD c:/progra~1/raspbe~1/picosd~1.1/gcc-ar~1/bin/../lib/gcc/arm-none-eabi/10.3.1/../../../../arm-none-eabi/lib/thumb/v6-m/nofp\libnosys.a
END GROUP
LOAD c:/progra~1/raspbe~1/picosd~1.1/gcc-ar~1/bin/../lib/gcc/arm-none-eabi/10.3.1/thumb/v6-m/nofp/crtend.o
LOAD c:/progra~1/raspbe~1/picosd~1.1/gcc-ar~1/bin/../lib/gcc/arm-none-eabi/10.3.1/thumb/v6-m/nofp/crtn.o
OUTPUT(pico-pwm-audio.elf elf32-littlearm)
LOAD linker stubs

.ARM.attributes
                0x00000000       0x28
 .ARM.attributes