Archive member included to satisfy reference by file (symbol)

/usr/lib/gcc/arm-none-eabi/10.3.1/thumb/v6-m/nofp/libgcc.a(_dvmd_tls.o)
                              CMakeFiles/pico-pwm-audio.dir/home/vboxuser/raspberry-pi-pico/pico/pico-sdk/src/rp2_common/pico_divider/divider.S.obj (__aeabi_idiv0)
/usr/lib/gcc/arm-none-eabi/10.3.1/../../../arm-none-eabi/lib/thumb/v6-m/nofp/libg.a(lib_a-atexit.o)
                              /usr/lib/gcc/arm-none-eabi/10.3.1/../../../arm-none-eabi/lib/thumb/v6-m/nofp/crt0.o (atexit)
/usr/lib/gcc/arm-none-eabi/10.3.1/../../../arm-none-eabi/lib/thumb/v6-m/nofp/libg.a(lib_a-calloc.o)
                              CMakeFiles/pico-pwm-audio.dir/home/vboxuser/raspberry-pi-pico/pico/pico-sdk/src/rp2_common/pico_malloc/pico_malloc.c.obj (calloc)
/usr/lib/gcc/arm-none-eabi/10.3.1/../../../arm-none-eabi/lib/thumb/v6-m/nofp/libg.a(lib_a-callocr.o)
                              /usr/lib/gcc/arm-none-eabi/10.3.1/../../../arm-none-eabi/lib/thumb/v6-m/nofp/libg.a(lib_a-calloc.o) (_calloc_r)
/usr/lib/gcc/arm-none-eabi/10.3.1/../../../arm-none-eabi/lib/thumb/v6-m/nofp/libg.a(lib_a-fini.o)
                              /usr/lib/gcc/arm-none-eabi/10.3.1/../../../arm-none-eabi/lib/thumb/v6-m/nofp/crt0.o (__libc_fini_array)
/usr/lib/gcc/arm-none-eabi/10.3.1/../../../arm-none-eabi/lib/thumb/v6-m/nofp/libg.a(lib_a-impure.o)
                              /usr/lib/gcc/arm-none-eabi/10.3.1/../../../arm-none-eabi/lib/thumb/v6-m/nofp/libg.a(lib_a-calloc.o) (_impure_ptr)
/usr/lib/gcc/arm-none-eabi/10.3.1/../../../arm-none-eabi/lib/thumb/v6-m/nofp/libg.a(lib_a-init.o)
                              /usr/lib/gcc/arm-none-eabi/10.3.1/../../../arm-none-eabi/lib/thumb/v6-m/nofp/crt0.o (__libc_init_array)
/usr/lib/gcc/arm-none-eabi/10.3.1/../../../arm-none-eabi/lib/thumb/v6-m/nofp/libg.a(lib_a-malloc.o)
                              CMakeFiles/pico-pwm-audio.dir/home/vboxuser/raspberry-pi-pico/pico/pico-sdk/src/rp2_common/pico_malloc/pico_malloc.c.obj (malloc)
/usr/lib/gcc/arm-none-eabi/10.3.1/../../../arm-none-eabi/lib/thumb/v6-m/nofp/libg.a(lib_a-mallocr.o)
                              /usr/lib/gcc/arm-none-eabi/10.3.1/../../../arm-none-eabi/lib/thumb/v6-m/nofp/libg.a(lib_a-callocr.o) (_malloc_r)
/usr/lib/gcc/arm-none-eabi/10.3.1/../../../arm-none-eabi/lib/thumb/v6-m/nofp/libg.a(lib_a-mlock.o)
                              /usr/lib/gcc/arm-none-eabi/10.3.1/../../../arm-none-eabi/lib/thumb/v6-m/nofp/libg.a(lib_a-mallocr.o) (__malloc_lock)
/usr/lib/gcc/arm-none-eabi/10.3.1/../../../arm-none-eabi/lib/thumb/v6-m/nofp/libg.a(lib_a-realloc.o)
                              CMakeFiles/pico-pwm-audio.dir/home/vboxuser/raspberry-pi-pico/pico/pico-sdk/src/rp2_common/pico_malloc/pico_malloc.c.obj (realloc)
/usr/lib/gcc/arm-none-eabi/10.3.1/../../../arm-none-eabi/lib/thumb/v6-m/nofp/libg.a(lib_a-reallocr.o)
                              /usr/lib/gcc/arm-none-eabi/10.3.1/../../../arm-none-eabi/lib/thumb/v6-m/nofp/libg.a(lib_a-realloc.o) (_realloc_r)
/usr/lib/gcc/arm-none-eabi/10.3.1/../../../arm-none-eabi/lib/thumb/v6-m/nofp/libg.a(lib_a-sbrkr.o)
                              /usr/lib/gcc/arm-none-eabi/10.3.1/../../../arm-none-eabi/lib/thumb/v6-m/nofp/libg.a(lib_a-mallocr.o) (_sbrk_r)
/usr/lib/gcc/arm-none-eabi/10.3.1/../../../arm-none-eabi/lib/thumb/v6-m/nofp/libg.a(lib_a-strlen-stub.o)
                              CMakeFiles/pico-pwm-audio.dir/home/vboxuser/raspberry-pi-pico/pico/pico-sdk/src/rp2_common/pico_stdio/stdio.c.obj (strlen)
/usr/lib/gcc/arm-none-eabi/10.3.1/../../../arm-none-eabi/lib/thumb/v6-m/nofp/libg.a(lib_a-__atexit.o)
                              /usr/lib/gcc/arm-none-eabi/10.3.1/../../../arm-none-eabi/lib/thumb/v6-m/nofp/libg.a(lib_a-atexit.o) (__register_exitproc)
/usr/lib/gcc/arm-none-eabi/10.3.1/../../../arm-none-eabi/lib/thumb/v6-m/nofp/libg.a(lib_a-freer.o)
                              /usr/lib/gcc/arm-none-eabi/10.3.1/../../../arm-none-eabi/lib/thumb/v6-m/nofp/libg.a(lib_a-malloc.o) (_free_r)
/usr/lib/gcc/arm-none-eabi/10.3.1/../../../arm-none-eabi/lib/thumb/v6-m/nofp/libg.a(lib_a-memmove.o)
                              /usr/lib/gcc/arm-none-eabi/10.3.1/../../../arm-none-eabi/lib/thumb/v6-m/nofp/libg.a(lib_a-reallocr.o) (memmove)
/usr/lib/gcc/arm-none-eabi/10.3.1/../../../arm-none-eabi/lib/thumb/v6-m/nofp/libg.a(lib_a-reent.o)
                              /usr/lib/gcc/arm-none-eabi/10.3.1/../../../arm-none-eabi/lib/thumb/v6-m/nofp/libg.a(lib_a-sbrkr.o) (errno)

Discarded input sections

 .text          0x0000000000000000        0x0 /usr/lib/gcc/arm-none-eabi/10.3.1/thumb/v6-m/nofp/crti.o
 .data          0x0000000000000000        0x0 /usr/lib/gcc/arm-none-eabi/10.3.1/thumb/v6-m/nofp/crti.o
 .bss           0x0000000000000000        0x0 /usr/lib/gcc/arm-none-eabi/10.3.1/thumb/v6-m/nofp/crti.o
 .data          0x0000000000000000        0x4 /usr/lib/gcc/arm-none-eabi/10.3.1/thumb/v6-m/nofp/crtbegin.o
[...]
Memory Configuration

Name             Origin             Length             Attributes
FLASH            0x0000000010000000 0x0000000000200000 xr
RAM              0x0000000020000000 0x0000000000040000 xrw
SCRATCH_X        0x0000000020040000 0x0000000000001000 xrw
SCRATCH_Y        0x0000000020041000 0x0000000000001000 xrw
*default*        0x0000000000000000 0xffffffffffffffff

Linker script and memory map

LOAD /usr/lib/gcc/arm-none-eabi/10.3.1/thumb/v6-m/nofp/crti.o
LOAD /usr/lib/gcc/arm-none-eabi/10.3.1/thumb/v6-m/nofp/crtbegin.o
LOAD /usr/lib/gcc/arm-none-eabi/10.3.1/../../../arm-none-eabi/lib/thumb/v6-m/nofp/crt0.o

.flash_begin    0x0000000010000000        0x0
                0x0000000010000000                __flash_binary_start = .

.boot2          0x0000000010000000      0x100
                0x0000000010000000                __boot2_start__ = .
 *(.boot2)
 .boot2         0x0000000010000000      0x100 /tmp/ccAA5GXY.o
                0x0000000010000100                __boot2_end__ = .
                0x0000000000000001                ASSERT (((__boot2_end__ - __boot2_start__) == 0x100), ERROR: Pico second stage bootloader must be 256 bytes in size)

.text           0x0000000010000100     0x41f0
                0x0000000010000100                __logical_binary_start = .
 *(.vectors)
 .vectors       0x0000000010000100       0xd4 CMakeFiles/pico-pwm-audio.dir/home/vboxuser/raspberry-pi-pico/pico/pico-sdk/src/rp2_common/pico_standard_link/crt0.S.obj
                0x0000000010000100                __vectors
                0x0000000010000100                __VECTOR_TABLE
                0x00000000100001c0                isr_invalid
                0x00000000100001c0                __default_isrs_start
                0x00000000100001c2                isr_nmi
                0x00000000100001c4                isr_hardfault
                0x00000000100001c6                isr_svcall
                0x00000000100001c8                isr_pendsv
                0x00000000100001ca                isr_systick
                0x00000000100001cc                isr_irq30
                0x00000000100001cc                __unhandled_user_irq
                0x00000000100001cc                isr_irq13
                0x00000000100001cc                isr_irq27
                0x00000000100001cc                isr_irq31
                0x00000000100001cc                isr_irq5
                0x00000000100001cc                isr_irq11
                0x00000000100001cc                isr_irq23
                0x00000000100001cc                isr_irq18
                0x00000000100001cc                isr_irq28
                0x00000000100001cc                isr_irq19
                0x00000000100001cc                isr_irq0
                0x00000000100001cc                isr_irq6
                0x00000000100001cc                isr_irq22
                0x00000000100001cc                isr_irq17
                0x00000000100001cc                isr_irq14
                0x00000000100001cc                isr_irq2
                0x00000000100001cc                isr_irq10
                0x00000000100001cc                isr_irq8
                0x00000000100001cc                isr_irq24
                0x00000000100001cc                isr_irq1
                0x00000000100001cc                isr_irq7
                0x00000000100001cc                isr_irq21
                0x00000000100001cc                isr_irq20
                0x00000000100001cc                isr_irq15
                0x00000000100001cc                isr_irq25
                0x00000000100001cc                isr_irq4
                0x00000000100001cc                isr_irq16
                0x00000000100001cc                isr_irq29
                0x00000000100001cc                isr_irq26
                0x00000000100001cc                __default_isrs_end
                0x00000000100001cc                isr_irq3
                0x00000000100001cc                isr_irq12
                0x00000000100001cc                isr_irq9
                0x00000000100001d2                unhandled_user_irq_num_in_r0
 *(.binary_info_header)
 .binary_info_header
                0x00000000100001d4       0x14 CMakeFiles/pico-pwm-audio.dir/home/vboxuser/raspberry-pi-pico/pico/pico-sdk/src/rp2_common/pico_standard_link/crt0.S.obj
                0x00000000100001e8                __binary_info_header_end = .
 *(.reset)
 .reset         0x00000000100001e8       0xa8 CMakeFiles/pico-pwm-audio.dir/home/vboxuser/raspberry-pi-pico/pico/pico-sdk/src/rp2_common/pico_standard_link/crt0.S.obj
                0x00000000100001e8                _entry_point
                0x0000000010000266                __get_current_exception
 .reset         0x0000000010000290       0x30 CMakeFiles/pico-pwm-audio.dir/home/vboxuser/raspberry-pi-pico/pico/pico-sdk/src/rp2_common/pico_standard_link/binary_info.c.obj
 *(.init)
 .init          0x00000000100002c0        0x4 /usr/lib/gcc/arm-none-eabi/10.3.1/thumb/v6-m/nofp/crti.o
                0x00000000100002c0                _init
 *(EXCLUDE_FILE(*libm.a: *libc.a:*lib_a-mem*.o *libgcc.a:) .text*)
 .text          0x00000000100002c4       0x98 /usr/lib/gcc/arm-none-eabi/10.3.1/thumb/v6-m/nofp/crtbegin.o
 .text.clockDivChnage
                0x000000001000035c       0x18 CMakeFiles/pico-pwm-audio.dir/pico-pwm-audio.c.obj
                0x000000001000035c                clockDivChnage
 .text.pwm_interrupt_handler
                0x0000000010000374       0x90 CMakeFiles/pico-pwm-audio.dir/pico-pwm-audio.c.obj
                0x0000000010000374                pwm_interrupt_handler
 .text.main     0x0000000010000404       0xcc CMakeFiles/pico-pwm-audio.dir/pico-pwm-audio.c.obj
                0x0000000010000404                main
 .text.set_sys_clock_pll
                0x00000000100004d0       0x78 CMakeFiles/pico-pwm-audio.dir/home/vboxuser/raspberry-pi-pico/pico/pico-sdk/src/rp2_common/pico_stdlib/stdlib.c.obj
                0x00000000100004d0                set_sys_clock_pll
 .text.check_sys_clock_khz
                0x0000000010000548       0xb0 CMakeFiles/pico-pwm-audio.dir/home/vboxuser/raspberry-pi-pico/pico/pico-sdk/src/rp2_common/pico_stdlib/stdlib.c.obj
                0x0000000010000548                check_sys_clock_khz
 .text.gpio_set_function
                0x00000000100005f8       0x30 CMakeFiles/pico-pwm-audio.dir/home/vboxuser/raspberry-pi-pico/pico/pico-sdk/src/rp2_common/hardware_gpio/gpio.c.obj
                0x00000000100005f8                gpio_set_function
 .text.hw_claim_lock
                0x0000000010000628       0x18 CMakeFiles/pico-pwm-audio.dir/home/vboxuser/raspberry-pi-pico/pico/pico-sdk/src/rp2_common/hardware_claim/claim.c.obj
                0x0000000010000628                hw_claim_lock
 .text.hw_claim_unlock
                0x0000000010000640       0x14 CMakeFiles/pico-pwm-audio.dir/home/vboxuser/raspberry-pi-pico/pico/pico-sdk/src/rp2_common/hardware_claim/claim.c.obj
                0x0000000010000640                hw_claim_unlock
 .text.hw_claim_or_assert
                0x0000000010000654       0x32 CMakeFiles/pico-pwm-audio.dir/home/vboxuser/raspberry-pi-pico/pico/pico-sdk/src/rp2_common/hardware_claim/claim.c.obj
                0x0000000010000654                hw_claim_or_assert
 *fill*         0x0000000010000686        0x2 
 .text.running_on_fpga
                0x0000000010000688       0x14 CMakeFiles/pico-pwm-audio.dir/home/vboxuser/raspberry-pi-pico/pico/pico-sdk/src/rp2_common/pico_platform/platform.c.obj
                0x0000000010000688                running_on_fpga
 .text.spin_locks_reset
                0x000000001000069c       0x20 CMakeFiles/pico-pwm-audio.dir/home/vboxuser/raspberry-pi-pico/pico/pico-sdk/src/rp2_common/hardware_sync/sync.c.obj
                0x000000001000069c                spin_locks_reset
 .text.next_striped_spin_lock_num
                0x00000000100006bc       0x1c CMakeFiles/pico-pwm-audio.dir/home/vboxuser/raspberry-pi-pico/pico/pico-sdk/src/rp2_common/hardware_sync/sync.c.obj
                0x00000000100006bc                next_striped_spin_lock_num
 .text.set_raw_irq_handler_and_unlock
                0x00000000100006d8       0x28 CMakeFiles/pico-pwm-audio.dir/home/vboxuser/raspberry-pi-pico/pico/pico-sdk/src/rp2_common/hardware_irq/irq.c.obj
 .text.make_branch
                0x0000000010000700       0x48 CMakeFiles/pico-pwm-audio.dir/home/vboxuser/raspberry-pi-pico/pico/pico-sdk/src/rp2_common/hardware_irq/irq.c.obj
 .text.insert_branch_and_link
                0x0000000010000748       0x40 CMakeFiles/pico-pwm-audio.dir/home/vboxuser/raspberry-pi-pico/pico/pico-sdk/src/rp2_common/hardware_irq/irq.c.obj
 .text.irq_is_enabled
                0x0000000010000788       0x18 CMakeFiles/pico-pwm-audio.dir/home/vboxuser/raspberry-pi-pico/pico/pico-sdk/src/rp2_common/hardware_irq/irq.c.obj
                0x0000000010000788                irq_is_enabled
 .text.irq_set_mask_enabled
                0x00000000100007a0       0x20 CMakeFiles/pico-pwm-audio.dir/home/vboxuser/raspberry-pi-pico/pico/pico-sdk/src/rp2_common/hardware_irq/irq.c.obj
                0x00000000100007a0                irq_set_mask_enabled
 .text.irq_set_enabled
                0x00000000100007c0        0xe CMakeFiles/pico-pwm-audio.dir/home/vboxuser/raspberry-pi-pico/pico/pico-sdk/src/rp2_common/hardware_irq/irq.c.obj
                0x00000000100007c0                irq_set_enabled
 *fill*         0x00000000100007ce        0x2 
 .text.irq_get_vtable_handler
                0x00000000100007d0       0x10 CMakeFiles/pico-pwm-audio.dir/home/vboxuser/raspberry-pi-pico/pico/pico-sdk/src/rp2_common/hardware_irq/irq.c.obj
                0x00000000100007d0                irq_get_vtable_handler
 .text.irq_set_exclusive_handler
                0x00000000100007e0       0x54 CMakeFiles/pico-pwm-audio.dir/home/vboxuser/raspberry-pi-pico/pico/pico-sdk/src/rp2_common/hardware_irq/irq.c.obj
                0x00000000100007e0                irq_set_exclusive_handler
 .text.irq_remove_handler
                0x0000000010000834      0x1a8 CMakeFiles/pico-pwm-audio.dir/home/vboxuser/raspberry-pi-pico/pico/pico-sdk/src/rp2_common/hardware_irq/irq.c.obj
                0x0000000010000834                irq_remove_handler
 .text.irq_add_tail_to_free_list
                0x00000000100009dc       0xf0 CMakeFiles/pico-pwm-audio.dir/home/vboxuser/raspberry-pi-pico/pico/pico-sdk/src/rp2_common/hardware_irq/irq.c.obj
                0x00000000100009dc                irq_add_tail_to_free_list
 .text.irq_init_priorities
                0x0000000010000acc       0x1c CMakeFiles/pico-pwm-audio.dir/home/vboxuser/raspberry-pi-pico/pico/pico-sdk/src/rp2_common/hardware_irq/irq.c.obj
                0x0000000010000acc                irq_init_priorities
 .text.lock_init
                0x0000000010000ae8       0x10 CMakeFiles/pico-pwm-audio.dir/home/vboxuser/raspberry-pi-pico/pico/pico-sdk/src/common/pico_sync/lock_core.c.obj
                0x0000000010000ae8                lock_init
 .text.alarm_pool_post_alloc_init
                0x0000000010000af8       0x40 CMakeFiles/pico-pwm-audio.dir/home/vboxuser/raspberry-pi-pico/pico/pico-sdk/src/common/pico_time/time.c.obj
 .text.timer_pool_entry_comparator
                0x0000000010000b38       0x7c CMakeFiles/pico-pwm-audio.dir/home/vboxuser/raspberry-pi-pico/pico/pico-sdk/src/common/pico_time/time.c.obj
                0x0000000010000b38                timer_pool_entry_comparator
 .text.ph_add_child_node
                0x0000000010000bb4       0xa4 CMakeFiles/pico-pwm-audio.dir/home/vboxuser/raspberry-pi-pico/pico/pico-sdk/src/common/pico_time/time.c.obj
 .text.ph_merge_nodes
                0x0000000010000c58       0x3e CMakeFiles/pico-pwm-audio.dir/home/vboxuser/raspberry-pi-pico/pico/pico-sdk/src/common/pico_time/time.c.obj
 *fill*         0x0000000010000c96        0x2 
 .text.add_alarm_under_lock
                0x0000000010000c98      0x174 CMakeFiles/pico-pwm-audio.dir/home/vboxuser/raspberry-pi-pico/pico/pico-sdk/src/common/pico_time/time.c.obj
 .text.alarm_pool_alarm_callback
                0x0000000010000e0c      0x328 CMakeFiles/pico-pwm-audio.dir/home/vboxuser/raspberry-pi-pico/pico/pico-sdk/src/common/pico_time/time.c.obj
 .text.alarm_pool_init_default
                0x0000000010001134       0x38 CMakeFiles/pico-pwm-audio.dir/home/vboxuser/raspberry-pi-pico/pico/pico-sdk/src/common/pico_time/time.c.obj
                0x0000000010001134                alarm_pool_init_default
 .text.hardware_alarm_irq_handler
                0x000000001000116c       0x8c CMakeFiles/pico-pwm-audio.dir/home/vboxuser/raspberry-pi-pico/pico/pico-sdk/src/rp2_common/hardware_timer/timer.c.obj
 .text.hardware_alarm_claim
                0x00000000100011f8       0x18 CMakeFiles/pico-pwm-audio.dir/home/vboxuser/raspberry-pi-pico/pico/pico-sdk/src/rp2_common/hardware_timer/timer.c.obj
                0x00000000100011f8                hardware_alarm_claim
 .text.time_us_64
                0x0000000010001210       0x18 CMakeFiles/pico-pwm-audio.dir/home/vboxuser/raspberry-pi-pico/pico/pico-sdk/src/rp2_common/hardware_timer/timer.c.obj
                0x0000000010001210                time_us_64
 .text.hardware_alarm_set_callback
                0x0000000010001228       0x90 CMakeFiles/pico-pwm-audio.dir/home/vboxuser/raspberry-pi-pico/pico/pico-sdk/src/rp2_common/hardware_timer/timer.c.obj
                0x0000000010001228                hardware_alarm_set_callback
 .text.hardware_alarm_set_target
                0x00000000100012b8       0xe8 CMakeFiles/pico-pwm-audio.dir/home/vboxuser/raspberry-pi-pico/pico/pico-sdk/src/rp2_common/hardware_timer/timer.c.obj
                0x00000000100012b8                hardware_alarm_set_target
 .text.hardware_alarm_cancel
                0x00000000100013a0       0x40 CMakeFiles/pico-pwm-audio.dir/home/vboxuser/raspberry-pi-pico/pico/pico-sdk/src/rp2_common/hardware_timer/timer.c.obj
                0x00000000100013a0                hardware_alarm_cancel
 .text.ph_add_child_node
                0x00000000100013e0       0xa4 CMakeFiles/pico-pwm-audio.dir/home/vboxuser/raspberry-pi-pico/pico/pico-sdk/src/common/pico_util/pheap.c.obj
 .text.ph_merge_nodes
                0x0000000010001484       0x3e CMakeFiles/pico-pwm-audio.dir/home/vboxuser/raspberry-pi-pico/pico/pico-sdk/src/common/pico_util/pheap.c.obj
 *fill*         0x00000000100014c2        0x2 
 .text.ph_clear
                0x00000000100014c4       0x70 CMakeFiles/pico-pwm-audio.dir/home/vboxuser/raspberry-pi-pico/pico/pico-sdk/src/common/pico_util/pheap.c.obj
                0x00000000100014c4                ph_clear
 .text.ph_post_alloc_init
                0x0000000010001534        0xe CMakeFiles/pico-pwm-audio.dir/home/vboxuser/raspberry-pi-pico/pico/pico-sdk/src/common/pico_util/pheap.c.obj
                0x0000000010001534                ph_post_alloc_init
 *fill*         0x0000000010001542        0x2 
 .text.ph_merge_two_pass
                0x0000000010001544       0xa8 CMakeFiles/pico-pwm-audio.dir/home/vboxuser/raspberry-pi-pico/pico/pico-sdk/src/common/pico_util/pheap.c.obj
                0x0000000010001544                ph_merge_two_pass
 .text.ph_remove_any_head
                0x00000000100015ec      0x108 CMakeFiles/pico-pwm-audio.dir/home/vboxuser/raspberry-pi-pico/pico/pico-sdk/src/common/pico_util/pheap.c.obj
 .text.ph_remove_head
                0x00000000100016f4       0x14 CMakeFiles/pico-pwm-audio.dir/home/vboxuser/raspberry-pi-pico/pico/pico-sdk/src/common/pico_util/pheap.c.obj
                0x00000000100016f4                ph_remove_head
 .text.ph_remove_and_free_node
                0x0000000010001708       0xf8 CMakeFiles/pico-pwm-audio.dir/home/vboxuser/raspberry-pi-pico/pico/pico-sdk/src/common/pico_util/pheap.c.obj
                0x0000000010001708                ph_remove_and_free_node
 .text.mutex_init
                0x0000000010001800       0x1a CMakeFiles/pico-pwm-audio.dir/home/vboxuser/raspberry-pi-pico/pico/pico-sdk/src/common/pico_sync/mutex.c.obj
                0x0000000010001800                mutex_init
 .text.recursive_mutex_init
                0x000000001000181a       0x1e CMakeFiles/pico-pwm-audio.dir/home/vboxuser/raspberry-pi-pico/pico/pico-sdk/src/common/pico_sync/mutex.c.obj
                0x000000001000181a                recursive_mutex_init
 .text.uart_set_baudrate
                0x0000000010001838       0x5c CMakeFiles/pico-pwm-audio.dir/home/vboxuser/raspberry-pi-pico/pico/pico-sdk/src/rp2_common/hardware_uart/uart.c.obj
                0x0000000010001838                uart_set_baudrate
 .text.uart_set_translate_crlf
                0x0000000010001894       0x28 CMakeFiles/pico-pwm-audio.dir/home/vboxuser/raspberry-pi-pico/pico/pico-sdk/src/rp2_common/hardware_uart/uart.c.obj
                0x0000000010001894                uart_set_translate_crlf
 .text.uart_init
                0x00000000100018bc       0x80 CMakeFiles/pico-pwm-audio.dir/home/vboxuser/raspberry-pi-pico/pico/pico-sdk/src/rp2_common/hardware_uart/uart.c.obj
                0x00000000100018bc                uart_init
 .text._exit    0x000000001000193c        0x4 CMakeFiles/pico-pwm-audio.dir/home/vboxuser/raspberry-pi-pico/pico/pico-sdk/src/rp2_common/pico_runtime/runtime.c.obj
                0x000000001000193c                _exit
 .text.exit     0x0000000010001940        0x6 CMakeFiles/pico-pwm-audio.dir/home/vboxuser/raspberry-pi-pico/pico/pico-sdk/src/rp2_common/pico_runtime/runtime.c.obj
                0x0000000010001940                exit
 *fill*         0x0000000010001946        0x2 
 .text.__assert_func
                0x0000000010001948       0x3c CMakeFiles/pico-pwm-audio.dir/home/vboxuser/raspberry-pi-pico/pico/pico-sdk/src/rp2_common/pico_runtime/runtime.c.obj
                0x0000000010001948                __assert_func
 .text.runtime_init
                0x0000000010001984       0xf8 CMakeFiles/pico-pwm-audio.dir/home/vboxuser/raspberry-pi-pico/pico/pico-sdk/src/rp2_common/pico_runtime/runtime.c.obj
                0x0000000010001984                runtime_init
 .text.panic    0x0000000010001a7c       0x30 CMakeFiles/pico-pwm-audio.dir/home/vboxuser/raspberry-pi-pico/pico/pico-sdk/src/rp2_common/pico_runtime/runtime.c.obj
                0x0000000010001a7c                panic
 .text.clock_configure
                0x0000000010001aac      0x104 CMakeFiles/pico-pwm-audio.dir/home/vboxuser/raspberry-pi-pico/pico/pico-sdk/src/rp2_common/hardware_clocks/clocks.c.obj
                0x0000000010001aac                clock_configure
 .text.clocks_init
                0x0000000010001bb0      0x100 CMakeFiles/pico-pwm-audio.dir/home/vboxuser/raspberry-pi-pico/pico/pico-sdk/src/rp2_common/hardware_clocks/clocks.c.obj
                0x0000000010001bb0                clocks_init
 .text.clock_get_hz
                0x0000000010001cb0        0xc CMakeFiles/pico-pwm-audio.dir/home/vboxuser/raspberry-pi-pico/pico/pico-sdk/src/rp2_common/hardware_clocks/clocks.c.obj
                0x0000000010001cb0                clock_get_hz
 .text.pll_init
                0x0000000010001cbc      0x140 CMakeFiles/pico-pwm-audio.dir/home/vboxuser/raspberry-pi-pico/pico/pico-sdk/src/rp2_common/hardware_pll/pll.c.obj
                0x0000000010001cbc                pll_init
 .text.watchdog_start_tick
                0x0000000010001dfc       0x10 CMakeFiles/pico-pwm-audio.dir/home/vboxuser/raspberry-pi-pico/pico/pico-sdk/src/rp2_common/hardware_watchdog/watchdog.c.obj
                0x0000000010001dfc                watchdog_start_tick
 .text.xosc_init
                0x0000000010001e0c       0x28 CMakeFiles/pico-pwm-audio.dir/home/vboxuser/raspberry-pi-pico/pico/pico-sdk/src/rp2_common/hardware_xosc/xosc.c.obj
                0x0000000010001e0c                xosc_init
 .text._out_null
                0x0000000010001e34        0x2 CMakeFiles/pico-pwm-audio.dir/home/vboxuser/raspberry-pi-pico/pico/pico-sdk/src/rp2_common/pico_printf/printf.c.obj
 .text._out_fct
                0x0000000010001e36        0xe CMakeFiles/pico-pwm-audio.dir/home/vboxuser/raspberry-pi-pico/pico/pico-sdk/src/rp2_common/pico_printf/printf.c.obj
 .text._atoi    0x0000000010001e44       0x24 CMakeFiles/pico-pwm-audio.dir/home/vboxuser/raspberry-pi-pico/pico/pico-sdk/src/rp2_common/pico_printf/printf.c.obj
 .text._out_rev
                0x0000000010001e68       0xae CMakeFiles/pico-pwm-audio.dir/home/vboxuser/raspberry-pi-pico/pico/pico-sdk/src/rp2_common/pico_printf/printf.c.obj
 .text._ntoa_format
                0x0000000010001f16      0x112 CMakeFiles/pico-pwm-audio.dir/home/vboxuser/raspberry-pi-pico/pico/pico-sdk/src/rp2_common/pico_printf/printf.c.obj
 .text._ntoa_long
                0x0000000010002028       0xbc CMakeFiles/pico-pwm-audio.dir/home/vboxuser/raspberry-pi-pico/pico/pico-sdk/src/rp2_common/pico_printf/printf.c.obj
 .text._ntoa_long_long
                0x00000000100020e4       0xe2 CMakeFiles/pico-pwm-audio.dir/home/vboxuser/raspberry-pi-pico/pico/pico-sdk/src/rp2_common/pico_printf/printf.c.obj
 *fill*         0x00000000100021c6        0x2 
 .text._etoa    0x00000000100021c8      0x414 CMakeFiles/pico-pwm-audio.dir/home/vboxuser/raspberry-pi-pico/pico/pico-sdk/src/rp2_common/pico_printf/printf.c.obj
 .text._ftoa    0x00000000100025dc      0x354 CMakeFiles/pico-pwm-audio.dir/home/vboxuser/raspberry-pi-pico/pico/pico-sdk/src/rp2_common/pico_printf/printf.c.obj
 .text._vsnprintf
                0x0000000010002930      0x624 CMakeFiles/pico-pwm-audio.dir/home/vboxuser/raspberry-pi-pico/pico/pico-sdk/src/rp2_common/pico_printf/printf.c.obj
 .text.vfctprintf
                0x0000000010002f54       0x20 CMakeFiles/pico-pwm-audio.dir/home/vboxuser/raspberry-pi-pico/pico/pico-sdk/src/rp2_common/pico_printf/printf.c.obj
                0x0000000010002f54                vfctprintf
 .text          0x0000000010002f74       0x10 CMakeFiles/pico-pwm-audio.dir/home/vboxuser/raspberry-pi-pico/pico/pico-sdk/src/rp2_common/pico_bit_ops/bit_ops_aeabi.S.obj
 .text.rom_func_lookup
                0x0000000010002f84       0x10 CMakeFiles/pico-pwm-audio.dir/home/vboxuser/raspberry-pi-pico/pico/pico-sdk/src/rp2_common/pico_bootrom/bootrom.c.obj
                0x0000000010002f84                rom_func_lookup
 .text.rom_data_lookup
                0x0000000010002f94       0x10 CMakeFiles/pico-pwm-audio.dir/home/vboxuser/raspberry-pi-pico/pico/pico-sdk/src/rp2_common/pico_bootrom/bootrom.c.obj
                0x0000000010002f94                rom_data_lookup
 .text.rom_funcs_lookup
                0x0000000010002fa4       0x36 CMakeFiles/pico-pwm-audio.dir/home/vboxuser/raspberry-pi-pico/pico/pico-sdk/src/rp2_common/pico_bootrom/bootrom.c.obj
                0x0000000010002fa4                rom_funcs_lookup
 *fill*         0x0000000010002fda        0x2 
 .text.__wrap___aeabi_idiv
                0x0000000010002fdc       0x50 CMakeFiles/pico-pwm-audio.dir/home/vboxuser/raspberry-pi-pico/pico/pico-sdk/src/rp2_common/pico_divider/divider.S.obj
                0x0000000010002fdc                __wrap___aeabi_idivmod
                0x0000000010002fdc                divmod_s32s32
                0x0000000010002fdc                div_s32s32
                0x0000000010002fdc                __wrap___aeabi_idiv
                0x0000000010002fe4                divmod_s32s32_unsafe
                0x0000000010003010                divmod_s32s32_savestate
 .text.__wrap___aeabi_uidiv
                0x000000001000302c       0x4c CMakeFiles/pico-pwm-audio.dir/home/vboxuser/raspberry-pi-pico/pico/pico-sdk/src/rp2_common/pico_divider/divider.S.obj
                0x000000001000302c                __wrap___aeabi_uidiv
                0x000000001000302c                __wrap___aeabi_uidivmod
                0x000000001000302c                div_u32u32
                0x000000001000302c                divmod_u32u32
                0x0000000010003034                divmod_u32u32_unsafe
                0x000000001000305c                divmod_u32u32_savestate
 .text.__wrap___aeabi_ldiv
                0x0000000010003078      0x434 CMakeFiles/pico-pwm-audio.dir/home/vboxuser/raspberry-pi-pico/pico/pico-sdk/src/rp2_common/pico_divider/divider.S.obj
                0x0000000010003078                div_s64s64
                0x0000000010003078                divmod_s64s64
                0x0000000010003078                __wrap___aeabi_ldivmod
                0x00000000100030b0                div_u64u64
                0x00000000100030b0                divmod_u64u64
                0x00000000100030b0                __wrap___aeabi_uldivmod
                0x00000000100030c0                divmod_u64u64_savestate
                0x00000000100030e8                divmod_s64s64_unsafe
                0x0000000010003170                divmod_u64u64_unsafe
 .text.__wrap___aeabi_darithmetic
                0x00000000100034ac       0x80 CMakeFiles/pico-pwm-audio.dir/home/vboxuser/raspberry-pi-pico/pico/pico-sdk/src/rp2_common/pico_double/double_aeabi.S.obj
                0x00000000100034ac                __wrap___aeabi_drsub
                0x00000000100034b2                __wrap___aeabi_dsub
                0x00000000100034c4                __wrap___aeabi_dadd
                0x00000000100034d6                __wrap___aeabi_ddiv
                0x0000000010003512                __wrap___aeabi_dmul
 .text.__wrap___aeabi_cdcmple
                0x000000001000352c       0x6c CMakeFiles/pico-pwm-audio.dir/home/vboxuser/raspberry-pi-pico/pico/pico-sdk/src/rp2_common/pico_double/double_aeabi.S.obj
                0x000000001000352c                __wrap___aeabi_cdrcmple
                0x000000001000353c                __wrap___aeabi_cdcmple
                0x000000001000353c                __wrap___aeabi_cdcmpeq
 .text.__wrap___aeabi_dcmplt
                0x0000000010003598        0xc CMakeFiles/pico-pwm-audio.dir/home/vboxuser/raspberry-pi-pico/pico/pico-sdk/src/rp2_common/pico_double/double_aeabi.S.obj
                0x0000000010003598                __wrap___aeabi_dcmplt
 .text.__wrap___aeabi_dcmple
                0x00000000100035a4       0x10 CMakeFiles/pico-pwm-audio.dir/home/vboxuser/raspberry-pi-pico/pico/pico-sdk/src/rp2_common/pico_double/double_aeabi.S.obj
                0x00000000100035a4                __wrap___aeabi_dcmple
 .text.__wrap___aeabi_dcmpge
                0x00000000100035b4       0x10 CMakeFiles/pico-pwm-audio.dir/home/vboxuser/raspberry-pi-pico/pico/pico-sdk/src/rp2_common/pico_double/double_aeabi.S.obj
                0x00000000100035b4                __wrap___aeabi_dcmpge
 .text.__wrap___aeabi_dcmpgt
                0x00000000100035c4        0xa CMakeFiles/pico-pwm-audio.dir/home/vboxuser/raspberry-pi-pico/pico/pico-sdk/src/rp2_common/pico_double/double_aeabi.S.obj
                0x00000000100035c4                __wrap___aeabi_dcmpgt
 .text.__wrap___aeabi_dcmpun
                0x00000000100035ce       0x1c CMakeFiles/pico-pwm-audio.dir/home/vboxuser/raspberry-pi-pico/pico/pico-sdk/src/rp2_common/pico_double/double_aeabi.S.obj
                0x00000000100035ce                __wrap___aeabi_dcmpun
 *fill*         0x00000000100035ea        0x2 
 .text.__wrap___aeabi_i2d
                0x00000000100035ec       0x38 CMakeFiles/pico-pwm-audio.dir/home/vboxuser/raspberry-pi-pico/pico/pico-sdk/src/rp2_common/pico_double/double_aeabi.S.obj
                0x00000000100035ec                __wrap___aeabi_ui2d
                0x00000000100035f4                __wrap___aeabi_i2d
 .text.__wrap___aeabi_d2iz
                0x0000000010003624       0x48 CMakeFiles/pico-pwm-audio.dir/home/vboxuser/raspberry-pi-pico/pico/pico-sdk/src/rp2_common/pico_double/double_aeabi.S.obj
                0x0000000010003624                __wrap___aeabi_d2iz
                0x0000000010003624                double2int_z
 .text.__wrap___aeabi_d2uiz
                0x000000001000366c       0x18 CMakeFiles/pico-pwm-audio.dir/home/vboxuser/raspberry-pi-pico/pico/pico-sdk/src/rp2_common/pico_double/double_aeabi.S.obj
                0x000000001000366c                double2uint
                0x000000001000366c                __wrap___aeabi_d2uiz
 .text.__aeabi_double_init
                0x0000000010003684       0xc8 CMakeFiles/pico-pwm-audio.dir/home/vboxuser/raspberry-pi-pico/pico/pico-sdk/src/rp2_common/pico_double/double_init_rom.c.obj
                0x0000000010003684                __aeabi_double_init
 .text.double_table_shim_on_use_helper
                0x000000001000374c       0x34 CMakeFiles/pico-pwm-audio.dir/home/vboxuser/raspberry-pi-pico/pico/pico-sdk/src/rp2_common/pico_double/double_v1_rom_shim.S.obj
                0x000000001000374c                double_table_shim_on_use_helper
 .text.__wrap___aeabi_dsub
                0x0000000010003780       0x10 CMakeFiles/pico-pwm-audio.dir/home/vboxuser/raspberry-pi-pico/pico/pico-sdk/src/rp2_common/pico_double/double_v1_rom_shim.S.obj
                0x0000000010003780                drsub_shim
                0x0000000010003786                dsub_shim
 .text.dadd_shim
                0x0000000010003790      0x15c CMakeFiles/pico-pwm-audio.dir/home/vboxuser/raspberry-pi-pico/pico/pico-sdk/src/rp2_common/pico_double/double_v1_rom_shim.S.obj
                0x0000000010003790                dadd_shim
 .text.dmul_shim
                0x00000000100038ec      0x15c CMakeFiles/pico-pwm-audio.dir/home/vboxuser/raspberry-pi-pico/pico/pico-sdk/src/rp2_common/pico_double/double_v1_rom_shim.S.obj
                0x00000000100038ec                dmul_shim
 .text.ddiv_shim
                0x0000000010003a48      0x1b0 CMakeFiles/pico-pwm-audio.dir/home/vboxuser/raspberry-pi-pico/pico/pico-sdk/src/rp2_common/pico_double/double_v1_rom_shim.S.obj
                0x0000000010003a48                ddiv_shim
 .text.double2uint_shim
                0x0000000010003bf8        0xe CMakeFiles/pico-pwm-audio.dir/home/vboxuser/raspberry-pi-pico/pico/pico-sdk/src/rp2_common/pico_double/double_v1_rom_shim.S.obj
                0x0000000010003bf8                double2uint_shim
                0x0000000010003bfa                double2ufix_shim
 *fill*         0x0000000010003c06        0x2 
 .text.double2uint64_shim
                0x0000000010003c08       0x70 CMakeFiles/pico-pwm-audio.dir/home/vboxuser/raspberry-pi-pico/pico/pico-sdk/src/rp2_common/pico_double/double_v1_rom_shim.S.obj
                0x0000000010003c08                double2uint64_shim
                0x0000000010003c0a                double2ufix64_shim
                0x0000000010003c2a                d2fix_a
 .text.dunpacks
                0x0000000010003c78       0x3c CMakeFiles/pico-pwm-audio.dir/home/vboxuser/raspberry-pi-pico/pico/pico-sdk/src/rp2_common/pico_double/double_v1_rom_shim.S.obj
                0x0000000010003c78                dunpacks
 .text.__wrap___aeabi_farithmetic
                0x0000000010003cb4       0x58 CMakeFiles/pico-pwm-audio.dir/home/vboxuser/raspberry-pi-pico/pico/pico-sdk/src/rp2_common/pico_float/float_aeabi.S.obj
                0x0000000010003cb4                __wrap___aeabi_frsub
                0x0000000010003cba                __wrap___aeabi_fsub
                0x0000000010003cc4                __wrap___aeabi_fadd
                0x0000000010003cce                __wrap___aeabi_fdiv
                0x0000000010003cfa                __wrap___aeabi_fmul
 .text.__wrap___aeabi_f2uiz
                0x0000000010003d0c       0x10 CMakeFiles/pico-pwm-audio.dir/home/vboxuser/raspberry-pi-pico/pico/pico-sdk/src/rp2_common/pico_float/float_aeabi.S.obj
                0x0000000010003d0c                __wrap___aeabi_f2uiz
 .text.__aeabi_float_init
                0x0000000010003d1c       0xfc CMakeFiles/pico-pwm-audio.dir/home/vboxuser/raspberry-pi-pico/pico/pico-sdk/src/rp2_common/pico_float/float_init_rom.c.obj
                0x0000000010003d1c                __aeabi_float_init
 .text.float_table_shim_on_use_helper
                0x0000000010003e18       0x34 CMakeFiles/pico-pwm-audio.dir/home/vboxuser/raspberry-pi-pico/pico/pico-sdk/src/rp2_common/pico_float/float_v1_rom_shim.S.obj
                0x0000000010003e18                float_table_shim_on_use_helper
 .text          0x0000000010003e4c       0x10 CMakeFiles/pico-pwm-audio.dir/home/vboxuser/raspberry-pi-pico/pico/pico-sdk/src/rp2_common/pico_mem_ops/mem_ops_aeabi.S.obj
                0x0000000010003e4c                __aeabi_mem_init
 .text.memset   0x0000000010003e5c        0xc CMakeFiles/pico-pwm-audio.dir/home/vboxuser/raspberry-pi-pico/pico/pico-sdk/src/rp2_common/pico_mem_ops/mem_ops_aeabi.S.obj
                0x0000000010003e5c                __wrap_memset
 .text.memcpy   0x0000000010003e68        0xc CMakeFiles/pico-pwm-audio.dir/home/vboxuser/raspberry-pi-pico/pico/pico-sdk/src/rp2_common/pico_mem_ops/mem_ops_aeabi.S.obj
                0x0000000010003e68                __wrap___aeabi_memcpy
                0x0000000010003e68                __wrap_memcpy
 .text.stdio_out_chars_no_crlf
                0x0000000010003e74        0xe CMakeFiles/pico-pwm-audio.dir/home/vboxuser/raspberry-pi-pico/pico/pico-sdk/src/rp2_common/pico_stdio/stdio.c.obj
 *fill*         0x0000000010003e82        0x2 
 .text.stdio_out_chars_crlf
                0x0000000010003e84       0x80 CMakeFiles/pico-pwm-audio.dir/home/vboxuser/raspberry-pi-pico/pico/pico-sdk/src/rp2_common/pico_stdio/stdio.c.obj
 .text.stdio_stack_buffer_flush
                0x0000000010003f04       0x44 CMakeFiles/pico-pwm-audio.dir/home/vboxuser/raspberry-pi-pico/pico/pico-sdk/src/rp2_common/pico_stdio/stdio.c.obj
 .text.stdio_buffered_printer
                0x0000000010003f48       0x20 CMakeFiles/pico-pwm-audio.dir/home/vboxuser/raspberry-pi-pico/pico/pico-sdk/src/rp2_common/pico_stdio/stdio.c.obj
 .text.stdout_serialize_begin
                0x0000000010003f68       0x30 CMakeFiles/pico-pwm-audio.dir/home/vboxuser/raspberry-pi-pico/pico/pico-sdk/src/rp2_common/pico_stdio/stdio.c.obj
                0x0000000010003f68                stdout_serialize_begin
 .text.stdout_serialize_end
                0x0000000010003f98       0x10 CMakeFiles/pico-pwm-audio.dir/home/vboxuser/raspberry-pi-pico/pico/pico-sdk/src/rp2_common/pico_stdio/stdio.c.obj
                0x0000000010003f98                stdout_serialize_end
 .text.stdio_put_string
                0x0000000010003fa8       0x98 CMakeFiles/pico-pwm-audio.dir/home/vboxuser/raspberry-pi-pico/pico/pico-sdk/src/rp2_common/pico_stdio/stdio.c.obj
 .text.stdio_set_driver_enabled
                0x0000000010004040       0x2c CMakeFiles/pico-pwm-audio.dir/home/vboxuser/raspberry-pi-pico/pico/pico-sdk/src/rp2_common/pico_stdio/stdio.c.obj
                0x0000000010004040                stdio_set_driver_enabled
 .text.stdio_flush
                0x000000001000406c       0x20 CMakeFiles/pico-pwm-audio.dir/home/vboxuser/raspberry-pi-pico/pico/pico-sdk/src/rp2_common/pico_stdio/stdio.c.obj
                0x000000001000406c                stdio_flush
 .text.__wrap_puts
                0x000000001000408c       0x1e CMakeFiles/pico-pwm-audio.dir/home/vboxuser/raspberry-pi-pico/pico/pico-sdk/src/rp2_common/pico_stdio/stdio.c.obj
                0x000000001000408c                __wrap_puts
 *fill*         0x00000000100040aa        0x2 
 .text.__wrap_vprintf
                0x00000000100040ac       0x44 CMakeFiles/pico-pwm-audio.dir/home/vboxuser/raspberry-pi-pico/pico/pico-sdk/src/rp2_common/pico_stdio/stdio.c.obj
                0x00000000100040ac                __wrap_vprintf
 .text.__wrap_printf
                0x00000000100040f0       0x18 CMakeFiles/pico-pwm-audio.dir/home/vboxuser/raspberry-pi-pico/pico/pico-sdk/src/rp2_common/pico_stdio/stdio.c.obj
                0x00000000100040f0                __wrap_printf
 .text.stdio_init_all
                0x0000000010004108        0x8 CMakeFiles/pico-pwm-audio.dir/home/vboxuser/raspberry-pi-pico/pico/pico-sdk/src/rp2_common/pico_stdio/stdio.c.obj
                0x0000000010004108                stdio_init_all
 .text.stdio_uart_out_chars
                0x0000000010004110       0x74 CMakeFiles/pico-pwm-audio.dir/home/vboxuser/raspberry-pi-pico/pico/pico-sdk/src/rp2_common/pico_stdio_uart/stdio_uart.c.obj
 .text.stdio_uart_in_chars
                0x0000000010004184       0x58 CMakeFiles/pico-pwm-audio.dir/home/vboxuser/raspberry-pi-pico/pico/pico-sdk/src/rp2_common/pico_stdio_uart/stdio_uart.c.obj
                0x0000000010004184                stdio_uart_in_chars
 .text.stdio_uart_init_full
                0x00000000100041dc       0x3c CMakeFiles/pico-pwm-audio.dir/home/vboxuser/raspberry-pi-pico/pico/pico-sdk/src/rp2_common/pico_stdio_uart/stdio_uart.c.obj
                0x00000000100041dc                stdio_uart_init_full
 .text.stdio_uart_init
                0x0000000010004218       0x28 CMakeFiles/pico-pwm-audio.dir/home/vboxuser/raspberry-pi-pico/pico/pico-sdk/src/rp2_common/pico_stdio_uart/stdio_uart.c.obj
                0x0000000010004218                stdio_uart_init
 .text          0x0000000010004240       0x5c /usr/lib/gcc/arm-none-eabi/10.3.1/../../../arm-none-eabi/lib/thumb/v6-m/nofp/libg.a(lib_a-strlen-stub.o)
                0x0000000010004240                strlen
 *(.fini)
 .fini          0x000000001000429c        0x4 /usr/lib/gcc/arm-none-eabi/10.3.1/thumb/v6-m/nofp/crti.o
                0x000000001000429c                _fini
 .fini.__stub   0x00000000100042a0       0x50 linker stubs
 *crtbegin.o(.ctors)
 *crtbegin?.o(.ctors)
 *(EXCLUDE_FILE(*crtend.o *crtend?.o) .ctors)
 *(SORT_BY_NAME(.ctors.*))
 *(.ctors)
 *crtbegin.o(.dtors)
 *crtbegin?.o(.dtors)
 *(EXCLUDE_FILE(*crtend.o *crtend?.o) .dtors)
 *(SORT_BY_NAME(.dtors.*))
 *(.dtors)
 *(.eh_frame*)
 .eh_frame      0x00000000100042f0        0x0 /usr/lib/gcc/arm-none-eabi/10.3.1/thumb/v6-m/nofp/crtbegin.o
                0x00000000100042f0                . = ALIGN (0x4)

.glue_7         0x00000000100042f0        0x0
 .glue_7        0x00000000100042f0        0x0 linker stubs

.glue_7t        0x00000000100042f0        0x0
 .glue_7t       0x00000000100042f0        0x0 linker stubs

.vfp11_veneer   0x00000000100042f0        0x0
 .vfp11_veneer  0x00000000100042f0        0x0 linker stubs

.v4_bx          0x00000000100042f0        0x0
 .v4_bx         0x00000000100042f0        0x0 linker stubs

.iplt           0x00000000100042f0        0x0
 .iplt          0x00000000100042f0        0x0 /usr/lib/gcc/arm-none-eabi/10.3.1/thumb/v6-m/nofp/crtbegin.o

.rodata         0x00000000100042f0      0xf78
 *(EXCLUDE_FILE(*libm.a: *libc.a:*lib_a-mem*.o *libgcc.a:) .rodata*)
 .rodata.main.str1.4
                0x00000000100042f0       0x32 CMakeFiles/pico-pwm-audio.dir/pico-pwm-audio.c.obj
 *fill*         0x0000000010004322        0x2 
 .rodata.make_branch.str1.4
                0x0000000010004324       0x81 CMakeFiles/pico-pwm-audio.dir/home/vboxuser/raspberry-pi-pico/pico/pico-sdk/src/rp2_common/hardware_irq/irq.c.obj
 *fill*         0x00000000100043a5        0x3 
 .rodata.insert_branch_and_link.str1.4
                0x00000000100043a8       0x10 CMakeFiles/pico-pwm-audio.dir/home/vboxuser/raspberry-pi-pico/pico/pico-sdk/src/rp2_common/hardware_irq/irq.c.obj
 .rodata.irq_set_exclusive_handler.str1.4
                0x00000000100043b8       0x36 CMakeFiles/pico-pwm-audio.dir/home/vboxuser/raspberry-pi-pico/pico/pico-sdk/src/rp2_common/hardware_irq/irq.c.obj
 *fill*         0x00000000100043ee        0x2 
 .rodata.irq_add_shared_handler.str1.4
                0x00000000100043f0       0xd9 CMakeFiles/pico-pwm-audio.dir/home/vboxuser/raspberry-pi-pico/pico/pico-sdk/src/rp2_common/hardware_irq/irq.c.obj
 *fill*         0x00000000100044c9        0x3 
 .rodata.irq_remove_handler.str1.4
                0x00000000100044cc       0x2a CMakeFiles/pico-pwm-audio.dir/home/vboxuser/raspberry-pi-pico/pico/pico-sdk/src/rp2_common/hardware_irq/irq.c.obj
 *fill*         0x00000000100044f6        0x2 
 .rodata.irq_add_tail_to_free_list.str1.4
                0x00000000100044f8       0x3a CMakeFiles/pico-pwm-audio.dir/home/vboxuser/raspberry-pi-pico/pico/pico-sdk/src/rp2_common/hardware_irq/irq.c.obj
 *fill*         0x0000000010004532        0x2 
 .rodata.__func__.0
                0x0000000010004534       0x1a CMakeFiles/pico-pwm-audio.dir/home/vboxuser/raspberry-pi-pico/pico/pico-sdk/src/rp2_common/hardware_irq/irq.c.obj
 *fill*         0x000000001000454e        0x2 
 .rodata.__func__.1
                0x0000000010004550       0x17 CMakeFiles/pico-pwm-audio.dir/home/vboxuser/raspberry-pi-pico/pico/pico-sdk/src/rp2_common/hardware_irq/irq.c.obj
 *fill*         0x0000000010004567        0x1 
 .rodata.__func__.2
                0x0000000010004568       0x13 CMakeFiles/pico-pwm-audio.dir/home/vboxuser/raspberry-pi-pico/pico/pico-sdk/src/rp2_common/hardware_irq/irq.c.obj
 *fill*         0x000000001000457b        0x1 
 .rodata.__func__.3
                0x000000001000457c        0xc CMakeFiles/pico-pwm-audio.dir/home/vboxuser/raspberry-pi-pico/pico/pico-sdk/src/rp2_common/hardware_irq/irq.c.obj
 .rodata.__func__.4
                0x0000000010004588        0xf CMakeFiles/pico-pwm-audio.dir/home/vboxuser/raspberry-pi-pico/pico/pico-sdk/src/rp2_common/hardware_irq/irq.c.obj
 *fill*         0x0000000010004597        0x1 
 .rodata.__func__.6
                0x0000000010004598       0x1a CMakeFiles/pico-pwm-audio.dir/home/vboxuser/raspberry-pi-pico/pico/pico-sdk/src/rp2_common/hardware_irq/irq.c.obj
 *fill*         0x00000000100045b2        0x2 
 .rodata.repeating_timer_callback.str1.4
                0x00000000100045b4       0x5f CMakeFiles/pico-pwm-audio.dir/home/vboxuser/raspberry-pi-pico/pico/pico-sdk/src/common/pico_time/time.c.obj
 *fill*         0x0000000010004613        0x1 
 .rodata.alarm_pool_dump_key.str1.4
                0x0000000010004614       0x33 CMakeFiles/pico-pwm-audio.dir/home/vboxuser/raspberry-pi-pico/pico/pico-sdk/src/common/pico_time/time.c.obj
 *fill*         0x0000000010004647        0x1 
 .rodata.ph_add_child_node.str1.4
                0x0000000010004648       0xaa CMakeFiles/pico-pwm-audio.dir/home/vboxuser/raspberry-pi-pico/pico/pico-sdk/src/common/pico_time/time.c.obj
 *fill*         0x00000000100046f2        0x2 
 .rodata.add_alarm_under_lock.str1.4
                0x00000000100046f4       0x28 CMakeFiles/pico-pwm-audio.dir/home/vboxuser/raspberry-pi-pico/pico/pico-sdk/src/common/pico_time/time.c.obj
                                         0x2b (size before relaxing)
 .rodata.alarm_pool_alarm_callback.str1.4
                0x000000001000471c       0xfa CMakeFiles/pico-pwm-audio.dir/home/vboxuser/raspberry-pi-pico/pico/pico-sdk/src/common/pico_time/time.c.obj
 *fill*         0x0000000010004816        0x2 
 .rodata.__func__.10
                0x0000000010004818       0x15 CMakeFiles/pico-pwm-audio.dir/home/vboxuser/raspberry-pi-pico/pico/pico-sdk/src/common/pico_time/time.c.obj
 *fill*         0x000000001000482d        0x3 
 .rodata.__func__.11
                0x0000000010004830       0x1a CMakeFiles/pico-pwm-audio.dir/home/vboxuser/raspberry-pi-pico/pico/pico-sdk/src/common/pico_time/time.c.obj
 *fill*         0x000000001000484a        0x2 
 .rodata.__func__.12
                0x000000001000484c        0xa CMakeFiles/pico-pwm-audio.dir/home/vboxuser/raspberry-pi-pico/pico/pico-sdk/src/common/pico_time/time.c.obj
 *fill*         0x0000000010004856        0x2 
 .rodata.__func__.4
                0x0000000010004858       0x12 CMakeFiles/pico-pwm-audio.dir/home/vboxuser/raspberry-pi-pico/pico/pico-sdk/src/common/pico_time/time.c.obj
 *fill*         0x000000001000486a        0x2 
 .rodata.__func__.5
                0x000000001000486c        0xd CMakeFiles/pico-pwm-audio.dir/home/vboxuser/raspberry-pi-pico/pico/pico-sdk/src/common/pico_time/time.c.obj
 *fill*         0x0000000010004879        0x3 
 .rodata.__func__.6
                0x000000001000487c       0x12 CMakeFiles/pico-pwm-audio.dir/home/vboxuser/raspberry-pi-pico/pico/pico-sdk/src/common/pico_time/time.c.obj
 *fill*         0x000000001000488e        0x2 
 .rodata.__func__.7
                0x0000000010004890        0xf CMakeFiles/pico-pwm-audio.dir/home/vboxuser/raspberry-pi-pico/pico/pico-sdk/src/common/pico_time/time.c.obj
 *fill*         0x000000001000489f        0x1 
 .rodata.__func__.8
                0x00000000100048a0        0xc CMakeFiles/pico-pwm-audio.dir/home/vboxuser/raspberry-pi-pico/pico/pico-sdk/src/common/pico_time/time.c.obj
 .rodata.__func__.9
                0x00000000100048ac       0x15 CMakeFiles/pico-pwm-audio.dir/home/vboxuser/raspberry-pi-pico/pico/pico-sdk/src/common/pico_time/time.c.obj
 *fill*         0x00000000100048c1        0x3 
 .rodata.hardware_alarm_claim.str1.4
                0x00000000100048c4       0x22 CMakeFiles/pico-pwm-audio.dir/home/vboxuser/raspberry-pi-pico/pico/pico-sdk/src/rp2_common/hardware_timer/timer.c.obj
 *fill*         0x00000000100048e6        0x2 
 .rodata.hardware_alarm_set_target.str1.4
                0x00000000100048e8       0x79 CMakeFiles/pico-pwm-audio.dir/home/vboxuser/raspberry-pi-pico/pico/pico-sdk/src/rp2_common/hardware_timer/timer.c.obj
 *fill*         0x0000000010004961        0x3 
 .rodata.__func__.0
                0x0000000010004964       0x1a CMakeFiles/pico-pwm-audio.dir/home/vboxuser/raspberry-pi-pico/pico/pico-sdk/src/rp2_common/hardware_timer/timer.c.obj
 .rodata.ph_add_child_node.str1.4
                0x000000001000497e       0xaa CMakeFiles/pico-pwm-audio.dir/home/vboxuser/raspberry-pi-pico/pico/pico-sdk/src/common/pico_util/pheap.c.obj
 *fill*         0x000000001000497e        0x2 
 .rodata.ph_remove_any_head.str1.4
                0x0000000010004980       0xa0 CMakeFiles/pico-pwm-audio.dir/home/vboxuser/raspberry-pi-pico/pico/pico-sdk/src/common/pico_util/pheap.c.obj
 .rodata.ph_remove_and_free_node.str1.4
                0x0000000010004a20       0x1e CMakeFiles/pico-pwm-audio.dir/home/vboxuser/raspberry-pi-pico/pico/pico-sdk/src/common/pico_util/pheap.c.obj
                                         0x26 (size before relaxing)
 *fill*         0x0000000010004a3e        0x2 
 .rodata.__func__.0
                0x0000000010004a40       0x18 CMakeFiles/pico-pwm-audio.dir/home/vboxuser/raspberry-pi-pico/pico/pico-sdk/src/common/pico_util/pheap.c.obj
 .rodata.__func__.1
                0x0000000010004a58       0x13 CMakeFiles/pico-pwm-audio.dir/home/vboxuser/raspberry-pi-pico/pico/pico-sdk/src/common/pico_util/pheap.c.obj
 *fill*         0x0000000010004a6b        0x1 
 .rodata.__func__.2
                0x0000000010004a6c       0x12 CMakeFiles/pico-pwm-audio.dir/home/vboxuser/raspberry-pi-pico/pico/pico-sdk/src/common/pico_util/pheap.c.obj
 *fill*         0x0000000010004a7e        0x2 
 .rodata.__func__.3
                0x0000000010004a80        0xc CMakeFiles/pico-pwm-audio.dir/home/vboxuser/raspberry-pi-pico/pico/pico-sdk/src/common/pico_util/pheap.c.obj
 .rodata.str1.4
                0x0000000010004a8c       0x9d CMakeFiles/pico-pwm-audio.dir/home/vboxuser/raspberry-pi-pico/pico/pico-sdk/src/common/pico_sync/mutex.c.obj
                                        0x115 (size before relaxing)
 *fill*         0x0000000010004b29        0x3 
 .rodata.__func__.1
                0x0000000010004b2c        0xb CMakeFiles/pico-pwm-audio.dir/home/vboxuser/raspberry-pi-pico/pico/pico-sdk/src/common/pico_sync/mutex.c.obj
 *fill*         0x0000000010004b37        0x1 
 .rodata.__assert_func.str1.4
                0x0000000010004b38       0x3f CMakeFiles/pico-pwm-audio.dir/home/vboxuser/raspberry-pi-pico/pico/pico-sdk/src/rp2_common/pico_runtime/runtime.c.obj
                                         0x43 (size before relaxing)
 *fill*         0x0000000010004b77        0x1 
 .rodata.runtime_init.str1.4
                0x0000000010004b78       0x75 CMakeFiles/pico-pwm-audio.dir/home/vboxuser/raspberry-pi-pico/pico/pico-sdk/src/rp2_common/pico_runtime/runtime.c.obj
 *fill*         0x0000000010004bed        0x3 
 .rodata.panic.str1.4
                0x0000000010004bf0       0x12 CMakeFiles/pico-pwm-audio.dir/home/vboxuser/raspberry-pi-pico/pico/pico-sdk/src/rp2_common/pico_runtime/runtime.c.obj
 *fill*         0x0000000010004c02        0x2 
 .rodata.__func__.1
                0x0000000010004c04        0xd CMakeFiles/pico-pwm-audio.dir/home/vboxuser/raspberry-pi-pico/pico/pico-sdk/src/rp2_common/pico_runtime/runtime.c.obj
 *fill*         0x0000000010004c11        0x3 
 .rodata.clock_configure.str1.4
                0x0000000010004c14       0x6b CMakeFiles/pico-pwm-audio.dir/home/vboxuser/raspberry-pi-pico/pico/pico-sdk/src/rp2_common/hardware_clocks/clocks.c.obj
 *fill*         0x0000000010004c7f        0x1 
 .rodata.__func__.1
                0x0000000010004c80       0x10 CMakeFiles/pico-pwm-audio.dir/home/vboxuser/raspberry-pi-pico/pico/pico-sdk/src/rp2_common/hardware_clocks/clocks.c.obj
 .rodata.pll_init.str1.4
                0x0000000010004c90      0x14f CMakeFiles/pico-pwm-audio.dir/home/vboxuser/raspberry-pi-pico/pico/pico-sdk/src/rp2_common/hardware_pll/pll.c.obj
 *fill*         0x0000000010004ddf        0x1 
 .rodata.__func__.0
                0x0000000010004de0        0x9 CMakeFiles/pico-pwm-audio.dir/home/vboxuser/raspberry-pi-pico/pico/pico-sdk/src/rp2_common/hardware_pll/pll.c.obj
 *fill*         0x0000000010004de9        0x3 
 .rodata._ftoa.str1.4
                0x0000000010004dec       0x15 CMakeFiles/pico-pwm-audio.dir/home/vboxuser/raspberry-pi-pico/pico/pico-sdk/src/rp2_common/pico_printf/printf.c.obj
 *fill*         0x0000000010004e01        0x3 
 .rodata._vsnprintf
                0x0000000010004e04      0x1e0 CMakeFiles/pico-pwm-audio.dir/home/vboxuser/raspberry-pi-pico/pico/pico-sdk/src/rp2_common/pico_printf/printf.c.obj
 *fill*         0x0000000010004fe4        0x4 
 .rodata.pow10.0
                0x0000000010004fe8       0x50 CMakeFiles/pico-pwm-audio.dir/home/vboxuser/raspberry-pi-pico/pico/pico-sdk/src/rp2_common/pico_printf/printf.c.obj
 .rodata.__aeabi_double_init.str1.4
                0x0000000010005038       0xbc CMakeFiles/pico-pwm-audio.dir/home/vboxuser/raspberry-pi-pico/pico/pico-sdk/src/rp2_common/pico_double/double_init_rom.c.obj
 .rodata.__func__.0
                0x00000000100050f4       0x14 CMakeFiles/pico-pwm-audio.dir/home/vboxuser/raspberry-pi-pico/pico/pico-sdk/src/rp2_common/pico_double/double_init_rom.c.obj
 .rodata.__aeabi_float_init.str1.4
                0x0000000010005108       0x8e CMakeFiles/pico-pwm-audio.dir/home/vboxuser/raspberry-pi-pico/pico/pico-sdk/src/rp2_common/pico_float/float_init_rom.c.obj
                                         0x92 (size before relaxing)
 *fill*         0x0000000010005196        0x2 
 .rodata.__func__.0
                0x0000000010005198       0x13 CMakeFiles/pico-pwm-audio.dir/home/vboxuser/raspberry-pi-pico/pico/pico-sdk/src/rp2_common/pico_float/float_init_rom.c.obj
 *fill*         0x00000000100051ab        0x1 
 .rodata.str1.4
                0x00000000100051ac       0x48 CMakeFiles/pico-pwm-audio.dir/home/vboxuser/raspberry-pi-pico/pico/pico-sdk/src/rp2_common/pico_standard_link/binary_info.c.obj
 .rodata.__bi_44
                0x00000000100051f4        0xc CMakeFiles/pico-pwm-audio.dir/home/vboxuser/raspberry-pi-pico/pico/pico-sdk/src/rp2_common/pico_standard_link/binary_info.c.obj
 .rodata.__bi_56
                0x0000000010005200        0xc CMakeFiles/pico-pwm-audio.dir/home/vboxuser/raspberry-pi-pico/pico/pico-sdk/src/rp2_common/pico_standard_link/binary_info.c.obj
 .rodata.__bi_75
                0x000000001000520c        0xc CMakeFiles/pico-pwm-audio.dir/home/vboxuser/raspberry-pi-pico/pico/pico-sdk/src/rp2_common/pico_standard_link/binary_info.c.obj
 .rodata.__bi_81
                0x0000000010005218        0xc CMakeFiles/pico-pwm-audio.dir/home/vboxuser/raspberry-pi-pico/pico/pico-sdk/src/rp2_common/pico_standard_link/binary_info.c.obj
 .rodata.crlf_str.3
                0x0000000010005224        0x2 CMakeFiles/pico-pwm-audio.dir/home/vboxuser/raspberry-pi-pico/pico/pico-sdk/src/rp2_common/pico_stdio/stdio.c.obj
 *fill*         0x0000000010005226        0x2 
 .rodata.str1.4
                0x0000000010005228       0x2c CMakeFiles/pico-pwm-audio.dir/home/vboxuser/raspberry-pi-pico/pico/pico-sdk/src/rp2_common/pico_stdio_uart/stdio_uart.c.obj
 .rodata.__bi_28.4
                0x0000000010005254        0xc CMakeFiles/pico-pwm-audio.dir/home/vboxuser/raspberry-pi-pico/pico/pico-sdk/src/rp2_common/pico_stdio_uart/stdio_uart.c.obj
 .rodata.__bi_29.5
                0x0000000010005260        0x8 CMakeFiles/pico-pwm-audio.dir/home/vboxuser/raspberry-pi-pico/pico/pico-sdk/src/rp2_common/pico_stdio_uart/stdio_uart.c.obj
                0x0000000010005268                . = ALIGN (0x4)
 *(SORT_BY_ALIGNMENT(SORT_BY_NAME(.flashdata*)))
                0x0000000010005268                . = ALIGN (0x4)

.rel.dyn        0x0000000010005268        0x0
 .rel.iplt      0x0000000010005268        0x0 /usr/lib/gcc/arm-none-eabi/10.3.1/thumb/v6-m/nofp/crtbegin.o

.ARM.extab
 *(.ARM.extab* .gnu.linkonce.armextab.*)
                0x0000000010005268                __exidx_start = .

.ARM.exidx
 *(.ARM.exidx* .gnu.linkonce.armexidx.*)
                0x0000000010005268                __exidx_end = .
                0x0000000010005268                . = ALIGN (0x4)
                0x0000000010005268                __binary_info_start = .

.binary_info    0x0000000010005268       0x28
 *(.binary_info.keep.*)
 .binary_info.keep.__bi_ptr22
                0x0000000010005268        0x4 CMakeFiles/pico-pwm-audio.dir/home/vboxuser/raspberry-pi-pico/pico/pico-sdk/src/rp2_common/pico_standard_link/binary_info.c.obj
 .binary_info.keep.__bi_ptr30
                0x000000001000526c        0x4 CMakeFiles/pico-pwm-audio.dir/home/vboxuser/raspberry-pi-pico/pico/pico-sdk/src/rp2_common/pico_standard_link/binary_info.c.obj
 .binary_info.keep.__bi_ptr38
                0x0000000010005270        0x4 CMakeFiles/pico-pwm-audio.dir/home/vboxuser/raspberry-pi-pico/pico/pico-sdk/src/rp2_common/pico_standard_link/binary_info.c.obj
 .binary_info.keep.__bi_ptr44
                0x0000000010005274        0x4 CMakeFiles/pico-pwm-audio.dir/home/vboxuser/raspberry-pi-pico/pico/pico-sdk/src/rp2_common/pico_standard_link/binary_info.c.obj
 .binary_info.keep.__bi_ptr50
                0x0000000010005278        0x4 CMakeFiles/pico-pwm-audio.dir/home/vboxuser/raspberry-pi-pico/pico/pico-sdk/src/rp2_common/pico_standard_link/binary_info.c.obj
 .binary_info.keep.__bi_ptr56
                0x000000001000527c        0x4 CMakeFiles/pico-pwm-audio.dir/home/vboxuser/raspberry-pi-pico/pico/pico-sdk/src/rp2_common/pico_standard_link/binary_info.c.obj
 .binary_info.keep.__bi_ptr75
                0x0000000010005280        0x4 CMakeFiles/pico-pwm-audio.dir/home/vboxuser/raspberry-pi-pico/pico/pico-sdk/src/rp2_common/pico_standard_link/binary_info.c.obj
 .binary_info.keep.__bi_ptr81
                0x0000000010005284        0x4 CMakeFiles/pico-pwm-audio.dir/home/vboxuser/raspberry-pi-pico/pico/pico-sdk/src/rp2_common/pico_standard_link/binary_info.c.obj
 *(.binary_info.*)
 .binary_info.__bi_ptr28
                0x0000000010005288        0x4 CMakeFiles/pico-pwm-audio.dir/home/vboxuser/raspberry-pi-pico/pico/pico-sdk/src/rp2_common/pico_stdio_uart/stdio_uart.c.obj
 .binary_info.__bi_ptr29
                0x000000001000528c        0x4 CMakeFiles/pico-pwm-audio.dir/home/vboxuser/raspberry-pi-pico/pico/pico-sdk/src/rp2_common/pico_stdio_uart/stdio_uart.c.obj
                0x0000000010005290                __binary_info_end = .
                0x0000000010005290                . = ALIGN (0x4)
                0x0000000010005290                __etext = .

.ram_vector_table
                0x0000000020000000       0xc0
 *(.ram_vector_table)
 .ram_vector_table
                0x0000000020000000       0xc0 CMakeFiles/pico-pwm-audio.dir/home/vboxuser/raspberry-pi-pico/pico/pico-sdk/src/rp2_common/pico_runtime/runtime.c.obj
                0x0000000020000000                ram_vector_table

.data           0x00000000200000c0      0x3c0 load address 0x0000000010005290
                0x00000000200000c0                __data_start__ = .
 *(vtable)
 *(.time_critical*)
 .time_critical.mutex_enter_blocking
                0x00000000200000c0       0x48 CMakeFiles/pico-pwm-audio.dir/home/vboxuser/raspberry-pi-pico/pico/pico-sdk/src/common/pico_sync/mutex.c.obj
                0x00000000200000c0                mutex_enter_blocking
 .time_critical.mutex_try_enter
                0x0000000020000108       0x46 CMakeFiles/pico-pwm-audio.dir/home/vboxuser/raspberry-pi-pico/pico/pico-sdk/src/common/pico_sync/mutex.c.obj
                0x0000000020000108                mutex_try_enter
 *fill*         0x000000002000014e        0x2 
 .time_critical.mutex_exit
                0x0000000020000150       0x4c CMakeFiles/pico-pwm-audio.dir/home/vboxuser/raspberry-pi-pico/pico/pico-sdk/src/common/pico_sync/mutex.c.obj
                0x0000000020000150                mutex_exit
 *(.text*)
 .text          0x000000002000019c        0x4 /usr/lib/gcc/arm-none-eabi/10.3.1/thumb/v6-m/nofp/libgcc.a(_dvmd_tls.o)
                0x000000002000019c                __aeabi_ldiv0
                0x000000002000019c                __aeabi_idiv0
 .text.__stub   0x00000000200001a0       0x10 linker stubs
                0x00000000200001b0                . = ALIGN (0x4)
 *(.rodata*)
                0x00000000200001b0                . = ALIGN (0x4)
 *(.data*)
 .data.WAV_DATA
                0x00000000200001b0       0x55 CMakeFiles/pico-pwm-audio.dir/pico-pwm-audio.c.obj
                0x00000000200001b0                WAV_DATA
 *fill*         0x0000000020000205        0x3 
 .data.clkDiv   0x0000000020000208        0x4 CMakeFiles/pico-pwm-audio.dir/pico-pwm-audio.c.obj
                0x0000000020000208                clkDiv
 .data.frequencies
                0x000000002000020c      0x1a0 CMakeFiles/pico-pwm-audio.dir/pico-pwm-audio.c.obj
                0x000000002000020c                frequencies
 .data.frequency
                0x00000000200003ac        0x4 CMakeFiles/pico-pwm-audio.dir/pico-pwm-audio.c.obj
                0x00000000200003ac                frequency
 .data.striped_spin_lock_num
                0x00000000200003b0        0x1 CMakeFiles/pico-pwm-audio.dir/home/vboxuser/raspberry-pi-pico/pico/pico-sdk/src/rp2_common/hardware_sync/sync.c.obj
 *fill*         0x00000000200003b1        0x3 
 .data          0x00000000200003b4       0x48 CMakeFiles/pico-pwm-audio.dir/home/vboxuser/raspberry-pi-pico/pico/pico-sdk/src/rp2_common/hardware_irq/irq_handler_chain.S.obj
                0x00000000200003b4                irq_handler_chain_slots
                0x00000000200003e4                irq_handler_chain_first_slot
                0x00000000200003ee                irq_handler_chain_remove_tail
 .data.default_alarm_pool
                0x00000000200003fc       0x18 CMakeFiles/pico-pwm-audio.dir/home/vboxuser/raspberry-pi-pico/pico/pico-sdk/src/common/pico_time/time.c.obj
 .data.default_alarm_pool_heap
                0x0000000020000414       0x10 CMakeFiles/pico-pwm-audio.dir/home/vboxuser/raspberry-pi-pico/pico/pico-sdk/src/common/pico_time/time.c.obj
 *fill*         0x0000000020000424        0xc 
 .data.aeabi_bits_funcs
                0x0000000020000430       0x10 CMakeFiles/pico-pwm-audio.dir/home/vboxuser/raspberry-pi-pico/pico/pico-sdk/src/rp2_common/pico_bit_ops/bit_ops_aeabi.S.obj
                0x0000000020000430                aeabi_bits_funcs
                0x0000000020000440                aeabi_bits_funcs_end
 .data.aeabi_mem_funcs
                0x0000000020000440       0x10 CMakeFiles/pico-pwm-audio.dir/home/vboxuser/raspberry-pi-pico/pico/pico-sdk/src/rp2_common/pico_mem_ops/mem_ops_aeabi.S.obj
                0x0000000020000440                aeabi_mem_funcs
                0x0000000020000450                aeabi_mem_funcs_end
 .data.stdio_uart
                0x0000000020000450       0x14 CMakeFiles/pico-pwm-audio.dir/home/vboxuser/raspberry-pi-pico/pico/pico-sdk/src/rp2_common/pico_stdio_uart/stdio_uart.c.obj
                0x0000000020000450                stdio_uart
                0x0000000020000464                . = ALIGN (0x4)
 *(.after_data.*)
                0x0000000020000464                . = ALIGN (0x4)
                0x0000000020000464                PROVIDE (__mutex_array_start = .)
 *(SORT_BY_NAME(.mutex_array.*))
 *(.mutex_array)
 .mutex_array   0x0000000020000464        0x8 CMakeFiles/pico-pwm-audio.dir/home/vboxuser/raspberry-pi-pico/pico/pico-sdk/src/rp2_common/pico_stdio/stdio.c.obj
                0x000000002000046c                PROVIDE (__mutex_array_end = .)
                0x000000002000046c                . = ALIGN (0x4)
                0x000000002000046c                PROVIDE (__preinit_array_start = .)
 *(SORT_BY_NAME(.preinit_array.*))
 .preinit_array.00001
                0x000000002000046c        0x4 CMakeFiles/pico-pwm-audio.dir/home/vboxuser/raspberry-pi-pico/pico/pico-sdk/src/rp2_common/pico_mem_ops/mem_ops_aeabi.S.obj
 .preinit_array.00010
                0x0000000020000470        0x4 CMakeFiles/pico-pwm-audio.dir/home/vboxuser/raspberry-pi-pico/pico/pico-sdk/src/rp2_common/pico_bit_ops/bit_ops_aeabi.S.obj
 .preinit_array.00020
                0x0000000020000474        0x4 CMakeFiles/pico-pwm-audio.dir/home/vboxuser/raspberry-pi-pico/pico/pico-sdk/src/rp2_common/pico_double/double_aeabi.S.obj
 .preinit_array.00020
                0x0000000020000478        0x4 CMakeFiles/pico-pwm-audio.dir/home/vboxuser/raspberry-pi-pico/pico/pico-sdk/src/rp2_common/pico_float/float_aeabi.S.obj
 *(.preinit_array)
                0x000000002000047c                PROVIDE (__preinit_array_end = .)
                0x000000002000047c                . = ALIGN (0x4)
                0x000000002000047c                PROVIDE (__init_array_start = .)
 *(SORT_BY_NAME(.init_array.*))
 *(.init_array)
 .init_array    0x000000002000047c        0x4 /usr/lib/gcc/arm-none-eabi/10.3.1/thumb/v6-m/nofp/crtbegin.o
                0x0000000020000480                PROVIDE (__init_array_end = .)
                0x0000000020000480                . = ALIGN (0x4)
                0x0000000020000480                PROVIDE (__fini_array_start = .)
 *(SORT_BY_NAME(.fini_array.*))
 *(.fini_array)
                0x0000000020000480                PROVIDE (__fini_array_end = .)
 *(.jcr)
                0x0000000020000480                . = ALIGN (0x4)
                0x0000000020000480                __data_end__ = .

.tm_clone_table
                0x0000000020000480        0x0 load address 0x0000000010005650
 .tm_clone_table
                0x0000000020000480        0x0 /usr/lib/gcc/arm-none-eabi/10.3.1/thumb/v6-m/nofp/crtbegin.o
 .tm_clone_table
                0x0000000020000480        0x0 /usr/lib/gcc/arm-none-eabi/10.3.1/thumb/v6-m/nofp/crtend.o

.igot.plt       0x0000000020000480        0x0 load address 0x0000000010005650
 .igot.plt      0x0000000020000480        0x0 /usr/lib/gcc/arm-none-eabi/10.3.1/thumb/v6-m/nofp/crtbegin.o

.uninitialized_data
                0x0000000020000480        0x0 load address 0x0000000010005650
                0x0000000020000480                . = ALIGN (0x4)
 *(.uninitialized_data*)

.scratch_x      0x0000000020040000        0x0 load address 0x0000000010005650
                0x0000000020040000                __scratch_x_start__ = .
 *(.scratch_x.*)
                0x0000000020040000                . = ALIGN (0x4)
                0x0000000020040000                __scratch_x_end__ = .
                0x0000000010005650                __scratch_x_source__ = LOADADDR (.scratch_x)

.scratch_y      0x0000000020041000        0x0 load address 0x0000000010005650
                0x0000000020041000                __scratch_y_start__ = .
 *(.scratch_y.*)
                0x0000000020041000                . = ALIGN (0x4)
                0x0000000020041000                __scratch_y_end__ = .
                0x0000000010005650                __scratch_y_source__ = LOADADDR (.scratch_y)

.bss            0x0000000020000480      0x3d8
                0x0000000020000480                . = ALIGN (0x4)
                0x0000000020000480                __bss_start__ = .
 *(SORT_BY_ALIGNMENT(SORT_BY_NAME(.bss*)))
 .bss.default_alarm_pool_entries
                0x0000000020000480      0x100 CMakeFiles/pico-pwm-audio.dir/home/vboxuser/raspberry-pi-pico/pico/pico-sdk/src/common/pico_time/time.c.obj
 .bss           0x0000000020000580       0x1c /usr/lib/gcc/arm-none-eabi/10.3.1/thumb/v6-m/nofp/crtbegin.o
 .bss.alarm_callbacks
                0x000000002000059c       0x10 CMakeFiles/pico-pwm-audio.dir/home/vboxuser/raspberry-pi-pico/pico/pico-sdk/src/rp2_common/hardware_timer/timer.c.obj
 .bss.configured_freq
                0x00000000200005ac       0x28 CMakeFiles/pico-pwm-audio.dir/home/vboxuser/raspberry-pi-pico/pico/pico-sdk/src/rp2_common/hardware_clocks/clocks.c.obj
 .bss.default_alarm_pool_entry_ids_high
                0x00000000200005d4       0x10 CMakeFiles/pico-pwm-audio.dir/home/vboxuser/raspberry-pi-pico/pico/pico-sdk/src/common/pico_time/time.c.obj
 .bss.default_alarm_pool_heap_nodes
                0x00000000200005e4       0x30 CMakeFiles/pico-pwm-audio.dir/home/vboxuser/raspberry-pi-pico/pico/pico-sdk/src/common/pico_time/time.c.obj
 .bss.drivers   0x0000000020000614        0x4 CMakeFiles/pico-pwm-audio.dir/home/vboxuser/raspberry-pi-pico/pico/pico-sdk/src/rp2_common/pico_stdio/stdio.c.obj
 .bss.filter    0x0000000020000618        0x4 CMakeFiles/pico-pwm-audio.dir/home/vboxuser/raspberry-pi-pico/pico/pico-sdk/src/rp2_common/pico_stdio/stdio.c.obj
 .bss.freqNum   0x000000002000061c        0x4 CMakeFiles/pico-pwm-audio.dir/pico-pwm-audio.c.obj
                0x000000002000061c                freqNum
 .bss.pools     0x0000000020000620       0x10 CMakeFiles/pico-pwm-audio.dir/home/vboxuser/raspberry-pi-pico/pico/pico-sdk/src/common/pico_time/time.c.obj
 .bss.sd_table  0x0000000020000630      0x100 CMakeFiles/pico-pwm-audio.dir/home/vboxuser/raspberry-pi-pico/pico/pico-sdk/src/rp2_common/pico_double/double_init_rom.c.obj
                0x0000000020000630                sd_table
 .bss.sf_clz_func
                0x0000000020000730        0x4 CMakeFiles/pico-pwm-audio.dir/home/vboxuser/raspberry-pi-pico/pico/pico-sdk/src/rp2_common/pico_double/double_init_rom.c.obj
                0x0000000020000730                sf_clz_func
 .bss.sf_table  0x0000000020000734      0x100 CMakeFiles/pico-pwm-audio.dir/home/vboxuser/raspberry-pi-pico/pico/pico-sdk/src/rp2_common/pico_float/float_init_rom.c.obj
                0x0000000020000734                sf_table
 .bss.sleep_notifier
                0x0000000020000834        0x4 CMakeFiles/pico-pwm-audio.dir/home/vboxuser/raspberry-pi-pico/pico/pico-sdk/src/common/pico_time/time.c.obj
 .bss.target_hi
                0x0000000020000838       0x10 CMakeFiles/pico-pwm-audio.dir/home/vboxuser/raspberry-pi-pico/pico/pico-sdk/src/rp2_common/hardware_timer/timer.c.obj
 .bss.uart_char_to_line_feed
                0x0000000020000848        0x4 CMakeFiles/pico-pwm-audio.dir/home/vboxuser/raspberry-pi-pico/pico/pico-sdk/src/rp2_common/hardware_uart/uart.c.obj
                0x0000000020000848                uart_char_to_line_feed
 .bss.uart_instance
                0x000000002000084c        0x4 CMakeFiles/pico-pwm-audio.dir/home/vboxuser/raspberry-pi-pico/pico/pico-sdk/src/rp2_common/pico_stdio_uart/stdio_uart.c.obj
 .bss.wav_position
                0x0000000020000850        0x4 CMakeFiles/pico-pwm-audio.dir/pico-pwm-audio.c.obj
                0x0000000020000850                wav_position
 .bss.claimed   0x0000000020000854        0x1 CMakeFiles/pico-pwm-audio.dir/home/vboxuser/raspberry-pi-pico/pico/pico-sdk/src/rp2_common/hardware_timer/timer.c.obj
 .bss.irq_hander_chain_free_slot_head
                0x0000000020000855        0x1 CMakeFiles/pico-pwm-audio.dir/home/vboxuser/raspberry-pi-pico/pico/pico-sdk/src/rp2_common/hardware_irq/irq.c.obj
 .bss.timer_callbacks_pending
                0x0000000020000856        0x1 CMakeFiles/pico-pwm-audio.dir/home/vboxuser/raspberry-pi-pico/pico/pico-sdk/src/rp2_common/hardware_timer/timer.c.obj
 *(COMMON)
                0x0000000020000858                . = ALIGN (0x4)
 *fill*         0x0000000020000857        0x1 
                0x0000000020000858                __bss_end__ = .

.heap           0x0000000020000858      0x800
                0x0000000020000858                __end__ = .
                0x0000000020000858                end = __end__
 *(.heap*)
 .heap          0x0000000020000858      0x800 CMakeFiles/pico-pwm-audio.dir/home/vboxuser/raspberry-pi-pico/pico/pico-sdk/src/rp2_common/pico_standard_link/crt0.S.obj
                0x0000000020001058                __HeapLimit = .

.stack1_dummy   0x0000000020040000        0x0
 *(.stack1*)

.stack_dummy    0x0000000020041000      0x800
 *(.stack*)
 .stack         0x0000000020041000      0x800 CMakeFiles/pico-pwm-audio.dir/home/vboxuser/raspberry-pi-pico/pico/pico-sdk/src/rp2_common/pico_standard_link/crt0.S.obj

.flash_end      0x0000000010005650        0x0
                0x0000000010005650                __flash_binary_end = .
                0x0000000020040000                __StackLimit = (ORIGIN (RAM) + LENGTH (RAM))
                0x0000000020041000                __StackOneTop = (ORIGIN (SCRATCH_X) + LENGTH (SCRATCH_X))
                0x0000000020042000                __StackTop = (ORIGIN (SCRATCH_Y) + LENGTH (SCRATCH_Y))
                0x0000000020041000                __StackOneBottom = (__StackOneTop - SIZEOF (.stack1_dummy))
                0x0000000020041800                __StackBottom = (__StackTop - SIZEOF (.stack_dummy))
                0x0000000020042000                PROVIDE (__stack = __StackTop)
                0x0000000000000001                ASSERT ((__StackLimit >= __HeapLimit), region RAM overflowed)
                0x0000000000000001                ASSERT (((__binary_info_header_end - __logical_binary_start) <= 0x100), Binary info must be in first 256 bytes of the binary)
LOAD CMakeFiles/pico-pwm-audio.dir/pico-pwm-audio.c.obj
LOAD CMakeFiles/pico-pwm-audio.dir/home/vboxuser/raspberry-pi-pico/pico/pico-sdk/src/rp2_common/pico_stdlib/stdlib.c.obj
LOAD CMakeFiles/pico-pwm-audio.dir/home/vboxuser/raspberry-pi-pico/pico/pico-sdk/src/rp2_common/hardware_gpio/gpio.c.obj
LOAD CMakeFiles/pico-pwm-audio.dir/home/vboxuser/raspberry-pi-pico/pico/pico-sdk/src/rp2_common/hardware_claim/claim.c.obj
LOAD CMakeFiles/pico-pwm-audio.dir/home/vboxuser/raspberry-pi-pico/pico/pico-sdk/src/rp2_common/pico_platform/platform.c.obj
LOAD CMakeFiles/pico-pwm-audio.dir/home/vboxuser/raspberry-pi-pico/pico/pico-sdk/src/rp2_common/hardware_sync/sync.c.obj
LOAD CMakeFiles/pico-pwm-audio.dir/home/vboxuser/raspberry-pi-pico/pico/pico-sdk/src/rp2_common/hardware_irq/irq.c.obj
LOAD CMakeFiles/pico-pwm-audio.dir/home/vboxuser/raspberry-pi-pico/pico/pico-sdk/src/rp2_common/hardware_irq/irq_handler_chain.S.obj
LOAD CMakeFiles/pico-pwm-audio.dir/home/vboxuser/raspberry-pi-pico/pico/pico-sdk/src/common/pico_sync/sem.c.obj
LOAD CMakeFiles/pico-pwm-audio.dir/home/vboxuser/raspberry-pi-pico/pico/pico-sdk/src/common/pico_sync/lock_core.c.obj
LOAD CMakeFiles/pico-pwm-audio.dir/home/vboxuser/raspberry-pi-pico/pico/pico-sdk/src/common/pico_time/time.c.obj
LOAD CMakeFiles/pico-pwm-audio.dir/home/vboxuser/raspberry-pi-pico/pico/pico-sdk/src/common/pico_time/timeout_helper.c.obj
LOAD CMakeFiles/pico-pwm-audio.dir/home/vboxuser/raspberry-pi-pico/pico/pico-sdk/src/rp2_common/hardware_timer/timer.c.obj
LOAD CMakeFiles/pico-pwm-audio.dir/home/vboxuser/raspberry-pi-pico/pico/pico-sdk/src/common/pico_util/datetime.c.obj
LOAD CMakeFiles/pico-pwm-audio.dir/home/vboxuser/raspberry-pi-pico/pico/pico-sdk/src/common/pico_util/pheap.c.obj
LOAD CMakeFiles/pico-pwm-audio.dir/home/vboxuser/raspberry-pi-pico/pico/pico-sdk/src/common/pico_util/queue.c.obj
LOAD CMakeFiles/pico-pwm-audio.dir/home/vboxuser/raspberry-pi-pico/pico/pico-sdk/src/common/pico_sync/mutex.c.obj
LOAD CMakeFiles/pico-pwm-audio.dir/home/vboxuser/raspberry-pi-pico/pico/pico-sdk/src/common/pico_sync/critical_section.c.obj
LOAD CMakeFiles/pico-pwm-audio.dir/home/vboxuser/raspberry-pi-pico/pico/pico-sdk/src/rp2_common/hardware_uart/uart.c.obj
LOAD CMakeFiles/pico-pwm-audio.dir/home/vboxuser/raspberry-pi-pico/pico/pico-sdk/src/rp2_common/hardware_divider/divider.S.obj
LOAD CMakeFiles/pico-pwm-audio.dir/home/vboxuser/raspberry-pi-pico/pico/pico-sdk/src/rp2_common/pico_runtime/runtime.c.obj
LOAD CMakeFiles/pico-pwm-audio.dir/home/vboxuser/raspberry-pi-pico/pico/pico-sdk/src/rp2_common/hardware_clocks/clocks.c.obj
LOAD CMakeFiles/pico-pwm-audio.dir/home/vboxuser/raspberry-pi-pico/pico/pico-sdk/src/rp2_common/hardware_pll/pll.c.obj
LOAD CMakeFiles/pico-pwm-audio.dir/home/vboxuser/raspberry-pi-pico/pico/pico-sdk/src/rp2_common/hardware_vreg/vreg.c.obj
LOAD CMakeFiles/pico-pwm-audio.dir/home/vboxuser/raspberry-pi-pico/pico/pico-sdk/src/rp2_common/hardware_watchdog/watchdog.c.obj
LOAD CMakeFiles/pico-pwm-audio.dir/home/vboxuser/raspberry-pi-pico/pico/pico-sdk/src/rp2_common/hardware_xosc/xosc.c.obj
LOAD CMakeFiles/pico-pwm-audio.dir/home/vboxuser/raspberry-pi-pico/pico/pico-sdk/src/rp2_common/pico_printf/printf.c.obj
LOAD CMakeFiles/pico-pwm-audio.dir/home/vboxuser/raspberry-pi-pico/pico/pico-sdk/src/rp2_common/pico_bit_ops/bit_ops_aeabi.S.obj
LOAD CMakeFiles/pico-pwm-audio.dir/home/vboxuser/raspberry-pi-pico/pico/pico-sdk/src/rp2_common/pico_bootrom/bootrom.c.obj
LOAD CMakeFiles/pico-pwm-audio.dir/home/vboxuser/raspberry-pi-pico/pico/pico-sdk/src/rp2_common/pico_divider/divider.S.obj
LOAD CMakeFiles/pico-pwm-audio.dir/home/vboxuser/raspberry-pi-pico/pico/pico-sdk/src/rp2_common/pico_double/double_aeabi.S.obj
LOAD CMakeFiles/pico-pwm-audio.dir/home/vboxuser/raspberry-pi-pico/pico/pico-sdk/src/rp2_common/pico_double/double_init_rom.c.obj
LOAD CMakeFiles/pico-pwm-audio.dir/home/vboxuser/raspberry-pi-pico/pico/pico-sdk/src/rp2_common/pico_double/double_math.c.obj
LOAD CMakeFiles/pico-pwm-audio.dir/home/vboxuser/raspberry-pi-pico/pico/pico-sdk/src/rp2_common/pico_double/double_v1_rom_shim.S.obj
LOAD CMakeFiles/pico-pwm-audio.dir/home/vboxuser/raspberry-pi-pico/pico/pico-sdk/src/rp2_common/pico_int64_ops/pico_int64_ops_aeabi.S.obj
LOAD CMakeFiles/pico-pwm-audio.dir/home/vboxuser/raspberry-pi-pico/pico/pico-sdk/src/rp2_common/pico_float/float_aeabi.S.obj
LOAD CMakeFiles/pico-pwm-audio.dir/home/vboxuser/raspberry-pi-pico/pico/pico-sdk/src/rp2_common/pico_float/float_init_rom.c.obj
LOAD CMakeFiles/pico-pwm-audio.dir/home/vboxuser/raspberry-pi-pico/pico/pico-sdk/src/rp2_common/pico_float/float_math.c.obj
LOAD CMakeFiles/pico-pwm-audio.dir/home/vboxuser/raspberry-pi-pico/pico/pico-sdk/src/rp2_common/pico_float/float_v1_rom_shim.S.obj
LOAD CMakeFiles/pico-pwm-audio.dir/home/vboxuser/raspberry-pi-pico/pico/pico-sdk/src/rp2_common/pico_malloc/pico_malloc.c.obj
LOAD CMakeFiles/pico-pwm-audio.dir/home/vboxuser/raspberry-pi-pico/pico/pico-sdk/src/rp2_common/pico_mem_ops/mem_ops_aeabi.S.obj
LOAD CMakeFiles/pico-pwm-audio.dir/home/vboxuser/raspberry-pi-pico/pico/pico-sdk/src/rp2_common/pico_standard_link/crt0.S.obj
LOAD CMakeFiles/pico-pwm-audio.dir/home/vboxuser/raspberry-pi-pico/pico/pico-sdk/src/rp2_common/pico_standard_link/new_delete.cpp.obj
LOAD CMakeFiles/pico-pwm-audio.dir/home/vboxuser/raspberry-pi-pico/pico/pico-sdk/src/rp2_common/pico_standard_link/binary_info.c.obj
LOAD CMakeFiles/pico-pwm-audio.dir/home/vboxuser/raspberry-pi-pico/pico/pico-sdk/src/rp2_common/pico_stdio/stdio.c.obj
LOAD CMakeFiles/pico-pwm-audio.dir/home/vboxuser/raspberry-pi-pico/pico/pico-sdk/src/rp2_common/pico_stdio_uart/stdio_uart.c.obj
LOAD CMakeFiles/pico-pwm-audio.dir/home/vboxuser/raspberry-pi-pico/pico/pico-sdk/src/rp2_common/hardware_dma/dma.c.obj
LOAD CMakeFiles/pico-pwm-audio.dir/home/vboxuser/raspberry-pi-pico/pico/pico-sdk/src/rp2_common/hardware_pio/pio.c.obj
LOAD /tmp/ccAA5GXY.o
LOAD /usr/lib/gcc/arm-none-eabi/10.3.1/../../../arm-none-eabi/lib/thumb/v6-m/nofp/libstdc++.a
LOAD /usr/lib/gcc/arm-none-eabi/10.3.1/../../../arm-none-eabi/lib/thumb/v6-m/nofp/libm.a
START GROUP
LOAD /usr/lib/gcc/arm-none-eabi/10.3.1/thumb/v6-m/nofp/libgcc.a
LOAD /usr/lib/gcc/arm-none-eabi/10.3.1/../../../arm-none-eabi/lib/thumb/v6-m/nofp/libg.a
LOAD /usr/lib/gcc/arm-none-eabi/10.3.1/../../../arm-none-eabi/lib/thumb/v6-m/nofp/libc.a
END GROUP
START GROUP
LOAD /usr/lib/gcc/arm-none-eabi/10.3.1/thumb/v6-m/nofp/libgcc.a
LOAD /usr/lib/gcc/arm-none-eabi/10.3.1/../../../arm-none-eabi/lib/thumb/v6-m/nofp/libc.a
LOAD /usr/lib/gcc/arm-none-eabi/10.3.1/../../../arm-none-eabi/lib/thumb/v6-m/nofp/libnosys.a
END GROUP
LOAD /usr/lib/gcc/arm-none-eabi/10.3.1/thumb/v6-m/nofp/crtend.o
LOAD /usr/lib/gcc/arm-none-eabi/10.3.1/thumb/v6-m/nofp/crtn.o
OUTPUT(pico-pwm-audio.elf elf32-littlearm)
LOAD linker stubs

.ARM.attributes
                0x0000000000000000       0x28
 .ARM.attributes
                0x0000000000000000       0x1e /usr/lib/gcc/arm-none-eabi/10.3.1/thumb/v6-m/nofp/crti.o
 .ARM.attributes
                0x000000000000001e       0x2c /usr/lib/gcc/arm-none-eabi/10.3.1/thumb/v6-m/nofp/crtbegin.o
 .ARM.attributes
                0x000000000000004a       0x2c CMakeFiles/pico-pwm-audio.dir/pico-pwm-audio.c.obj
 .ARM.attributes
                0x0000000000000076       0x2c CMakeFiles/pico-pwm-audio.dir/home/vboxuser/raspberry-pi-pico/pico/pico-sdk/src/rp2_common/pico_stdlib/stdlib.c.obj
 .ARM.attributes
                0x00000000000000a2       0x2c CMakeFiles/pico-pwm-audio.dir/home/vboxuser/raspberry-pi-pico/pico/pico-sdk/src/rp2_common/hardware_gpio/gpio.c.obj
 .ARM.attributes
                0x00000000000000ce       0x2c CMakeFiles/pico-pwm-audio.dir/home/vboxuser/raspberry-pi-pico/pico/pico-sdk/src/rp2_common/hardware_claim/claim.c.obj
 .ARM.attributes
                0x00000000000000fa       0x2c CMakeFiles/pico-pwm-audio.dir/home/vboxuser/raspberry-pi-pico/pico/pico-sdk/src/rp2_common/pico_platform/platform.c.obj
 .ARM.attributes
                0x0000000000000126       0x2c CMakeFiles/pico-pwm-audio.dir/home/vboxuser/raspberry-pi-pico/pico/pico-sdk/src/rp2_common/hardware_sync/sync.c.obj
 .ARM.attributes
                0x0000000000000152       0x2c CMakeFiles/pico-pwm-audio.dir/home/vboxuser/raspberry-pi-pico/pico/pico-sdk/src/rp2_common/hardware_irq/irq.c.obj
 .ARM.attributes
                0x000000000000017e       0x22 CMakeFiles/pico-pwm-audio.dir/home/vboxuser/raspberry-pi-pico/pico/pico-sdk/src/rp2_common/hardware_irq/irq_handler_chain.S.obj
 .ARM.attributes
                0x00000000000001a0       0x2c CMakeFiles/pico-pwm-audio.dir/home/vboxuser/raspberry-pi-pico/pico/pico-sdk/src/common/pico_sync/lock_core.c.obj
 .ARM.attributes
                0x00000000000001cc       0x2c CMakeFiles/pico-pwm-audio.dir/home/vboxuser/raspberry-pi-pico/pico/pico-sdk/src/common/pico_time/time.c.obj
 .ARM.attributes
                0x00000000000001f8       0x2c CMakeFiles/pico-pwm-audio.dir/home/vboxuser/raspberry-pi-pico/pico/pico-sdk/src/rp2_common/hardware_timer/timer.c.obj
 .ARM.attributes
                0x0000000000000224       0x2c CMakeFiles/pico-pwm-audio.dir/home/vboxuser/raspberry-pi-pico/pico/pico-sdk/src/common/pico_util/pheap.c.obj
 .ARM.attributes
                0x0000000000000250       0x2c CMakeFiles/pico-pwm-audio.dir/home/vboxuser/raspberry-pi-pico/pico/pico-sdk/src/common/pico_sync/mutex.c.obj
 .ARM.attributes
                0x000000000000027c       0x2c CMakeFiles/pico-pwm-audio.dir/home/vboxuser/raspberry-pi-pico/pico/pico-sdk/src/rp2_common/hardware_uart/uart.c.obj
 .ARM.attributes
                0x00000000000002a8       0x2c CMakeFiles/pico-pwm-audio.dir/home/vboxuser/raspberry-pi-pico/pico/pico-sdk/src/rp2_common/pico_runtime/runtime.c.obj
 .ARM.attributes
                0x00000000000002d4       0x2c CMakeFiles/pico-pwm-audio.dir/home/vboxuser/raspberry-pi-pico/pico/pico-sdk/src/rp2_common/hardware_clocks/clocks.c.obj
 .ARM.attributes
                0x0000000000000300       0x2c CMakeFiles/pico-pwm-audio.dir/home/vboxuser/raspberry-pi-pico/pico/pico-sdk/src/rp2_common/hardware_pll/pll.c.obj
 .ARM.attributes
                0x000000000000032c       0x2c CMakeFiles/pico-pwm-audio.dir/home/vboxuser/raspberry-pi-pico/pico/pico-sdk/src/rp2_common/hardware_watchdog/watchdog.c.obj
 .ARM.attributes
                0x0000000000000358       0x2c CMakeFiles/pico-pwm-audio.dir/home/vboxuser/raspberry-pi-pico/pico/pico-sdk/src/rp2_common/hardware_xosc/xosc.c.obj
 .ARM.attributes
                0x0000000000000384       0x2c CMakeFiles/pico-pwm-audio.dir/home/vboxuser/raspberry-pi-pico/pico/pico-sdk/src/rp2_common/pico_printf/printf.c.obj
 .ARM.attributes
                0x00000000000003b0       0x22 CMakeFiles/pico-pwm-audio.dir/home/vboxuser/raspberry-pi-pico/pico/pico-sdk/src/rp2_common/pico_bit_ops/bit_ops_aeabi.S.obj
 .ARM.attributes
                0x00000000000003d2       0x2c CMakeFiles/pico-pwm-audio.dir/home/vboxuser/raspberry-pi-pico/pico/pico-sdk/src/rp2_common/pico_bootrom/bootrom.c.obj
 .ARM.attributes
                0x00000000000003fe       0x22 CMakeFiles/pico-pwm-audio.dir/home/vboxuser/raspberry-pi-pico/pico/pico-sdk/src/rp2_common/pico_divider/divider.S.obj
 .ARM.attributes
                0x0000000000000420       0x22 CMakeFiles/pico-pwm-audio.dir/home/vboxuser/raspberry-pi-pico/pico/pico-sdk/src/rp2_common/pico_double/double_aeabi.S.obj
 .ARM.attributes
                0x0000000000000442       0x2c CMakeFiles/pico-pwm-audio.dir/home/vboxuser/raspberry-pi-pico/pico/pico-sdk/src/rp2_common/pico_double/double_init_rom.c.obj
 .ARM.attributes
                0x000000000000046e       0x22 CMakeFiles/pico-pwm-audio.dir/home/vboxuser/raspberry-pi-pico/pico/pico-sdk/src/rp2_common/pico_double/double_v1_rom_shim.S.obj
 .ARM.attributes
                0x0000000000000490       0x22 CMakeFiles/pico-pwm-audio.dir/home/vboxuser/raspberry-pi-pico/pico/pico-sdk/src/rp2_common/pico_float/float_aeabi.S.obj
 .ARM.attributes
                0x00000000000004b2       0x2c CMakeFiles/pico-pwm-audio.dir/home/vboxuser/raspberry-pi-pico/pico/pico-sdk/src/rp2_common/pico_float/float_init_rom.c.obj
 .ARM.attributes
                0x00000000000004de       0x22 CMakeFiles/pico-pwm-audio.dir/home/vboxuser/raspberry-pi-pico/pico/pico-sdk/src/rp2_common/pico_float/float_v1_rom_shim.S.obj
 .ARM.attributes
                0x0000000000000500       0x22 CMakeFiles/pico-pwm-audio.dir/home/vboxuser/raspberry-pi-pico/pico/pico-sdk/src/rp2_common/pico_mem_ops/mem_ops_aeabi.S.obj
 .ARM.attributes
                0x0000000000000522       0x22 CMakeFiles/pico-pwm-audio.dir/home/vboxuser/raspberry-pi-pico/pico/pico-sdk/src/rp2_common/pico_standard_link/crt0.S.obj
 .ARM.attributes
                0x0000000000000544       0x32 CMakeFiles/pico-pwm-audio.dir/home/vboxuser/raspberry-pi-pico/pico/pico-sdk/src/rp2_common/pico_standard_link/binary_info.c.obj
 .ARM.attributes
                0x0000000000000576       0x2c CMakeFiles/pico-pwm-audio.dir/home/vboxuser/raspberry-pi-pico/pico/pico-sdk/src/rp2_common/pico_stdio/stdio.c.obj
 .ARM.attributes
                0x00000000000005a2       0x2c CMakeFiles/pico-pwm-audio.dir/home/vboxuser/raspberry-pi-pico/pico/pico-sdk/src/rp2_common/pico_stdio_uart/stdio_uart.c.obj
 .ARM.attributes
                0x00000000000005ce       0x22 /tmp/ccAA5GXY.o
 .ARM.attributes
                0x00000000000005f0       0x1e /usr/lib/gcc/arm-none-eabi/10.3.1/thumb/v6-m/nofp/libgcc.a(_dvmd_tls.o)
 .ARM.attributes
                0x000000000000060e       0x2c /usr/lib/gcc/arm-none-eabi/10.3.1/../../../arm-none-eabi/lib/thumb/v6-m/nofp/libg.a(lib_a-strlen-stub.o)
 .ARM.attributes
                0x000000000000063a       0x2c /usr/lib/gcc/arm-none-eabi/10.3.1/thumb/v6-m/nofp/crtend.o

.comment        0x0000000000000000       0x33
 .comment       0x0000000000000000       0x33 /usr/lib/gcc/arm-none-eabi/10.3.1/thumb/v6-m/nofp/crtbegin.o
                                         0x34 (size before relaxing)
 .comment       0x0000000000000033       0x34 CMakeFiles/pico-pwm-audio.dir/pico-pwm-audio.c.obj
 .comment       0x0000000000000033       0x34 CMakeFiles/pico-pwm-audio.dir/home/vboxuser/raspberry-pi-pico/pico/pico-sdk/src/rp2_common/pico_stdlib/stdlib.c.obj
 .comment       0x0000000000000033       0x34 CMakeFiles/pico-pwm-audio.dir/home/vboxuser/raspberry-pi-pico/pico/pico-sdk/src/rp2_common/hardware_gpio/gpio.c.obj
 .comment       0x0000000000000033       0x34 CMakeFiles/pico-pwm-audio.dir/home/vboxuser/raspberry-pi-pico/pico/pico-sdk/src/rp2_common/hardware_claim/claim.c.obj
 .comment       0x0000000000000033       0x34 CMakeFiles/pico-pwm-audio.dir/home/vboxuser/raspberry-pi-pico/pico/pico-sdk/src/rp2_common/pico_platform/platform.c.obj
 .comment       0x0000000000000033       0x34 CMakeFiles/pico-pwm-audio.dir/home/vboxuser/raspberry-pi-pico/pico/pico-sdk/src/rp2_common/hardware_sync/sync.c.obj
 .comment       0x0000000000000033       0x34 CMakeFiles/pico-pwm-audio.dir/home/vboxuser/raspberry-pi-pico/pico/pico-sdk/src/rp2_common/hardware_irq/irq.c.obj
 .comment       0x0000000000000033       0x34 CMakeFiles/pico-pwm-audio.dir/home/vboxuser/raspberry-pi-pico/pico/pico-sdk/src/common/pico_sync/lock_core.c.obj
 .comment       0x0000000000000033       0x34 CMakeFiles/pico-pwm-audio.dir/home/vboxuser/raspberry-pi-pico/pico/pico-sdk/src/common/pico_time/time.c.obj
 .comment       0x0000000000000033       0x34 CMakeFiles/pico-pwm-audio.dir/home/vboxuser/raspberry-pi-pico/pico/pico-sdk/src/rp2_common/hardware_timer/timer.c.obj
 .comment       0x0000000000000033       0x34 CMakeFiles/pico-pwm-audio.dir/home/vboxuser/raspberry-pi-pico/pico/pico-sdk/src/common/pico_util/pheap.c.obj
 .comment       0x0000000000000033       0x34 CMakeFiles/pico-pwm-audio.dir/home/vboxuser/raspberry-pi-pico/pico/pico-sdk/src/common/pico_sync/mutex.c.obj
 .comment       0x0000000000000033       0x34 CMakeFiles/pico-pwm-audio.dir/home/vboxuser/raspberry-pi-pico/pico/pico-sdk/src/rp2_common/hardware_uart/uart.c.obj
 .comment       0x0000000000000033       0x34 CMakeFiles/pico-pwm-audio.dir/home/vboxuser/raspberry-pi-pico/pico/pico-sdk/src/rp2_common/pico_runtime/runtime.c.obj
 .comment       0x0000000000000033       0x34 CMakeFiles/pico-pwm-audio.dir/home/vboxuser/raspberry-pi-pico/pico/pico-sdk/src/rp2_common/hardware_clocks/clocks.c.obj
 .comment       0x0000000000000033       0x34 CMakeFiles/pico-pwm-audio.dir/home/vboxuser/raspberry-pi-pico/pico/pico-sdk/src/rp2_common/hardware_pll/pll.c.obj
 .comment       0x0000000000000033       0x34 CMakeFiles/pico-pwm-audio.dir/home/vboxuser/raspberry-pi-pico/pico/pico-sdk/src/rp2_common/hardware_watchdog/watchdog.c.obj
 .comment       0x0000000000000033       0x34 CMakeFiles/pico-pwm-audio.dir/home/vboxuser/raspberry-pi-pico/pico/pico-sdk/src/rp2_common/hardware_xosc/xosc.c.obj
 .comment       0x0000000000000033       0x34 CMakeFiles/pico-pwm-audio.dir/home/vboxuser/raspberry-pi-pico/pico/pico-sdk/src/rp2_common/pico_printf/printf.c.obj
 .comment       0x0000000000000033       0x34 CMakeFiles/pico-pwm-audio.dir/home/vboxuser/raspberry-pi-pico/pico/pico-sdk/src/rp2_common/pico_bootrom/bootrom.c.obj
 .comment       0x0000000000000033       0x34 CMakeFiles/pico-pwm-audio.dir/home/vboxuser/raspberry-pi-pico/pico/pico-sdk/src/rp2_common/pico_double/double_init_rom.c.obj
 .comment       0x0000000000000033       0x34 CMakeFiles/pico-pwm-audio.dir/home/vboxuser/raspberry-pi-pico/pico/pico-sdk/src/rp2_common/pico_float/float_init_rom.c.obj
 .comment       0x0000000000000033       0x34 CMakeFiles/pico-pwm-audio.dir/home/vboxuser/raspberry-pi-pico/pico/pico-sdk/src/rp2_common/pico_standard_link/binary_info.c.obj
 .comment       0x0000000000000033       0x34 CMakeFiles/pico-pwm-audio.dir/home/vboxuser/raspberry-pi-pico/pico/pico-sdk/src/rp2_common/pico_stdio/stdio.c.obj
 .comment       0x0000000000000033       0x34 CMakeFiles/pico-pwm-audio.dir/home/vboxuser/raspberry-pi-pico/pico/pico-sdk/src/rp2_common/pico_stdio_uart/stdio_uart.c.obj
 .comment       0x0000000000000033       0x34 /usr/lib/gcc/arm-none-eabi/10.3.1/../../../arm-none-eabi/lib/thumb/v6-m/nofp/libg.a(lib_a-strlen-stub.o)
 .comment       0x0000000000000033       0x34 /usr/lib/gcc/arm-none-eabi/10.3.1/thumb/v6-m/nofp/crtend.o

.debug_info     0x0000000000000000    0x14979
 .debug_info    0x0000000000000000      0xd60 CMakeFiles/pico-pwm-audio.dir/pico-pwm-audio.c.obj
 .debug_info    0x0000000000000d60      0x4d6 CMakeFiles/pico-pwm-audio.dir/home/vboxuser/raspberry-pi-pico/pico/pico-sdk/src/rp2_common/pico_stdlib/stdlib.c.obj
 .debug_info    0x0000000000001236     0x16b3 CMakeFiles/pico-pwm-audio.dir/home/vboxuser/raspberry-pi-pico/pico/pico-sdk/src/rp2_common/hardware_gpio/gpio.c.obj
 .debug_info    0x00000000000028e9      0x6a3 CMakeFiles/pico-pwm-audio.dir/home/vboxuser/raspberry-pi-pico/pico/pico-sdk/src/rp2_common/hardware_claim/claim.c.obj
 .debug_info    0x0000000000002f8c      0x1cb CMakeFiles/pico-pwm-audio.dir/home/vboxuser/raspberry-pi-pico/pico/pico-sdk/src/rp2_common/pico_platform/platform.c.obj
 .debug_info    0x0000000000003157      0x576 CMakeFiles/pico-pwm-audio.dir/home/vboxuser/raspberry-pi-pico/pico/pico-sdk/src/rp2_common/hardware_sync/sync.c.obj
 .debug_info    0x00000000000036cd     0x1c01 CMakeFiles/pico-pwm-audio.dir/home/vboxuser/raspberry-pi-pico/pico/pico-sdk/src/rp2_common/hardware_irq/irq.c.obj
 .debug_info    0x00000000000052ce      0x198 CMakeFiles/pico-pwm-audio.dir/home/vboxuser/raspberry-pi-pico/pico/pico-sdk/src/common/pico_sync/lock_core.c.obj
 .debug_info    0x0000000000005466     0x3aff CMakeFiles/pico-pwm-audio.dir/home/vboxuser/raspberry-pi-pico/pico/pico-sdk/src/common/pico_time/time.c.obj
 .debug_info    0x0000000000008f65     0x10f8 CMakeFiles/pico-pwm-audio.dir/home/vboxuser/raspberry-pi-pico/pico/pico-sdk/src/rp2_common/hardware_timer/timer.c.obj
 .debug_info    0x000000000000a05d     0x120c CMakeFiles/pico-pwm-audio.dir/home/vboxuser/raspberry-pi-pico/pico/pico-sdk/src/common/pico_util/pheap.c.obj
 .debug_info    0x000000000000b269     0x1ff2 CMakeFiles/pico-pwm-audio.dir/home/vboxuser/raspberry-pi-pico/pico/pico-sdk/src/common/pico_sync/mutex.c.obj
 .debug_info    0x000000000000d25b      0xb4d CMakeFiles/pico-pwm-audio.dir/home/vboxuser/raspberry-pi-pico/pico/pico-sdk/src/rp2_common/hardware_uart/uart.c.obj
 .debug_info    0x000000000000dda8      0xa87 CMakeFiles/pico-pwm-audio.dir/home/vboxuser/raspberry-pi-pico/pico/pico-sdk/src/rp2_common/pico_runtime/runtime.c.obj
 .debug_info    0x000000000000e82f      0xf33 CMakeFiles/pico-pwm-audio.dir/home/vboxuser/raspberry-pi-pico/pico/pico-sdk/src/rp2_common/hardware_clocks/clocks.c.obj
 .debug_info    0x000000000000f762      0x532 CMakeFiles/pico-pwm-audio.dir/home/vboxuser/raspberry-pi-pico/pico/pico-sdk/src/rp2_common/hardware_pll/pll.c.obj
 .debug_info    0x000000000000fc94      0x4ee CMakeFiles/pico-pwm-audio.dir/home/vboxuser/raspberry-pi-pico/pico/pico-sdk/src/rp2_common/hardware_watchdog/watchdog.c.obj
 .debug_info    0x0000000000010182      0x1c0 CMakeFiles/pico-pwm-audio.dir/home/vboxuser/raspberry-pi-pico/pico/pico-sdk/src/rp2_common/hardware_xosc/xosc.c.obj
 .debug_info    0x0000000000010342     0x1a47 CMakeFiles/pico-pwm-audio.dir/home/vboxuser/raspberry-pi-pico/pico/pico-sdk/src/rp2_common/pico_printf/printf.c.obj
 .debug_info    0x0000000000011d89       0x22 CMakeFiles/pico-pwm-audio.dir/home/vboxuser/raspberry-pi-pico/pico/pico-sdk/src/rp2_common/pico_bit_ops/bit_ops_aeabi.S.obj
 .debug_info    0x0000000000011dab      0x258 CMakeFiles/pico-pwm-audio.dir/home/vboxuser/raspberry-pi-pico/pico/pico-sdk/src/rp2_common/pico_bootrom/bootrom.c.obj
 .debug_info    0x0000000000012003       0x22 CMakeFiles/pico-pwm-audio.dir/home/vboxuser/raspberry-pi-pico/pico/pico-sdk/src/rp2_common/pico_divider/divider.S.obj
 .debug_info    0x0000000000012025       0x22 CMakeFiles/pico-pwm-audio.dir/home/vboxuser/raspberry-pi-pico/pico/pico-sdk/src/rp2_common/pico_double/double_aeabi.S.obj
 .debug_info    0x0000000000012047      0x2a1 CMakeFiles/pico-pwm-audio.dir/home/vboxuser/raspberry-pi-pico/pico/pico-sdk/src/rp2_common/pico_double/double_init_rom.c.obj
 .debug_info    0x00000000000122e8       0x22 CMakeFiles/pico-pwm-audio.dir/home/vboxuser/raspberry-pi-pico/pico/pico-sdk/src/rp2_common/pico_double/double_v1_rom_shim.S.obj
 .debug_info    0x000000000001230a       0x22 CMakeFiles/pico-pwm-audio.dir/home/vboxuser/raspberry-pi-pico/pico/pico-sdk/src/rp2_common/pico_float/float_aeabi.S.obj
 .debug_info    0x000000000001232c      0x2bb CMakeFiles/pico-pwm-audio.dir/home/vboxuser/raspberry-pi-pico/pico/pico-sdk/src/rp2_common/pico_float/float_init_rom.c.obj
 .debug_info    0x00000000000125e7       0x22 CMakeFiles/pico-pwm-audio.dir/home/vboxuser/raspberry-pi-pico/pico/pico-sdk/src/rp2_common/pico_float/float_v1_rom_shim.S.obj
 .debug_info    0x0000000000012609       0x22 CMakeFiles/pico-pwm-audio.dir/home/vboxuser/raspberry-pi-pico/pico/pico-sdk/src/rp2_common/pico_mem_ops/mem_ops_aeabi.S.obj
 .debug_info    0x000000000001262b       0x22 CMakeFiles/pico-pwm-audio.dir/home/vboxuser/raspberry-pi-pico/pico/pico-sdk/src/rp2_common/pico_standard_link/crt0.S.obj
 .debug_info    0x000000000001264d      0x2f7 CMakeFiles/pico-pwm-audio.dir/home/vboxuser/raspberry-pi-pico/pico/pico-sdk/src/rp2_common/pico_standard_link/binary_info.c.obj
 .debug_info    0x0000000000012944     0x12ee CMakeFiles/pico-pwm-audio.dir/home/vboxuser/raspberry-pi-pico/pico/pico-sdk/src/rp2_common/pico_stdio/stdio.c.obj
 .debug_info    0x0000000000013c32      0xc33 CMakeFiles/pico-pwm-audio.dir/home/vboxuser/raspberry-pi-pico/pico/pico-sdk/src/rp2_common/pico_stdio_uart/stdio_uart.c.obj
 .debug_info    0x0000000000014865       0x26 /usr/lib/gcc/arm-none-eabi/10.3.1/thumb/v6-m/nofp/libgcc.a(_dvmd_tls.o)
 .debug_info    0x000000000001488b       0xee /usr/lib/gcc/arm-none-eabi/10.3.1/../../../arm-none-eabi/lib/thumb/v6-m/nofp/libg.a(lib_a-strlen-stub.o)

.debug_abbrev   0x0000000000000000     0x432a
 .debug_abbrev  0x0000000000000000      0x2e7 CMakeFiles/pico-pwm-audio.dir/pico-pwm-audio.c.obj
 .debug_abbrev  0x00000000000002e7      0x194 CMakeFiles/pico-pwm-audio.dir/home/vboxuser/raspberry-pi-pico/pico/pico-sdk/src/rp2_common/pico_stdlib/stdlib.c.obj
 .debug_abbrev  0x000000000000047b      0x326 CMakeFiles/pico-pwm-audio.dir/home/vboxuser/raspberry-pi-pico/pico/pico-sdk/src/rp2_common/hardware_gpio/gpio.c.obj
 .debug_abbrev  0x00000000000007a1      0x2e9 CMakeFiles/pico-pwm-audio.dir/home/vboxuser/raspberry-pi-pico/pico/pico-sdk/src/rp2_common/hardware_claim/claim.c.obj
 .debug_abbrev  0x0000000000000a8a       0xeb CMakeFiles/pico-pwm-audio.dir/home/vboxuser/raspberry-pi-pico/pico/pico-sdk/src/rp2_common/pico_platform/platform.c.obj